BeforeExecute
-- DB2 DB2.LUW DB2LUW

CREATE TABLE MRECEIPT
(
	CUSTKEY    NVarChar(255)     NULL,
	RECEIPT_NO NVarChar(255)     NULL
)

BeforeExecute
-- DB2 DB2.LUW DB2LUW

CREATE TABLE CUST_DTL
(
	BILLGROUP NVarChar(255)     NULL,
	CUSTKEY   NVarChar(255)     NULL
)

BeforeExecute
-- DB2 DB2.LUW DB2LUW

DROP TABLE CUST_DTL

BeforeExecute
-- DB2 DB2.LUW DB2LUW

DROP TABLE MRECEIPT

