BeforeExecute
-- SqlCe

CREATE TABLE [Stone]
(
	[Enabled]      Bit                NULL,
	[Id]           Int            NOT NULL IDENTITY,
	[ImageFullUrl] NVarChar(255)      NULL,
	[Name]         NVarChar(255)  NOT NULL,

	CONSTRAINT [PK_Stone] PRIMARY KEY ([Id])
)

BeforeExecute
-- SqlCe
DECLARE @Enabled Bit -- Boolean
SET     @Enabled = 1
DECLARE @ImageFullUrl NVarChar(3) -- String
SET     @ImageFullUrl = '123'
DECLARE @Name NVarChar(6) -- String
SET     @Name = 'group1'

INSERT INTO [Stone]
(
	[Enabled],
	[ImageFullUrl],
	[Name]
)
VALUES
(
	@Enabled,
	@ImageFullUrl,
	@Name
)

BeforeExecute
-- SqlCe
DECLARE @Enabled Bit -- Boolean
SET     @Enabled = 1
DECLARE @ImageFullUrl NVarChar(3) -- String
SET     @ImageFullUrl = '123'
DECLARE @Name NVarChar(6) -- String
SET     @Name = 'group1'

INSERT INTO [Stone]
(
	[Enabled],
	[ImageFullUrl],
	[Name]
)
VALUES
(
	@Enabled,
	@ImageFullUrl,
	@Name
)

BeforeExecute
-- SqlCe
DECLARE @Enabled Bit -- Boolean
SET     @Enabled = 1
DECLARE @ImageFullUrl NVarChar(3) -- String
SET     @ImageFullUrl = '123'
DECLARE @Name NVarChar(6) -- String
SET     @Name = 'group2'

INSERT INTO [Stone]
(
	[Enabled],
	[ImageFullUrl],
	[Name]
)
VALUES
(
	@Enabled,
	@ImageFullUrl,
	@Name
)

BeforeExecute
-- SqlCe

SELECT
	[s].[Name]
FROM
	[Stone] [s]
WHERE
	([s].[Enabled] = 1 AND [s].[Enabled] IS NOT NULL) AND
	[s].[Name] NOT LIKE 'level - %' AND Len([s].[ImageFullUrl]) > 0
GROUP BY
	[s].[Name]

BeforeExecute
-- SqlCe
DECLARE @Name_1 NVarChar(6) -- String
SET     @Name_1 = 'group1'

SELECT
	[s].[Enabled],
	[s].[Id],
	[s].[ImageFullUrl],
	[s].[Name]
FROM
	[Stone] [s]
WHERE
	([s].[Enabled] = 1 AND [s].[Enabled] IS NOT NULL) AND
	[s].[Name] NOT LIKE 'level - %' AND
	Len([s].[ImageFullUrl]) > 0 AND
	[s].[Name] = @Name_1

BeforeExecute
-- SqlCe
DECLARE @Name_1 NVarChar(6) -- String
SET     @Name_1 = 'group2'

SELECT
	[s].[Enabled],
	[s].[Id],
	[s].[ImageFullUrl],
	[s].[Name]
FROM
	[Stone] [s]
WHERE
	([s].[Enabled] = 1 AND [s].[Enabled] IS NOT NULL) AND
	[s].[Name] NOT LIKE 'level - %' AND
	Len([s].[ImageFullUrl]) > 0 AND
	[s].[Name] = @Name_1

BeforeExecute
-- SqlCe

DROP TABLE [Stone]

