BeforeExecute
-- DB2 DB2.LUW DB2LUW

CREATE TABLE "Animals13"
(
	"AnimalType"    NVarChar(40)  NOT NULL,
	"AnimalType2"   NVarChar(40)  NOT NULL,
	"Id"            Int           NOT NULL,
	"Name"          NVarChar(255)     NULL,
	"Discriminator" NVarChar(40)  NOT NULL,
	"EyeId"         Int               NULL,
	"Second"        NVarChar(40)      NULL,
	"First"         NVarChar(40)      NULL,

	CONSTRAINT "PK_Animals13" PRIMARY KEY ("Id")
)

BeforeExecute
-- DB2 DB2.LUW DB2LUW

CREATE TABLE "Eyes13"
(
	"Id" Int          NOT NULL,
	"Xy" NVarChar(40)     NULL,

	CONSTRAINT "PK_Eyes13" PRIMARY KEY ("Id")
)

BeforeExecute
-- DB2 DB2.LUW DB2LUW

CREATE TABLE "TestAnimalTable"
(
	"Id"           Int NOT NULL,
	"TestAnimalId" Int     NULL
)

BeforeExecute
-- DB2 DB2.LUW DB2LUW
DECLARE @Id Integer(4) -- Int32
SET     @Id = 1
DECLARE @Xy VarChar(5) -- String
SET     @Xy = 'Hallo'

INSERT INTO "Eyes13"
(
	"Id",
	"Xy"
)
VALUES
(
	@Id,
	@Xy
)

BeforeExecute
-- DB2 DB2.LUW DB2LUW
DECLARE @Discriminator VarChar(3) -- String
SET     @Discriminator = 'Dog'
DECLARE @Name VarChar(8) -- String
SET     @Name = 'FirstDog'
DECLARE @Id Integer(4) -- Int32
SET     @Id = 1
DECLARE @AnimalType2 VarChar(3) -- String
SET     @AnimalType2 = 'Big'
DECLARE @AnimalType VarChar(3) -- String
SET     @AnimalType = 'Big'
DECLARE @EyeId Integer(4) -- Int32
SET     @EyeId = 1
DECLARE @DogName_Second VarChar(1) -- String
SET     @DogName_Second = 'b'
DECLARE @DogName_First VarChar(1) -- String
SET     @DogName_First = 'a'

INSERT INTO "Animals13"
(
	"Discriminator",
	"Name",
	"Id",
	"AnimalType2",
	"AnimalType",
	"EyeId",
	"Second",
	"First"
)
VALUES
(
	@Discriminator,
	@Name,
	@Id,
	@AnimalType2,
	@AnimalType,
	@EyeId,
	@DogName_Second,
	@DogName_First
)

BeforeExecute
-- DB2 DB2.LUW DB2LUW
DECLARE @AnimalType VarChar(3) -- String
SET     @AnimalType = 'Big'
DECLARE @AnimalType2 VarChar(3) -- String
SET     @AnimalType2 = 'Big'
DECLARE @Id Integer(4) -- Int32
SET     @Id = 2
DECLARE @Name VarChar(10) -- String
SET     @Name = 'WildAnimal'
DECLARE @Discriminator VarChar(10) -- String
SET     @Discriminator = 'WildAnimal'

INSERT INTO "Animals13"
(
	"AnimalType",
	"AnimalType2",
	"Id",
	"Name",
	"Discriminator"
)
VALUES
(
	@AnimalType,
	@AnimalType2,
	@Id,
	@Name,
	@Discriminator
)

BeforeExecute
-- DB2 DB2.LUW DB2LUW
DECLARE @Id Integer(4) -- Int32
SET     @Id = 1
DECLARE @TestAnimalId Integer -- Int32
SET     @TestAnimalId = NULL

INSERT INTO "TestAnimalTable"
(
	"Id",
	"TestAnimalId"
)
VALUES
(
	@Id,
	@TestAnimalId
)

BeforeExecute
-- DB2 DB2.LUW DB2LUW
DECLARE @Id Integer(4) -- Int32
SET     @Id = 2
DECLARE @TestAnimalId Integer(4) -- Int32
SET     @TestAnimalId = 1

INSERT INTO "TestAnimalTable"
(
	"Id",
	"TestAnimalId"
)
VALUES
(
	@Id,
	@TestAnimalId
)

BeforeExecute
-- DB2 DB2.LUW DB2LUW

SELECT
	"t1"."AnimalType",
	"t1"."AnimalType2",
	"t1"."Id",
	"t1"."Name",
	"t1"."Discriminator",
	"t1"."EyeId",
	"t1"."Second",
	"t1"."First"
FROM
	"Animals13" "t1"

BeforeExecute
-- DB2 DB2.LUW DB2LUW

BEGIN
	DECLARE CONTINUE HANDLER FOR SQLSTATE '42704'
		BEGIN END;
	EXECUTE IMMEDIATE 'DROP TABLE "Animals13"';
END

BeforeExecute
-- DB2 DB2.LUW DB2LUW

BEGIN
	DECLARE CONTINUE HANDLER FOR SQLSTATE '42704'
		BEGIN END;
	EXECUTE IMMEDIATE 'DROP TABLE "Eyes13"';
END

BeforeExecute
-- DB2 DB2.LUW DB2LUW

BEGIN
	DECLARE CONTINUE HANDLER FOR SQLSTATE '42704'
		BEGIN END;
	EXECUTE IMMEDIATE 'DROP TABLE "TestAnimalTable"';
END

