BeforeExecute
-- DB2 DB2.LUW DB2LUW

CREATE TABLE "CreateTableTypes"
(
	"DateTime" timestamp NOT NULL,
	"Id"       Int       NOT NULL
)

BeforeExecute
-- DB2 DB2.LUW DB2LUW
DECLARE @DateTime Timestamp(20) -- DateTime
SET     @DateTime = '2000-01-01-00.00.00.000000'
DECLARE @Id Integer(4) -- Int32
SET     @Id = 1

INSERT INTO "CreateTableTypes"
(
	"DateTime",
	"Id"
)
VALUES
(
	@DateTime,
	@Id
)

BeforeExecute
-- DB2 DB2.LUW DB2LUW
DECLARE @DateTime Timestamp(20) -- DateTime
SET     @DateTime = '2018-11-24-01.02.03.000000'
DECLARE @Id Integer(4) -- Int32
SET     @Id = 2

INSERT INTO "CreateTableTypes"
(
	"DateTime",
	"Id"
)
VALUES
(
	@DateTime,
	@Id
)

BeforeExecute
-- DB2 DB2.LUW DB2LUW

SELECT
	"t1"."DateTime",
	"t1"."Id"
FROM
	"CreateTableTypes" "t1"
ORDER BY
	"t1"."Id"

BeforeExecute
-- DB2 DB2.LUW DB2LUW

DROP TABLE "CreateTableTypes"

