BeforeExecute
-- DB2 DB2.LUW DB2LUW

CREATE TABLE "CreateTableTypes"
(
	"Boolean" smallint NOT NULL,
	"Id"      Int      NOT NULL
)

BeforeExecute
-- DB2 DB2.LUW DB2LUW
DECLARE @Boolean_1 SmallInt(4) -- Int16
SET     @Boolean_1 = 0
DECLARE @Id Integer(4) -- Int32
SET     @Id = 1

INSERT INTO "CreateTableTypes"
(
	"Boolean",
	"Id"
)
VALUES
(
	@Boolean_1,
	@Id
)

BeforeExecute
-- DB2 DB2.LUW DB2LUW
DECLARE @Boolean_1 SmallInt(4) -- Int16
SET     @Boolean_1 = 1
DECLARE @Id Integer(4) -- Int32
SET     @Id = 2

INSERT INTO "CreateTableTypes"
(
	"Boolean",
	"Id"
)
VALUES
(
	@Boolean_1,
	@Id
)

BeforeExecute
-- DB2 DB2.LUW DB2LUW

SELECT
	"t1"."Boolean",
	"t1"."Id"
FROM
	"CreateTableTypes" "t1"
ORDER BY
	"t1"."Id"

BeforeExecute
-- DB2 DB2.LUW DB2LUW

DROP TABLE "CreateTableTypes"

