BeforeExecute
-- Oracle.11.Managed Oracle.Managed Oracle11

CREATE TABLE Animals
(
	Name   VarChar2(100) NOT NULL,
	Color  VarChar2(100) NOT NULL,
	Length Int           NOT NULL,

	CONSTRAINT PK_Animals PRIMARY KEY (Name)
)

BeforeExecute
-- Oracle.11.Managed Oracle.Managed Oracle11

CREATE TABLE AnimalsUpdate
(
	Name      VarChar2(100) NOT NULL,
	Length    Int           NOT NULL,
	Iteration Int           NOT NULL
)

BeforeExecute
-- Oracle.11.Managed Oracle.Managed Oracle11
DECLARE @Name NVarchar2(8) -- String
SET     @Name = 'Elephant'
DECLARE @Length_1 Int32
SET     @Length_1 = 1287672114
DECLARE @Iteration Int32
SET     @Iteration = 0

INSERT INTO AnimalsUpdate
(
	Name,
	Length,
	Iteration
)
VALUES
(
	:Name,
	:Length_1,
	:Iteration
)

BeforeExecute
-- Oracle.11.Managed Oracle.Managed Oracle11
DECLARE @Name NVarchar2(3) -- String
SET     @Name = 'Cat'
DECLARE @Length_1 Int32
SET     @Length_1 = 1219661640
DECLARE @Iteration Int32
SET     @Iteration = 0

INSERT INTO AnimalsUpdate
(
	Name,
	Length,
	Iteration
)
VALUES
(
	:Name,
	:Length_1,
	:Iteration
)

BeforeExecute
-- Oracle.11.Managed Oracle.Managed Oracle11
DECLARE @Name NVarchar2(5) -- String
SET     @Name = 'Snake'
DECLARE @Length_1 Int32
SET     @Length_1 = 1178667496
DECLARE @Iteration Int32
SET     @Iteration = 20

INSERT INTO AnimalsUpdate
(
	Name,
	Length,
	Iteration
)
VALUES
(
	:Name,
	:Length_1,
	:Iteration
)

BeforeExecute
-- Oracle.11.Managed Oracle.Managed Oracle11
DECLARE @Name NVarchar2(6) -- String
SET     @Name = 'Lizard'
DECLARE @Length_1 Int32
SET     @Length_1 = 753453632
DECLARE @Iteration Int32
SET     @Iteration = 20

INSERT INTO AnimalsUpdate
(
	Name,
	Length,
	Iteration
)
VALUES
(
	:Name,
	:Length_1,
	:Iteration
)

BeforeExecute
-- Oracle.11.Managed Oracle.Managed Oracle11
DECLARE @iteration Int32
SET     @iteration = 20
DECLARE @Color NVarchar2(5) -- String
SET     @Color = 'Green'

MERGE INTO Animals Target
USING (
	SELECT
		t1.Name,
		t1.Length as Length_1
	FROM
		AnimalsUpdate t1
	WHERE
		t1.Iteration = :iteration
) Source
ON (Target.Name = Source.Name)

WHEN MATCHED THEN
UPDATE
SET
	Target.Color = :Color,
	Target.Length = Source.Length_1

WHEN NOT MATCHED THEN
INSERT
(
	Name,
	Color,
	Length
)
VALUES
(
	Source.Name,
	:Color,
	Source.Length_1
)

BeforeExecute
-- Oracle.11.Managed Oracle.Managed Oracle11
DECLARE @iteration Int32
SET     @iteration = 0
DECLARE @Color NVarchar2(4) -- String
SET     @Color = 'Grey'

MERGE INTO Animals Target
USING (
	SELECT
		t1.Name,
		t1.Length as Length_1
	FROM
		AnimalsUpdate t1
	WHERE
		t1.Iteration = :iteration
) Source
ON (Target.Name = Source.Name)

WHEN MATCHED THEN
UPDATE
SET
	Target.Color = :Color,
	Target.Length = Source.Length_1

WHEN NOT MATCHED THEN
INSERT
(
	Name,
	Color,
	Length
)
VALUES
(
	Source.Name,
	:Color,
	Source.Length_1
)

BeforeExecute
-- Oracle.11.Managed Oracle.Managed Oracle11

SELECT
	Count(*)
FROM
	Animals animal
WHERE
	animal.Color = 'Green'

BeforeExecute
-- Oracle.11.Managed Oracle.Managed Oracle11
DECLARE @Name NVarchar2(8) -- String
SET     @Name = 'Elephant'
DECLARE @Length_1 Int32
SET     @Length_1 = 2133957609
DECLARE @Iteration Int32
SET     @Iteration = 1

INSERT INTO AnimalsUpdate
(
	Name,
	Length,
	Iteration
)
VALUES
(
	:Name,
	:Length_1,
	:Iteration
)

BeforeExecute
-- Oracle.11.Managed Oracle.Managed Oracle11
DECLARE @Name NVarchar2(3) -- String
SET     @Name = 'Cat'
DECLARE @Length_1 Int32
SET     @Length_1 = 423218022
DECLARE @Iteration Int32
SET     @Iteration = 1

INSERT INTO AnimalsUpdate
(
	Name,
	Length,
	Iteration
)
VALUES
(
	:Name,
	:Length_1,
	:Iteration
)

BeforeExecute
-- Oracle.11.Managed Oracle.Managed Oracle11
DECLARE @Name NVarchar2(5) -- String
SET     @Name = 'Snake'
DECLARE @Length_1 Int32
SET     @Length_1 = 590538791
DECLARE @Iteration Int32
SET     @Iteration = 21

INSERT INTO AnimalsUpdate
(
	Name,
	Length,
	Iteration
)
VALUES
(
	:Name,
	:Length_1,
	:Iteration
)

BeforeExecute
-- Oracle.11.Managed Oracle.Managed Oracle11
DECLARE @Name NVarchar2(6) -- String
SET     @Name = 'Lizard'
DECLARE @Length_1 Int32
SET     @Length_1 = 1457586755
DECLARE @Iteration Int32
SET     @Iteration = 21

INSERT INTO AnimalsUpdate
(
	Name,
	Length,
	Iteration
)
VALUES
(
	:Name,
	:Length_1,
	:Iteration
)

BeforeExecute
-- Oracle.11.Managed Oracle.Managed Oracle11
DECLARE @iteration Int32
SET     @iteration = 1
DECLARE @Color NVarchar2(4) -- String
SET     @Color = 'Grey'

MERGE INTO Animals Target
USING (
	SELECT
		t1.Name,
		t1.Length as Length_1
	FROM
		AnimalsUpdate t1
	WHERE
		t1.Iteration = :iteration
) Source
ON (Target.Name = Source.Name)

WHEN MATCHED THEN
UPDATE
SET
	Target.Color = :Color,
	Target.Length = Source.Length_1

WHEN NOT MATCHED THEN
INSERT
(
	Name,
	Color,
	Length
)
VALUES
(
	Source.Name,
	:Color,
	Source.Length_1
)

BeforeExecute
-- Oracle.11.Managed Oracle.Managed Oracle11
DECLARE @iteration Int32
SET     @iteration = 21
DECLARE @Color NVarchar2(5) -- String
SET     @Color = 'Green'

MERGE INTO Animals Target
USING (
	SELECT
		t1.Name,
		t1.Length as Length_1
	FROM
		AnimalsUpdate t1
	WHERE
		t1.Iteration = :iteration
) Source
ON (Target.Name = Source.Name)

WHEN MATCHED THEN
UPDATE
SET
	Target.Color = :Color,
	Target.Length = Source.Length_1

WHEN NOT MATCHED THEN
INSERT
(
	Name,
	Color,
	Length
)
VALUES
(
	Source.Name,
	:Color,
	Source.Length_1
)

BeforeExecute
-- Oracle.11.Managed Oracle.Managed Oracle11

SELECT
	Count(*)
FROM
	Animals animal
WHERE
	animal.Color = 'Green'

BeforeExecute
-- Oracle.11.Managed Oracle.Managed Oracle11
DECLARE @Name NVarchar2(8) -- String
SET     @Name = 'Elephant'
DECLARE @Length_1 Int32
SET     @Length_1 = 1069532299
DECLARE @Iteration Int32
SET     @Iteration = 2

INSERT INTO AnimalsUpdate
(
	Name,
	Length,
	Iteration
)
VALUES
(
	:Name,
	:Length_1,
	:Iteration
)

BeforeExecute
-- Oracle.11.Managed Oracle.Managed Oracle11
DECLARE @Name NVarchar2(3) -- String
SET     @Name = 'Cat'
DECLARE @Length_1 Int32
SET     @Length_1 = 128348615
DECLARE @Iteration Int32
SET     @Iteration = 2

INSERT INTO AnimalsUpdate
(
	Name,
	Length,
	Iteration
)
VALUES
(
	:Name,
	:Length_1,
	:Iteration
)

BeforeExecute
-- Oracle.11.Managed Oracle.Managed Oracle11
DECLARE @Name NVarchar2(5) -- String
SET     @Name = 'Snake'
DECLARE @Length_1 Int32
SET     @Length_1 = 2057469409
DECLARE @Iteration Int32
SET     @Iteration = 22

INSERT INTO AnimalsUpdate
(
	Name,
	Length,
	Iteration
)
VALUES
(
	:Name,
	:Length_1,
	:Iteration
)

BeforeExecute
-- Oracle.11.Managed Oracle.Managed Oracle11
DECLARE @Name NVarchar2(6) -- String
SET     @Name = 'Lizard'
DECLARE @Length_1 Int32
SET     @Length_1 = 1931653578
DECLARE @Iteration Int32
SET     @Iteration = 22

INSERT INTO AnimalsUpdate
(
	Name,
	Length,
	Iteration
)
VALUES
(
	:Name,
	:Length_1,
	:Iteration
)

BeforeExecute
-- Oracle.11.Managed Oracle.Managed Oracle11
DECLARE @iteration Int32
SET     @iteration = 22
DECLARE @Color NVarchar2(5) -- String
SET     @Color = 'Green'

MERGE INTO Animals Target
USING (
	SELECT
		t1.Name,
		t1.Length as Length_1
	FROM
		AnimalsUpdate t1
	WHERE
		t1.Iteration = :iteration
) Source
ON (Target.Name = Source.Name)

WHEN MATCHED THEN
UPDATE
SET
	Target.Color = :Color,
	Target.Length = Source.Length_1

WHEN NOT MATCHED THEN
INSERT
(
	Name,
	Color,
	Length
)
VALUES
(
	Source.Name,
	:Color,
	Source.Length_1
)

BeforeExecute
-- Oracle.11.Managed Oracle.Managed Oracle11
DECLARE @iteration Int32
SET     @iteration = 2
DECLARE @Color NVarchar2(4) -- String
SET     @Color = 'Grey'

MERGE INTO Animals Target
USING (
	SELECT
		t1.Name,
		t1.Length as Length_1
	FROM
		AnimalsUpdate t1
	WHERE
		t1.Iteration = :iteration
) Source
ON (Target.Name = Source.Name)

WHEN MATCHED THEN
UPDATE
SET
	Target.Color = :Color,
	Target.Length = Source.Length_1

WHEN NOT MATCHED THEN
INSERT
(
	Name,
	Color,
	Length
)
VALUES
(
	Source.Name,
	:Color,
	Source.Length_1
)

BeforeExecute
-- Oracle.11.Managed Oracle.Managed Oracle11

SELECT
	Count(*)
FROM
	Animals animal
WHERE
	animal.Color = 'Green'

BeforeExecute
-- Oracle.11.Managed Oracle.Managed Oracle11
DECLARE @Name NVarchar2(8) -- String
SET     @Name = 'Elephant'
DECLARE @Length_1 Int32
SET     @Length_1 = 1827222026
DECLARE @Iteration Int32
SET     @Iteration = 3

INSERT INTO AnimalsUpdate
(
	Name,
	Length,
	Iteration
)
VALUES
(
	:Name,
	:Length_1,
	:Iteration
)

BeforeExecute
-- Oracle.11.Managed Oracle.Managed Oracle11
DECLARE @Name NVarchar2(3) -- String
SET     @Name = 'Cat'
DECLARE @Length_1 Int32
SET     @Length_1 = 1480934038
DECLARE @Iteration Int32
SET     @Iteration = 3

INSERT INTO AnimalsUpdate
(
	Name,
	Length,
	Iteration
)
VALUES
(
	:Name,
	:Length_1,
	:Iteration
)

BeforeExecute
-- Oracle.11.Managed Oracle.Managed Oracle11
DECLARE @Name NVarchar2(5) -- String
SET     @Name = 'Snake'
DECLARE @Length_1 Int32
SET     @Length_1 = 1017788866
DECLARE @Iteration Int32
SET     @Iteration = 23

INSERT INTO AnimalsUpdate
(
	Name,
	Length,
	Iteration
)
VALUES
(
	:Name,
	:Length_1,
	:Iteration
)

BeforeExecute
-- Oracle.11.Managed Oracle.Managed Oracle11
DECLARE @Name NVarchar2(6) -- String
SET     @Name = 'Lizard'
DECLARE @Length_1 Int32
SET     @Length_1 = 29535904
DECLARE @Iteration Int32
SET     @Iteration = 23

INSERT INTO AnimalsUpdate
(
	Name,
	Length,
	Iteration
)
VALUES
(
	:Name,
	:Length_1,
	:Iteration
)

BeforeExecute
-- Oracle.11.Managed Oracle.Managed Oracle11
DECLARE @iteration Int32
SET     @iteration = 23
DECLARE @Color NVarchar2(5) -- String
SET     @Color = 'Green'

MERGE INTO Animals Target
USING (
	SELECT
		t1.Name,
		t1.Length as Length_1
	FROM
		AnimalsUpdate t1
	WHERE
		t1.Iteration = :iteration
) Source
ON (Target.Name = Source.Name)

WHEN MATCHED THEN
UPDATE
SET
	Target.Color = :Color,
	Target.Length = Source.Length_1

WHEN NOT MATCHED THEN
INSERT
(
	Name,
	Color,
	Length
)
VALUES
(
	Source.Name,
	:Color,
	Source.Length_1
)

BeforeExecute
-- Oracle.11.Managed Oracle.Managed Oracle11
DECLARE @iteration Int32
SET     @iteration = 3
DECLARE @Color NVarchar2(4) -- String
SET     @Color = 'Grey'

MERGE INTO Animals Target
USING (
	SELECT
		t1.Name,
		t1.Length as Length_1
	FROM
		AnimalsUpdate t1
	WHERE
		t1.Iteration = :iteration
) Source
ON (Target.Name = Source.Name)

WHEN MATCHED THEN
UPDATE
SET
	Target.Color = :Color,
	Target.Length = Source.Length_1

WHEN NOT MATCHED THEN
INSERT
(
	Name,
	Color,
	Length
)
VALUES
(
	Source.Name,
	:Color,
	Source.Length_1
)

BeforeExecute
-- Oracle.11.Managed Oracle.Managed Oracle11

SELECT
	Count(*)
FROM
	Animals animal
WHERE
	animal.Color = 'Green'

BeforeExecute
-- Oracle.11.Managed Oracle.Managed Oracle11
DECLARE @Name NVarchar2(8) -- String
SET     @Name = 'Elephant'
DECLARE @Length_1 Int32
SET     @Length_1 = 1149125682
DECLARE @Iteration Int32
SET     @Iteration = 4

INSERT INTO AnimalsUpdate
(
	Name,
	Length,
	Iteration
)
VALUES
(
	:Name,
	:Length_1,
	:Iteration
)

BeforeExecute
-- Oracle.11.Managed Oracle.Managed Oracle11
DECLARE @Name NVarchar2(3) -- String
SET     @Name = 'Cat'
DECLARE @Length_1 Int32
SET     @Length_1 = 25599771
DECLARE @Iteration Int32
SET     @Iteration = 4

INSERT INTO AnimalsUpdate
(
	Name,
	Length,
	Iteration
)
VALUES
(
	:Name,
	:Length_1,
	:Iteration
)

BeforeExecute
-- Oracle.11.Managed Oracle.Managed Oracle11
DECLARE @Name NVarchar2(5) -- String
SET     @Name = 'Snake'
DECLARE @Length_1 Int32
SET     @Length_1 = 811471167
DECLARE @Iteration Int32
SET     @Iteration = 24

INSERT INTO AnimalsUpdate
(
	Name,
	Length,
	Iteration
)
VALUES
(
	:Name,
	:Length_1,
	:Iteration
)

BeforeExecute
-- Oracle.11.Managed Oracle.Managed Oracle11
DECLARE @Name NVarchar2(6) -- String
SET     @Name = 'Lizard'
DECLARE @Length_1 Int32
SET     @Length_1 = 88211970
DECLARE @Iteration Int32
SET     @Iteration = 24

INSERT INTO AnimalsUpdate
(
	Name,
	Length,
	Iteration
)
VALUES
(
	:Name,
	:Length_1,
	:Iteration
)

BeforeExecute
-- Oracle.11.Managed Oracle.Managed Oracle11
DECLARE @iteration Int32
SET     @iteration = 24
DECLARE @Color NVarchar2(5) -- String
SET     @Color = 'Green'

MERGE INTO Animals Target
USING (
	SELECT
		t1.Name,
		t1.Length as Length_1
	FROM
		AnimalsUpdate t1
	WHERE
		t1.Iteration = :iteration
) Source
ON (Target.Name = Source.Name)

WHEN MATCHED THEN
UPDATE
SET
	Target.Color = :Color,
	Target.Length = Source.Length_1

WHEN NOT MATCHED THEN
INSERT
(
	Name,
	Color,
	Length
)
VALUES
(
	Source.Name,
	:Color,
	Source.Length_1
)

BeforeExecute
-- Oracle.11.Managed Oracle.Managed Oracle11
DECLARE @iteration Int32
SET     @iteration = 4
DECLARE @Color NVarchar2(4) -- String
SET     @Color = 'Grey'

MERGE INTO Animals Target
USING (
	SELECT
		t1.Name,
		t1.Length as Length_1
	FROM
		AnimalsUpdate t1
	WHERE
		t1.Iteration = :iteration
) Source
ON (Target.Name = Source.Name)

WHEN MATCHED THEN
UPDATE
SET
	Target.Color = :Color,
	Target.Length = Source.Length_1

WHEN NOT MATCHED THEN
INSERT
(
	Name,
	Color,
	Length
)
VALUES
(
	Source.Name,
	:Color,
	Source.Length_1
)

BeforeExecute
-- Oracle.11.Managed Oracle.Managed Oracle11

SELECT
	Count(*)
FROM
	Animals animal
WHERE
	animal.Color = 'Green'

BeforeExecute
-- Oracle.11.Managed Oracle.Managed Oracle11
DECLARE @Name NVarchar2(8) -- String
SET     @Name = 'Elephant'
DECLARE @Length_1 Int32
SET     @Length_1 = 1690054387
DECLARE @Iteration Int32
SET     @Iteration = 5

INSERT INTO AnimalsUpdate
(
	Name,
	Length,
	Iteration
)
VALUES
(
	:Name,
	:Length_1,
	:Iteration
)

BeforeExecute
-- Oracle.11.Managed Oracle.Managed Oracle11
DECLARE @Name NVarchar2(3) -- String
SET     @Name = 'Cat'
DECLARE @Length_1 Int32
SET     @Length_1 = 921736792
DECLARE @Iteration Int32
SET     @Iteration = 5

INSERT INTO AnimalsUpdate
(
	Name,
	Length,
	Iteration
)
VALUES
(
	:Name,
	:Length_1,
	:Iteration
)

BeforeExecute
-- Oracle.11.Managed Oracle.Managed Oracle11
DECLARE @Name NVarchar2(5) -- String
SET     @Name = 'Snake'
DECLARE @Length_1 Int32
SET     @Length_1 = 1707846041
DECLARE @Iteration Int32
SET     @Iteration = 25

INSERT INTO AnimalsUpdate
(
	Name,
	Length,
	Iteration
)
VALUES
(
	:Name,
	:Length_1,
	:Iteration
)

BeforeExecute
-- Oracle.11.Managed Oracle.Managed Oracle11
DECLARE @Name NVarchar2(6) -- String
SET     @Name = 'Lizard'
DECLARE @Length_1 Int32
SET     @Length_1 = 291799198
DECLARE @Iteration Int32
SET     @Iteration = 25

INSERT INTO AnimalsUpdate
(
	Name,
	Length,
	Iteration
)
VALUES
(
	:Name,
	:Length_1,
	:Iteration
)

BeforeExecute
-- Oracle.11.Managed Oracle.Managed Oracle11
DECLARE @iteration Int32
SET     @iteration = 25
DECLARE @Color NVarchar2(5) -- String
SET     @Color = 'Green'

MERGE INTO Animals Target
USING (
	SELECT
		t1.Name,
		t1.Length as Length_1
	FROM
		AnimalsUpdate t1
	WHERE
		t1.Iteration = :iteration
) Source
ON (Target.Name = Source.Name)

WHEN MATCHED THEN
UPDATE
SET
	Target.Color = :Color,
	Target.Length = Source.Length_1

WHEN NOT MATCHED THEN
INSERT
(
	Name,
	Color,
	Length
)
VALUES
(
	Source.Name,
	:Color,
	Source.Length_1
)

BeforeExecute
-- Oracle.11.Managed Oracle.Managed Oracle11
DECLARE @iteration Int32
SET     @iteration = 5
DECLARE @Color NVarchar2(4) -- String
SET     @Color = 'Grey'

MERGE INTO Animals Target
USING (
	SELECT
		t1.Name,
		t1.Length as Length_1
	FROM
		AnimalsUpdate t1
	WHERE
		t1.Iteration = :iteration
) Source
ON (Target.Name = Source.Name)

WHEN MATCHED THEN
UPDATE
SET
	Target.Color = :Color,
	Target.Length = Source.Length_1

WHEN NOT MATCHED THEN
INSERT
(
	Name,
	Color,
	Length
)
VALUES
(
	Source.Name,
	:Color,
	Source.Length_1
)

BeforeExecute
-- Oracle.11.Managed Oracle.Managed Oracle11

SELECT
	Count(*)
FROM
	Animals animal
WHERE
	animal.Color = 'Green'

BeforeExecute
-- Oracle.11.Managed Oracle.Managed Oracle11
DECLARE @Name NVarchar2(8) -- String
SET     @Name = 'Elephant'
DECLARE @Length_1 Int32
SET     @Length_1 = 1808997350
DECLARE @Iteration Int32
SET     @Iteration = 6

INSERT INTO AnimalsUpdate
(
	Name,
	Length,
	Iteration
)
VALUES
(
	:Name,
	:Length_1,
	:Iteration
)

BeforeExecute
-- Oracle.11.Managed Oracle.Managed Oracle11
DECLARE @Name NVarchar2(3) -- String
SET     @Name = 'Cat'
DECLARE @Length_1 Int32
SET     @Length_1 = 1836286904
DECLARE @Iteration Int32
SET     @Iteration = 6

INSERT INTO AnimalsUpdate
(
	Name,
	Length,
	Iteration
)
VALUES
(
	:Name,
	:Length_1,
	:Iteration
)

BeforeExecute
-- Oracle.11.Managed Oracle.Managed Oracle11
DECLARE @Name NVarchar2(5) -- String
SET     @Name = 'Snake'
DECLARE @Length_1 Int32
SET     @Length_1 = 1150135021
DECLARE @Iteration Int32
SET     @Iteration = 26

INSERT INTO AnimalsUpdate
(
	Name,
	Length,
	Iteration
)
VALUES
(
	:Name,
	:Length_1,
	:Iteration
)

BeforeExecute
-- Oracle.11.Managed Oracle.Managed Oracle11
DECLARE @Name NVarchar2(6) -- String
SET     @Name = 'Lizard'
DECLARE @Length_1 Int32
SET     @Length_1 = 332303954
DECLARE @Iteration Int32
SET     @Iteration = 26

INSERT INTO AnimalsUpdate
(
	Name,
	Length,
	Iteration
)
VALUES
(
	:Name,
	:Length_1,
	:Iteration
)

BeforeExecute
-- Oracle.11.Managed Oracle.Managed Oracle11
DECLARE @iteration Int32
SET     @iteration = 6
DECLARE @Color NVarchar2(4) -- String
SET     @Color = 'Grey'

MERGE INTO Animals Target
USING (
	SELECT
		t1.Name,
		t1.Length as Length_1
	FROM
		AnimalsUpdate t1
	WHERE
		t1.Iteration = :iteration
) Source
ON (Target.Name = Source.Name)

WHEN MATCHED THEN
UPDATE
SET
	Target.Color = :Color,
	Target.Length = Source.Length_1

WHEN NOT MATCHED THEN
INSERT
(
	Name,
	Color,
	Length
)
VALUES
(
	Source.Name,
	:Color,
	Source.Length_1
)

BeforeExecute
-- Oracle.11.Managed Oracle.Managed Oracle11
DECLARE @iteration Int32
SET     @iteration = 26
DECLARE @Color NVarchar2(5) -- String
SET     @Color = 'Green'

MERGE INTO Animals Target
USING (
	SELECT
		t1.Name,
		t1.Length as Length_1
	FROM
		AnimalsUpdate t1
	WHERE
		t1.Iteration = :iteration
) Source
ON (Target.Name = Source.Name)

WHEN MATCHED THEN
UPDATE
SET
	Target.Color = :Color,
	Target.Length = Source.Length_1

WHEN NOT MATCHED THEN
INSERT
(
	Name,
	Color,
	Length
)
VALUES
(
	Source.Name,
	:Color,
	Source.Length_1
)

BeforeExecute
-- Oracle.11.Managed Oracle.Managed Oracle11

SELECT
	Count(*)
FROM
	Animals animal
WHERE
	animal.Color = 'Green'

BeforeExecute
-- Oracle.11.Managed Oracle.Managed Oracle11
DECLARE @Name NVarchar2(8) -- String
SET     @Name = 'Elephant'
DECLARE @Length_1 Int32
SET     @Length_1 = 1440796241
DECLARE @Iteration Int32
SET     @Iteration = 7

INSERT INTO AnimalsUpdate
(
	Name,
	Length,
	Iteration
)
VALUES
(
	:Name,
	:Length_1,
	:Iteration
)

BeforeExecute
-- Oracle.11.Managed Oracle.Managed Oracle11
DECLARE @Name NVarchar2(3) -- String
SET     @Name = 'Cat'
DECLARE @Length_1 Int32
SET     @Length_1 = 267229576
DECLARE @Iteration Int32
SET     @Iteration = 7

INSERT INTO AnimalsUpdate
(
	Name,
	Length,
	Iteration
)
VALUES
(
	:Name,
	:Length_1,
	:Iteration
)

BeforeExecute
-- Oracle.11.Managed Oracle.Managed Oracle11
DECLARE @Name NVarchar2(5) -- String
SET     @Name = 'Snake'
DECLARE @Length_1 Int32
SET     @Length_1 = 1285701981
DECLARE @Iteration Int32
SET     @Iteration = 27

INSERT INTO AnimalsUpdate
(
	Name,
	Length,
	Iteration
)
VALUES
(
	:Name,
	:Length_1,
	:Iteration
)

BeforeExecute
-- Oracle.11.Managed Oracle.Managed Oracle11
DECLARE @Name NVarchar2(6) -- String
SET     @Name = 'Lizard'
DECLARE @Length_1 Int32
SET     @Length_1 = 611402090
DECLARE @Iteration Int32
SET     @Iteration = 27

INSERT INTO AnimalsUpdate
(
	Name,
	Length,
	Iteration
)
VALUES
(
	:Name,
	:Length_1,
	:Iteration
)

BeforeExecute
-- Oracle.11.Managed Oracle.Managed Oracle11
DECLARE @iteration Int32
SET     @iteration = 27
DECLARE @Color NVarchar2(5) -- String
SET     @Color = 'Green'

MERGE INTO Animals Target
USING (
	SELECT
		t1.Name,
		t1.Length as Length_1
	FROM
		AnimalsUpdate t1
	WHERE
		t1.Iteration = :iteration
) Source
ON (Target.Name = Source.Name)

WHEN MATCHED THEN
UPDATE
SET
	Target.Color = :Color,
	Target.Length = Source.Length_1

WHEN NOT MATCHED THEN
INSERT
(
	Name,
	Color,
	Length
)
VALUES
(
	Source.Name,
	:Color,
	Source.Length_1
)

BeforeExecute
-- Oracle.11.Managed Oracle.Managed Oracle11
DECLARE @iteration Int32
SET     @iteration = 7
DECLARE @Color NVarchar2(4) -- String
SET     @Color = 'Grey'

MERGE INTO Animals Target
USING (
	SELECT
		t1.Name,
		t1.Length as Length_1
	FROM
		AnimalsUpdate t1
	WHERE
		t1.Iteration = :iteration
) Source
ON (Target.Name = Source.Name)

WHEN MATCHED THEN
UPDATE
SET
	Target.Color = :Color,
	Target.Length = Source.Length_1

WHEN NOT MATCHED THEN
INSERT
(
	Name,
	Color,
	Length
)
VALUES
(
	Source.Name,
	:Color,
	Source.Length_1
)

BeforeExecute
-- Oracle.11.Managed Oracle.Managed Oracle11

SELECT
	Count(*)
FROM
	Animals animal
WHERE
	animal.Color = 'Green'

BeforeExecute
-- Oracle.11.Managed Oracle.Managed Oracle11
DECLARE @Name NVarchar2(8) -- String
SET     @Name = 'Elephant'
DECLARE @Length_1 Int32
SET     @Length_1 = 946265642
DECLARE @Iteration Int32
SET     @Iteration = 8

INSERT INTO AnimalsUpdate
(
	Name,
	Length,
	Iteration
)
VALUES
(
	:Name,
	:Length_1,
	:Iteration
)

BeforeExecute
-- Oracle.11.Managed Oracle.Managed Oracle11
DECLARE @Name NVarchar2(3) -- String
SET     @Name = 'Cat'
DECLARE @Length_1 Int32
SET     @Length_1 = 1994356534
DECLARE @Iteration Int32
SET     @Iteration = 8

INSERT INTO AnimalsUpdate
(
	Name,
	Length,
	Iteration
)
VALUES
(
	:Name,
	:Length_1,
	:Iteration
)

BeforeExecute
-- Oracle.11.Managed Oracle.Managed Oracle11
DECLARE @Name NVarchar2(5) -- String
SET     @Name = 'Snake'
DECLARE @Length_1 Int32
SET     @Length_1 = 1594726812
DECLARE @Iteration Int32
SET     @Iteration = 28

INSERT INTO AnimalsUpdate
(
	Name,
	Length,
	Iteration
)
VALUES
(
	:Name,
	:Length_1,
	:Iteration
)

BeforeExecute
-- Oracle.11.Managed Oracle.Managed Oracle11
DECLARE @Name NVarchar2(6) -- String
SET     @Name = 'Lizard'
DECLARE @Length_1 Int32
SET     @Length_1 = 1964143711
DECLARE @Iteration Int32
SET     @Iteration = 28

INSERT INTO AnimalsUpdate
(
	Name,
	Length,
	Iteration
)
VALUES
(
	:Name,
	:Length_1,
	:Iteration
)

BeforeExecute
-- Oracle.11.Managed Oracle.Managed Oracle11
DECLARE @iteration Int32
SET     @iteration = 8
DECLARE @Color NVarchar2(4) -- String
SET     @Color = 'Grey'

MERGE INTO Animals Target
USING (
	SELECT
		t1.Name,
		t1.Length as Length_1
	FROM
		AnimalsUpdate t1
	WHERE
		t1.Iteration = :iteration
) Source
ON (Target.Name = Source.Name)

WHEN MATCHED THEN
UPDATE
SET
	Target.Color = :Color,
	Target.Length = Source.Length_1

WHEN NOT MATCHED THEN
INSERT
(
	Name,
	Color,
	Length
)
VALUES
(
	Source.Name,
	:Color,
	Source.Length_1
)

BeforeExecute
-- Oracle.11.Managed Oracle.Managed Oracle11
DECLARE @iteration Int32
SET     @iteration = 28
DECLARE @Color NVarchar2(5) -- String
SET     @Color = 'Green'

MERGE INTO Animals Target
USING (
	SELECT
		t1.Name,
		t1.Length as Length_1
	FROM
		AnimalsUpdate t1
	WHERE
		t1.Iteration = :iteration
) Source
ON (Target.Name = Source.Name)

WHEN MATCHED THEN
UPDATE
SET
	Target.Color = :Color,
	Target.Length = Source.Length_1

WHEN NOT MATCHED THEN
INSERT
(
	Name,
	Color,
	Length
)
VALUES
(
	Source.Name,
	:Color,
	Source.Length_1
)

BeforeExecute
-- Oracle.11.Managed Oracle.Managed Oracle11

SELECT
	Count(*)
FROM
	Animals animal
WHERE
	animal.Color = 'Green'

BeforeExecute
-- Oracle.11.Managed Oracle.Managed Oracle11
DECLARE @Name NVarchar2(8) -- String
SET     @Name = 'Elephant'
DECLARE @Length_1 Int32
SET     @Length_1 = 415949512
DECLARE @Iteration Int32
SET     @Iteration = 9

INSERT INTO AnimalsUpdate
(
	Name,
	Length,
	Iteration
)
VALUES
(
	:Name,
	:Length_1,
	:Iteration
)

BeforeExecute
-- Oracle.11.Managed Oracle.Managed Oracle11
DECLARE @Name NVarchar2(3) -- String
SET     @Name = 'Cat'
DECLARE @Length_1 Int32
SET     @Length_1 = 206612706
DECLARE @Iteration Int32
SET     @Iteration = 9

INSERT INTO AnimalsUpdate
(
	Name,
	Length,
	Iteration
)
VALUES
(
	:Name,
	:Length_1,
	:Iteration
)

BeforeExecute
-- Oracle.11.Managed Oracle.Managed Oracle11
DECLARE @Name NVarchar2(5) -- String
SET     @Name = 'Snake'
DECLARE @Length_1 Int32
SET     @Length_1 = 435142447
DECLARE @Iteration Int32
SET     @Iteration = 29

INSERT INTO AnimalsUpdate
(
	Name,
	Length,
	Iteration
)
VALUES
(
	:Name,
	:Length_1,
	:Iteration
)

BeforeExecute
-- Oracle.11.Managed Oracle.Managed Oracle11
DECLARE @Name NVarchar2(6) -- String
SET     @Name = 'Lizard'
DECLARE @Length_1 Int32
SET     @Length_1 = 38617507
DECLARE @Iteration Int32
SET     @Iteration = 29

INSERT INTO AnimalsUpdate
(
	Name,
	Length,
	Iteration
)
VALUES
(
	:Name,
	:Length_1,
	:Iteration
)

BeforeExecute
-- Oracle.11.Managed Oracle.Managed Oracle11
DECLARE @iteration Int32
SET     @iteration = 9
DECLARE @Color NVarchar2(4) -- String
SET     @Color = 'Grey'

MERGE INTO Animals Target
USING (
	SELECT
		t1.Name,
		t1.Length as Length_1
	FROM
		AnimalsUpdate t1
	WHERE
		t1.Iteration = :iteration
) Source
ON (Target.Name = Source.Name)

WHEN MATCHED THEN
UPDATE
SET
	Target.Color = :Color,
	Target.Length = Source.Length_1

WHEN NOT MATCHED THEN
INSERT
(
	Name,
	Color,
	Length
)
VALUES
(
	Source.Name,
	:Color,
	Source.Length_1
)

BeforeExecute
-- Oracle.11.Managed Oracle.Managed Oracle11
DECLARE @iteration Int32
SET     @iteration = 29
DECLARE @Color NVarchar2(5) -- String
SET     @Color = 'Green'

MERGE INTO Animals Target
USING (
	SELECT
		t1.Name,
		t1.Length as Length_1
	FROM
		AnimalsUpdate t1
	WHERE
		t1.Iteration = :iteration
) Source
ON (Target.Name = Source.Name)

WHEN MATCHED THEN
UPDATE
SET
	Target.Color = :Color,
	Target.Length = Source.Length_1

WHEN NOT MATCHED THEN
INSERT
(
	Name,
	Color,
	Length
)
VALUES
(
	Source.Name,
	:Color,
	Source.Length_1
)

BeforeExecute
-- Oracle.11.Managed Oracle.Managed Oracle11

SELECT
	Count(*)
FROM
	Animals animal
WHERE
	animal.Color = 'Green'

BeforeExecute
-- Oracle.11.Managed Oracle.Managed Oracle11
DECLARE @Name NVarchar2(8) -- String
SET     @Name = 'Elephant'
DECLARE @Length_1 Int32
SET     @Length_1 = 2023363852
DECLARE @Iteration Int32
SET     @Iteration = 10

INSERT INTO AnimalsUpdate
(
	Name,
	Length,
	Iteration
)
VALUES
(
	:Name,
	:Length_1,
	:Iteration
)

BeforeExecute
-- Oracle.11.Managed Oracle.Managed Oracle11
DECLARE @Name NVarchar2(3) -- String
SET     @Name = 'Cat'
DECLARE @Length_1 Int32
SET     @Length_1 = 550326676
DECLARE @Iteration Int32
SET     @Iteration = 10

INSERT INTO AnimalsUpdate
(
	Name,
	Length,
	Iteration
)
VALUES
(
	:Name,
	:Length_1,
	:Iteration
)

BeforeExecute
-- Oracle.11.Managed Oracle.Managed Oracle11
DECLARE @Name NVarchar2(5) -- String
SET     @Name = 'Snake'
DECLARE @Length_1 Int32
SET     @Length_1 = 1527315653
DECLARE @Iteration Int32
SET     @Iteration = 30

INSERT INTO AnimalsUpdate
(
	Name,
	Length,
	Iteration
)
VALUES
(
	:Name,
	:Length_1,
	:Iteration
)

BeforeExecute
-- Oracle.11.Managed Oracle.Managed Oracle11
DECLARE @Name NVarchar2(6) -- String
SET     @Name = 'Lizard'
DECLARE @Length_1 Int32
SET     @Length_1 = 1093095849
DECLARE @Iteration Int32
SET     @Iteration = 30

INSERT INTO AnimalsUpdate
(
	Name,
	Length,
	Iteration
)
VALUES
(
	:Name,
	:Length_1,
	:Iteration
)

BeforeExecute
-- Oracle.11.Managed Oracle.Managed Oracle11
DECLARE @iteration Int32
SET     @iteration = 10
DECLARE @Color NVarchar2(4) -- String
SET     @Color = 'Grey'

MERGE INTO Animals Target
USING (
	SELECT
		t1.Name,
		t1.Length as Length_1
	FROM
		AnimalsUpdate t1
	WHERE
		t1.Iteration = :iteration
) Source
ON (Target.Name = Source.Name)

WHEN MATCHED THEN
UPDATE
SET
	Target.Color = :Color,
	Target.Length = Source.Length_1

WHEN NOT MATCHED THEN
INSERT
(
	Name,
	Color,
	Length
)
VALUES
(
	Source.Name,
	:Color,
	Source.Length_1
)

BeforeExecute
-- Oracle.11.Managed Oracle.Managed Oracle11
DECLARE @iteration Int32
SET     @iteration = 30
DECLARE @Color NVarchar2(5) -- String
SET     @Color = 'Green'

MERGE INTO Animals Target
USING (
	SELECT
		t1.Name,
		t1.Length as Length_1
	FROM
		AnimalsUpdate t1
	WHERE
		t1.Iteration = :iteration
) Source
ON (Target.Name = Source.Name)

WHEN MATCHED THEN
UPDATE
SET
	Target.Color = :Color,
	Target.Length = Source.Length_1

WHEN NOT MATCHED THEN
INSERT
(
	Name,
	Color,
	Length
)
VALUES
(
	Source.Name,
	:Color,
	Source.Length_1
)

BeforeExecute
-- Oracle.11.Managed Oracle.Managed Oracle11

SELECT
	Count(*)
FROM
	Animals animal
WHERE
	animal.Color = 'Green'

BeforeExecute
-- Oracle.11.Managed Oracle.Managed Oracle11
DECLARE @Name NVarchar2(8) -- String
SET     @Name = 'Elephant'
DECLARE @Length_1 Int32
SET     @Length_1 = 1506334079
DECLARE @Iteration Int32
SET     @Iteration = 11

INSERT INTO AnimalsUpdate
(
	Name,
	Length,
	Iteration
)
VALUES
(
	:Name,
	:Length_1,
	:Iteration
)

BeforeExecute
-- Oracle.11.Managed Oracle.Managed Oracle11
DECLARE @Name NVarchar2(3) -- String
SET     @Name = 'Cat'
DECLARE @Length_1 Int32
SET     @Length_1 = 60539913
DECLARE @Iteration Int32
SET     @Iteration = 11

INSERT INTO AnimalsUpdate
(
	Name,
	Length,
	Iteration
)
VALUES
(
	:Name,
	:Length_1,
	:Iteration
)

BeforeExecute
-- Oracle.11.Managed Oracle.Managed Oracle11
DECLARE @Name NVarchar2(5) -- String
SET     @Name = 'Snake'
DECLARE @Length_1 Int32
SET     @Length_1 = 141772984
DECLARE @Iteration Int32
SET     @Iteration = 31

INSERT INTO AnimalsUpdate
(
	Name,
	Length,
	Iteration
)
VALUES
(
	:Name,
	:Length_1,
	:Iteration
)

BeforeExecute
-- Oracle.11.Managed Oracle.Managed Oracle11
DECLARE @Name NVarchar2(6) -- String
SET     @Name = 'Lizard'
DECLARE @Length_1 Int32
SET     @Length_1 = 166401497
DECLARE @Iteration Int32
SET     @Iteration = 31

INSERT INTO AnimalsUpdate
(
	Name,
	Length,
	Iteration
)
VALUES
(
	:Name,
	:Length_1,
	:Iteration
)

BeforeExecute
-- Oracle.11.Managed Oracle.Managed Oracle11
DECLARE @iteration Int32
SET     @iteration = 31
DECLARE @Color NVarchar2(5) -- String
SET     @Color = 'Green'

MERGE INTO Animals Target
USING (
	SELECT
		t1.Name,
		t1.Length as Length_1
	FROM
		AnimalsUpdate t1
	WHERE
		t1.Iteration = :iteration
) Source
ON (Target.Name = Source.Name)

WHEN MATCHED THEN
UPDATE
SET
	Target.Color = :Color,
	Target.Length = Source.Length_1

WHEN NOT MATCHED THEN
INSERT
(
	Name,
	Color,
	Length
)
VALUES
(
	Source.Name,
	:Color,
	Source.Length_1
)

BeforeExecute
-- Oracle.11.Managed Oracle.Managed Oracle11
DECLARE @iteration Int32
SET     @iteration = 11
DECLARE @Color NVarchar2(4) -- String
SET     @Color = 'Grey'

MERGE INTO Animals Target
USING (
	SELECT
		t1.Name,
		t1.Length as Length_1
	FROM
		AnimalsUpdate t1
	WHERE
		t1.Iteration = :iteration
) Source
ON (Target.Name = Source.Name)

WHEN MATCHED THEN
UPDATE
SET
	Target.Color = :Color,
	Target.Length = Source.Length_1

WHEN NOT MATCHED THEN
INSERT
(
	Name,
	Color,
	Length
)
VALUES
(
	Source.Name,
	:Color,
	Source.Length_1
)

BeforeExecute
-- Oracle.11.Managed Oracle.Managed Oracle11

SELECT
	Count(*)
FROM
	Animals animal
WHERE
	animal.Color = 'Green'

BeforeExecute
-- Oracle.11.Managed Oracle.Managed Oracle11
DECLARE @Name NVarchar2(8) -- String
SET     @Name = 'Elephant'
DECLARE @Length_1 Int32
SET     @Length_1 = 424595854
DECLARE @Iteration Int32
SET     @Iteration = 12

INSERT INTO AnimalsUpdate
(
	Name,
	Length,
	Iteration
)
VALUES
(
	:Name,
	:Length_1,
	:Iteration
)

BeforeExecute
-- Oracle.11.Managed Oracle.Managed Oracle11
DECLARE @Name NVarchar2(3) -- String
SET     @Name = 'Cat'
DECLARE @Length_1 Int32
SET     @Length_1 = 1336076810
DECLARE @Iteration Int32
SET     @Iteration = 12

INSERT INTO AnimalsUpdate
(
	Name,
	Length,
	Iteration
)
VALUES
(
	:Name,
	:Length_1,
	:Iteration
)

BeforeExecute
-- Oracle.11.Managed Oracle.Managed Oracle11
DECLARE @Name NVarchar2(5) -- String
SET     @Name = 'Snake'
DECLARE @Length_1 Int32
SET     @Length_1 = 1162971222
DECLARE @Iteration Int32
SET     @Iteration = 32

INSERT INTO AnimalsUpdate
(
	Name,
	Length,
	Iteration
)
VALUES
(
	:Name,
	:Length_1,
	:Iteration
)

BeforeExecute
-- Oracle.11.Managed Oracle.Managed Oracle11
DECLARE @Name NVarchar2(6) -- String
SET     @Name = 'Lizard'
DECLARE @Length_1 Int32
SET     @Length_1 = 1725592246
DECLARE @Iteration Int32
SET     @Iteration = 32

INSERT INTO AnimalsUpdate
(
	Name,
	Length,
	Iteration
)
VALUES
(
	:Name,
	:Length_1,
	:Iteration
)

BeforeExecute
-- Oracle.11.Managed Oracle.Managed Oracle11
DECLARE @iteration Int32
SET     @iteration = 12
DECLARE @Color NVarchar2(4) -- String
SET     @Color = 'Grey'

MERGE INTO Animals Target
USING (
	SELECT
		t1.Name,
		t1.Length as Length_1
	FROM
		AnimalsUpdate t1
	WHERE
		t1.Iteration = :iteration
) Source
ON (Target.Name = Source.Name)

WHEN MATCHED THEN
UPDATE
SET
	Target.Color = :Color,
	Target.Length = Source.Length_1

WHEN NOT MATCHED THEN
INSERT
(
	Name,
	Color,
	Length
)
VALUES
(
	Source.Name,
	:Color,
	Source.Length_1
)

BeforeExecute
-- Oracle.11.Managed Oracle.Managed Oracle11
DECLARE @iteration Int32
SET     @iteration = 32
DECLARE @Color NVarchar2(5) -- String
SET     @Color = 'Green'

MERGE INTO Animals Target
USING (
	SELECT
		t1.Name,
		t1.Length as Length_1
	FROM
		AnimalsUpdate t1
	WHERE
		t1.Iteration = :iteration
) Source
ON (Target.Name = Source.Name)

WHEN MATCHED THEN
UPDATE
SET
	Target.Color = :Color,
	Target.Length = Source.Length_1

WHEN NOT MATCHED THEN
INSERT
(
	Name,
	Color,
	Length
)
VALUES
(
	Source.Name,
	:Color,
	Source.Length_1
)

BeforeExecute
-- Oracle.11.Managed Oracle.Managed Oracle11

SELECT
	Count(*)
FROM
	Animals animal
WHERE
	animal.Color = 'Green'

BeforeExecute
-- Oracle.11.Managed Oracle.Managed Oracle11
DECLARE @Name NVarchar2(8) -- String
SET     @Name = 'Elephant'
DECLARE @Length_1 Int32
SET     @Length_1 = 703144891
DECLARE @Iteration Int32
SET     @Iteration = 13

INSERT INTO AnimalsUpdate
(
	Name,
	Length,
	Iteration
)
VALUES
(
	:Name,
	:Length_1,
	:Iteration
)

BeforeExecute
-- Oracle.11.Managed Oracle.Managed Oracle11
DECLARE @Name NVarchar2(3) -- String
SET     @Name = 'Cat'
DECLARE @Length_1 Int32
SET     @Length_1 = 1769642750
DECLARE @Iteration Int32
SET     @Iteration = 13

INSERT INTO AnimalsUpdate
(
	Name,
	Length,
	Iteration
)
VALUES
(
	:Name,
	:Length_1,
	:Iteration
)

BeforeExecute
-- Oracle.11.Managed Oracle.Managed Oracle11
DECLARE @Name NVarchar2(5) -- String
SET     @Name = 'Snake'
DECLARE @Length_1 Int32
SET     @Length_1 = 609243560
DECLARE @Iteration Int32
SET     @Iteration = 33

INSERT INTO AnimalsUpdate
(
	Name,
	Length,
	Iteration
)
VALUES
(
	:Name,
	:Length_1,
	:Iteration
)

BeforeExecute
-- Oracle.11.Managed Oracle.Managed Oracle11
DECLARE @Name NVarchar2(6) -- String
SET     @Name = 'Lizard'
DECLARE @Length_1 Int32
SET     @Length_1 = 365935322
DECLARE @Iteration Int32
SET     @Iteration = 33

INSERT INTO AnimalsUpdate
(
	Name,
	Length,
	Iteration
)
VALUES
(
	:Name,
	:Length_1,
	:Iteration
)

BeforeExecute
-- Oracle.11.Managed Oracle.Managed Oracle11
DECLARE @iteration Int32
SET     @iteration = 13
DECLARE @Color NVarchar2(4) -- String
SET     @Color = 'Grey'

MERGE INTO Animals Target
USING (
	SELECT
		t1.Name,
		t1.Length as Length_1
	FROM
		AnimalsUpdate t1
	WHERE
		t1.Iteration = :iteration
) Source
ON (Target.Name = Source.Name)

WHEN MATCHED THEN
UPDATE
SET
	Target.Color = :Color,
	Target.Length = Source.Length_1

WHEN NOT MATCHED THEN
INSERT
(
	Name,
	Color,
	Length
)
VALUES
(
	Source.Name,
	:Color,
	Source.Length_1
)

BeforeExecute
-- Oracle.11.Managed Oracle.Managed Oracle11
DECLARE @iteration Int32
SET     @iteration = 33
DECLARE @Color NVarchar2(5) -- String
SET     @Color = 'Green'

MERGE INTO Animals Target
USING (
	SELECT
		t1.Name,
		t1.Length as Length_1
	FROM
		AnimalsUpdate t1
	WHERE
		t1.Iteration = :iteration
) Source
ON (Target.Name = Source.Name)

WHEN MATCHED THEN
UPDATE
SET
	Target.Color = :Color,
	Target.Length = Source.Length_1

WHEN NOT MATCHED THEN
INSERT
(
	Name,
	Color,
	Length
)
VALUES
(
	Source.Name,
	:Color,
	Source.Length_1
)

BeforeExecute
-- Oracle.11.Managed Oracle.Managed Oracle11

SELECT
	Count(*)
FROM
	Animals animal
WHERE
	animal.Color = 'Green'

BeforeExecute
-- Oracle.11.Managed Oracle.Managed Oracle11
DECLARE @Name NVarchar2(8) -- String
SET     @Name = 'Elephant'
DECLARE @Length_1 Int32
SET     @Length_1 = 1659299246
DECLARE @Iteration Int32
SET     @Iteration = 14

INSERT INTO AnimalsUpdate
(
	Name,
	Length,
	Iteration
)
VALUES
(
	:Name,
	:Length_1,
	:Iteration
)

BeforeExecute
-- Oracle.11.Managed Oracle.Managed Oracle11
DECLARE @Name NVarchar2(3) -- String
SET     @Name = 'Cat'
DECLARE @Length_1 Int32
SET     @Length_1 = 886868298
DECLARE @Iteration Int32
SET     @Iteration = 14

INSERT INTO AnimalsUpdate
(
	Name,
	Length,
	Iteration
)
VALUES
(
	:Name,
	:Length_1,
	:Iteration
)

BeforeExecute
-- Oracle.11.Managed Oracle.Managed Oracle11
DECLARE @Name NVarchar2(5) -- String
SET     @Name = 'Snake'
DECLARE @Length_1 Int32
SET     @Length_1 = 1091939929
DECLARE @Iteration Int32
SET     @Iteration = 34

INSERT INTO AnimalsUpdate
(
	Name,
	Length,
	Iteration
)
VALUES
(
	:Name,
	:Length_1,
	:Iteration
)

BeforeExecute
-- Oracle.11.Managed Oracle.Managed Oracle11
DECLARE @Name NVarchar2(6) -- String
SET     @Name = 'Lizard'
DECLARE @Length_1 Int32
SET     @Length_1 = 297670705
DECLARE @Iteration Int32
SET     @Iteration = 34

INSERT INTO AnimalsUpdate
(
	Name,
	Length,
	Iteration
)
VALUES
(
	:Name,
	:Length_1,
	:Iteration
)

BeforeExecute
-- Oracle.11.Managed Oracle.Managed Oracle11
DECLARE @iteration Int32
SET     @iteration = 34
DECLARE @Color NVarchar2(5) -- String
SET     @Color = 'Green'

MERGE INTO Animals Target
USING (
	SELECT
		t1.Name,
		t1.Length as Length_1
	FROM
		AnimalsUpdate t1
	WHERE
		t1.Iteration = :iteration
) Source
ON (Target.Name = Source.Name)

WHEN MATCHED THEN
UPDATE
SET
	Target.Color = :Color,
	Target.Length = Source.Length_1

WHEN NOT MATCHED THEN
INSERT
(
	Name,
	Color,
	Length
)
VALUES
(
	Source.Name,
	:Color,
	Source.Length_1
)

BeforeExecute
-- Oracle.11.Managed Oracle.Managed Oracle11
DECLARE @iteration Int32
SET     @iteration = 14
DECLARE @Color NVarchar2(4) -- String
SET     @Color = 'Grey'

MERGE INTO Animals Target
USING (
	SELECT
		t1.Name,
		t1.Length as Length_1
	FROM
		AnimalsUpdate t1
	WHERE
		t1.Iteration = :iteration
) Source
ON (Target.Name = Source.Name)

WHEN MATCHED THEN
UPDATE
SET
	Target.Color = :Color,
	Target.Length = Source.Length_1

WHEN NOT MATCHED THEN
INSERT
(
	Name,
	Color,
	Length
)
VALUES
(
	Source.Name,
	:Color,
	Source.Length_1
)

BeforeExecute
-- Oracle.11.Managed Oracle.Managed Oracle11

SELECT
	Count(*)
FROM
	Animals animal
WHERE
	animal.Color = 'Green'

BeforeExecute
-- Oracle.11.Managed Oracle.Managed Oracle11
DECLARE @Name NVarchar2(8) -- String
SET     @Name = 'Elephant'
DECLARE @Length_1 Int32
SET     @Length_1 = 1420566648
DECLARE @Iteration Int32
SET     @Iteration = 15

INSERT INTO AnimalsUpdate
(
	Name,
	Length,
	Iteration
)
VALUES
(
	:Name,
	:Length_1,
	:Iteration
)

BeforeExecute
-- Oracle.11.Managed Oracle.Managed Oracle11
DECLARE @Name NVarchar2(3) -- String
SET     @Name = 'Cat'
DECLARE @Length_1 Int32
SET     @Length_1 = 258234837
DECLARE @Iteration Int32
SET     @Iteration = 15

INSERT INTO AnimalsUpdate
(
	Name,
	Length,
	Iteration
)
VALUES
(
	:Name,
	:Length_1,
	:Iteration
)

BeforeExecute
-- Oracle.11.Managed Oracle.Managed Oracle11
DECLARE @Name NVarchar2(5) -- String
SET     @Name = 'Snake'
DECLARE @Length_1 Int32
SET     @Length_1 = 16790514
DECLARE @Iteration Int32
SET     @Iteration = 35

INSERT INTO AnimalsUpdate
(
	Name,
	Length,
	Iteration
)
VALUES
(
	:Name,
	:Length_1,
	:Iteration
)

BeforeExecute
-- Oracle.11.Managed Oracle.Managed Oracle11
DECLARE @Name NVarchar2(6) -- String
SET     @Name = 'Lizard'
DECLARE @Length_1 Int32
SET     @Length_1 = 802302723
DECLARE @Iteration Int32
SET     @Iteration = 35

INSERT INTO AnimalsUpdate
(
	Name,
	Length,
	Iteration
)
VALUES
(
	:Name,
	:Length_1,
	:Iteration
)

BeforeExecute
-- Oracle.11.Managed Oracle.Managed Oracle11
DECLARE @iteration Int32
SET     @iteration = 15
DECLARE @Color NVarchar2(4) -- String
SET     @Color = 'Grey'

MERGE INTO Animals Target
USING (
	SELECT
		t1.Name,
		t1.Length as Length_1
	FROM
		AnimalsUpdate t1
	WHERE
		t1.Iteration = :iteration
) Source
ON (Target.Name = Source.Name)

WHEN MATCHED THEN
UPDATE
SET
	Target.Color = :Color,
	Target.Length = Source.Length_1

WHEN NOT MATCHED THEN
INSERT
(
	Name,
	Color,
	Length
)
VALUES
(
	Source.Name,
	:Color,
	Source.Length_1
)

BeforeExecute
-- Oracle.11.Managed Oracle.Managed Oracle11
DECLARE @iteration Int32
SET     @iteration = 35
DECLARE @Color NVarchar2(5) -- String
SET     @Color = 'Green'

MERGE INTO Animals Target
USING (
	SELECT
		t1.Name,
		t1.Length as Length_1
	FROM
		AnimalsUpdate t1
	WHERE
		t1.Iteration = :iteration
) Source
ON (Target.Name = Source.Name)

WHEN MATCHED THEN
UPDATE
SET
	Target.Color = :Color,
	Target.Length = Source.Length_1

WHEN NOT MATCHED THEN
INSERT
(
	Name,
	Color,
	Length
)
VALUES
(
	Source.Name,
	:Color,
	Source.Length_1
)

BeforeExecute
-- Oracle.11.Managed Oracle.Managed Oracle11

SELECT
	Count(*)
FROM
	Animals animal
WHERE
	animal.Color = 'Green'

BeforeExecute
-- Oracle.11.Managed Oracle.Managed Oracle11
DECLARE @Name NVarchar2(8) -- String
SET     @Name = 'Elephant'
DECLARE @Length_1 Int32
SET     @Length_1 = 990130281
DECLARE @Iteration Int32
SET     @Iteration = 16

INSERT INTO AnimalsUpdate
(
	Name,
	Length,
	Iteration
)
VALUES
(
	:Name,
	:Length_1,
	:Iteration
)

BeforeExecute
-- Oracle.11.Managed Oracle.Managed Oracle11
DECLARE @Name NVarchar2(3) -- String
SET     @Name = 'Cat'
DECLARE @Length_1 Int32
SET     @Length_1 = 1446067319
DECLARE @Iteration Int32
SET     @Iteration = 16

INSERT INTO AnimalsUpdate
(
	Name,
	Length,
	Iteration
)
VALUES
(
	:Name,
	:Length_1,
	:Iteration
)

BeforeExecute
-- Oracle.11.Managed Oracle.Managed Oracle11
DECLARE @Name NVarchar2(5) -- String
SET     @Name = 'Snake'
DECLARE @Length_1 Int32
SET     @Length_1 = 985387936
DECLARE @Iteration Int32
SET     @Iteration = 36

INSERT INTO AnimalsUpdate
(
	Name,
	Length,
	Iteration
)
VALUES
(
	:Name,
	:Length_1,
	:Iteration
)

BeforeExecute
-- Oracle.11.Managed Oracle.Managed Oracle11
DECLARE @Name NVarchar2(6) -- String
SET     @Name = 'Lizard'
DECLARE @Length_1 Int32
SET     @Length_1 = 1980349139
DECLARE @Iteration Int32
SET     @Iteration = 36

INSERT INTO AnimalsUpdate
(
	Name,
	Length,
	Iteration
)
VALUES
(
	:Name,
	:Length_1,
	:Iteration
)

BeforeExecute
-- Oracle.11.Managed Oracle.Managed Oracle11
DECLARE @iteration Int32
SET     @iteration = 16
DECLARE @Color NVarchar2(4) -- String
SET     @Color = 'Grey'

MERGE INTO Animals Target
USING (
	SELECT
		t1.Name,
		t1.Length as Length_1
	FROM
		AnimalsUpdate t1
	WHERE
		t1.Iteration = :iteration
) Source
ON (Target.Name = Source.Name)

WHEN MATCHED THEN
UPDATE
SET
	Target.Color = :Color,
	Target.Length = Source.Length_1

WHEN NOT MATCHED THEN
INSERT
(
	Name,
	Color,
	Length
)
VALUES
(
	Source.Name,
	:Color,
	Source.Length_1
)

BeforeExecute
-- Oracle.11.Managed Oracle.Managed Oracle11
DECLARE @iteration Int32
SET     @iteration = 36
DECLARE @Color NVarchar2(5) -- String
SET     @Color = 'Green'

MERGE INTO Animals Target
USING (
	SELECT
		t1.Name,
		t1.Length as Length_1
	FROM
		AnimalsUpdate t1
	WHERE
		t1.Iteration = :iteration
) Source
ON (Target.Name = Source.Name)

WHEN MATCHED THEN
UPDATE
SET
	Target.Color = :Color,
	Target.Length = Source.Length_1

WHEN NOT MATCHED THEN
INSERT
(
	Name,
	Color,
	Length
)
VALUES
(
	Source.Name,
	:Color,
	Source.Length_1
)

BeforeExecute
-- Oracle.11.Managed Oracle.Managed Oracle11

SELECT
	Count(*)
FROM
	Animals animal
WHERE
	animal.Color = 'Green'

BeforeExecute
-- Oracle.11.Managed Oracle.Managed Oracle11
DECLARE @Name NVarchar2(8) -- String
SET     @Name = 'Elephant'
DECLARE @Length_1 Int32
SET     @Length_1 = 2033690873
DECLARE @Iteration Int32
SET     @Iteration = 17

INSERT INTO AnimalsUpdate
(
	Name,
	Length,
	Iteration
)
VALUES
(
	:Name,
	:Length_1,
	:Iteration
)

BeforeExecute
-- Oracle.11.Managed Oracle.Managed Oracle11
DECLARE @Name NVarchar2(3) -- String
SET     @Name = 'Cat'
DECLARE @Length_1 Int32
SET     @Length_1 = 1201128802
DECLARE @Iteration Int32
SET     @Iteration = 17

INSERT INTO AnimalsUpdate
(
	Name,
	Length,
	Iteration
)
VALUES
(
	:Name,
	:Length_1,
	:Iteration
)

BeforeExecute
-- Oracle.11.Managed Oracle.Managed Oracle11
DECLARE @Name NVarchar2(5) -- String
SET     @Name = 'Snake'
DECLARE @Length_1 Int32
SET     @Length_1 = 1761070039
DECLARE @Iteration Int32
SET     @Iteration = 37

INSERT INTO AnimalsUpdate
(
	Name,
	Length,
	Iteration
)
VALUES
(
	:Name,
	:Length_1,
	:Iteration
)

BeforeExecute
-- Oracle.11.Managed Oracle.Managed Oracle11
DECLARE @Name NVarchar2(6) -- String
SET     @Name = 'Lizard'
DECLARE @Length_1 Int32
SET     @Length_1 = 942512976
DECLARE @Iteration Int32
SET     @Iteration = 37

INSERT INTO AnimalsUpdate
(
	Name,
	Length,
	Iteration
)
VALUES
(
	:Name,
	:Length_1,
	:Iteration
)

BeforeExecute
-- Oracle.11.Managed Oracle.Managed Oracle11
DECLARE @iteration Int32
SET     @iteration = 37
DECLARE @Color NVarchar2(5) -- String
SET     @Color = 'Green'

MERGE INTO Animals Target
USING (
	SELECT
		t1.Name,
		t1.Length as Length_1
	FROM
		AnimalsUpdate t1
	WHERE
		t1.Iteration = :iteration
) Source
ON (Target.Name = Source.Name)

WHEN MATCHED THEN
UPDATE
SET
	Target.Color = :Color,
	Target.Length = Source.Length_1

WHEN NOT MATCHED THEN
INSERT
(
	Name,
	Color,
	Length
)
VALUES
(
	Source.Name,
	:Color,
	Source.Length_1
)

BeforeExecute
-- Oracle.11.Managed Oracle.Managed Oracle11
DECLARE @iteration Int32
SET     @iteration = 17
DECLARE @Color NVarchar2(4) -- String
SET     @Color = 'Grey'

MERGE INTO Animals Target
USING (
	SELECT
		t1.Name,
		t1.Length as Length_1
	FROM
		AnimalsUpdate t1
	WHERE
		t1.Iteration = :iteration
) Source
ON (Target.Name = Source.Name)

WHEN MATCHED THEN
UPDATE
SET
	Target.Color = :Color,
	Target.Length = Source.Length_1

WHEN NOT MATCHED THEN
INSERT
(
	Name,
	Color,
	Length
)
VALUES
(
	Source.Name,
	:Color,
	Source.Length_1
)

BeforeExecute
-- Oracle.11.Managed Oracle.Managed Oracle11

SELECT
	Count(*)
FROM
	Animals animal
WHERE
	animal.Color = 'Green'

BeforeExecute
-- Oracle.11.Managed Oracle.Managed Oracle11
DECLARE @Name NVarchar2(8) -- String
SET     @Name = 'Elephant'
DECLARE @Length_1 Int32
SET     @Length_1 = 1737940971
DECLARE @Iteration Int32
SET     @Iteration = 18

INSERT INTO AnimalsUpdate
(
	Name,
	Length,
	Iteration
)
VALUES
(
	:Name,
	:Length_1,
	:Iteration
)

BeforeExecute
-- Oracle.11.Managed Oracle.Managed Oracle11
DECLARE @Name NVarchar2(3) -- String
SET     @Name = 'Cat'
DECLARE @Length_1 Int32
SET     @Length_1 = 772853660
DECLARE @Iteration Int32
SET     @Iteration = 18

INSERT INTO AnimalsUpdate
(
	Name,
	Length,
	Iteration
)
VALUES
(
	:Name,
	:Length_1,
	:Iteration
)

BeforeExecute
-- Oracle.11.Managed Oracle.Managed Oracle11
DECLARE @Name NVarchar2(5) -- String
SET     @Name = 'Snake'
DECLARE @Length_1 Int32
SET     @Length_1 = 212331765
DECLARE @Iteration Int32
SET     @Iteration = 38

INSERT INTO AnimalsUpdate
(
	Name,
	Length,
	Iteration
)
VALUES
(
	:Name,
	:Length_1,
	:Iteration
)

BeforeExecute
-- Oracle.11.Managed Oracle.Managed Oracle11
DECLARE @Name NVarchar2(6) -- String
SET     @Name = 'Lizard'
DECLARE @Length_1 Int32
SET     @Length_1 = 1139727711
DECLARE @Iteration Int32
SET     @Iteration = 38

INSERT INTO AnimalsUpdate
(
	Name,
	Length,
	Iteration
)
VALUES
(
	:Name,
	:Length_1,
	:Iteration
)

BeforeExecute
-- Oracle.11.Managed Oracle.Managed Oracle11
DECLARE @iteration Int32
SET     @iteration = 38
DECLARE @Color NVarchar2(5) -- String
SET     @Color = 'Green'

MERGE INTO Animals Target
USING (
	SELECT
		t1.Name,
		t1.Length as Length_1
	FROM
		AnimalsUpdate t1
	WHERE
		t1.Iteration = :iteration
) Source
ON (Target.Name = Source.Name)

WHEN MATCHED THEN
UPDATE
SET
	Target.Color = :Color,
	Target.Length = Source.Length_1

WHEN NOT MATCHED THEN
INSERT
(
	Name,
	Color,
	Length
)
VALUES
(
	Source.Name,
	:Color,
	Source.Length_1
)

BeforeExecute
-- Oracle.11.Managed Oracle.Managed Oracle11
DECLARE @iteration Int32
SET     @iteration = 18
DECLARE @Color NVarchar2(4) -- String
SET     @Color = 'Grey'

MERGE INTO Animals Target
USING (
	SELECT
		t1.Name,
		t1.Length as Length_1
	FROM
		AnimalsUpdate t1
	WHERE
		t1.Iteration = :iteration
) Source
ON (Target.Name = Source.Name)

WHEN MATCHED THEN
UPDATE
SET
	Target.Color = :Color,
	Target.Length = Source.Length_1

WHEN NOT MATCHED THEN
INSERT
(
	Name,
	Color,
	Length
)
VALUES
(
	Source.Name,
	:Color,
	Source.Length_1
)

BeforeExecute
-- Oracle.11.Managed Oracle.Managed Oracle11

SELECT
	Count(*)
FROM
	Animals animal
WHERE
	animal.Color = 'Green'

BeforeExecute
-- Oracle.11.Managed Oracle.Managed Oracle11
DECLARE @Name NVarchar2(8) -- String
SET     @Name = 'Elephant'
DECLARE @Length_1 Int32
SET     @Length_1 = 1541904786
DECLARE @Iteration Int32
SET     @Iteration = 19

INSERT INTO AnimalsUpdate
(
	Name,
	Length,
	Iteration
)
VALUES
(
	:Name,
	:Length_1,
	:Iteration
)

BeforeExecute
-- Oracle.11.Managed Oracle.Managed Oracle11
DECLARE @Name NVarchar2(3) -- String
SET     @Name = 'Cat'
DECLARE @Length_1 Int32
SET     @Length_1 = 614750192
DECLARE @Iteration Int32
SET     @Iteration = 19

INSERT INTO AnimalsUpdate
(
	Name,
	Length,
	Iteration
)
VALUES
(
	:Name,
	:Length_1,
	:Iteration
)

BeforeExecute
-- Oracle.11.Managed Oracle.Managed Oracle11
DECLARE @Name NVarchar2(5) -- String
SET     @Name = 'Snake'
DECLARE @Length_1 Int32
SET     @Length_1 = 932948766
DECLARE @Iteration Int32
SET     @Iteration = 39

INSERT INTO AnimalsUpdate
(
	Name,
	Length,
	Iteration
)
VALUES
(
	:Name,
	:Length_1,
	:Iteration
)

BeforeExecute
-- Oracle.11.Managed Oracle.Managed Oracle11
DECLARE @Name NVarchar2(6) -- String
SET     @Name = 'Lizard'
DECLARE @Length_1 Int32
SET     @Length_1 = 1748457437
DECLARE @Iteration Int32
SET     @Iteration = 39

INSERT INTO AnimalsUpdate
(
	Name,
	Length,
	Iteration
)
VALUES
(
	:Name,
	:Length_1,
	:Iteration
)

BeforeExecute
-- Oracle.11.Managed Oracle.Managed Oracle11
DECLARE @iteration Int32
SET     @iteration = 39
DECLARE @Color NVarchar2(5) -- String
SET     @Color = 'Green'

MERGE INTO Animals Target
USING (
	SELECT
		t1.Name,
		t1.Length as Length_1
	FROM
		AnimalsUpdate t1
	WHERE
		t1.Iteration = :iteration
) Source
ON (Target.Name = Source.Name)

WHEN MATCHED THEN
UPDATE
SET
	Target.Color = :Color,
	Target.Length = Source.Length_1

WHEN NOT MATCHED THEN
INSERT
(
	Name,
	Color,
	Length
)
VALUES
(
	Source.Name,
	:Color,
	Source.Length_1
)

BeforeExecute
-- Oracle.11.Managed Oracle.Managed Oracle11
DECLARE @iteration Int32
SET     @iteration = 19
DECLARE @Color NVarchar2(4) -- String
SET     @Color = 'Grey'

MERGE INTO Animals Target
USING (
	SELECT
		t1.Name,
		t1.Length as Length_1
	FROM
		AnimalsUpdate t1
	WHERE
		t1.Iteration = :iteration
) Source
ON (Target.Name = Source.Name)

WHEN MATCHED THEN
UPDATE
SET
	Target.Color = :Color,
	Target.Length = Source.Length_1

WHEN NOT MATCHED THEN
INSERT
(
	Name,
	Color,
	Length
)
VALUES
(
	Source.Name,
	:Color,
	Source.Length_1
)

BeforeExecute
-- Oracle.11.Managed Oracle.Managed Oracle11

SELECT
	Count(*)
FROM
	Animals animal
WHERE
	animal.Color = 'Green'

BeforeExecute
-- Oracle.11.Managed Oracle.Managed Oracle11

DROP TABLE AnimalsUpdate

BeforeExecute
-- Oracle.11.Managed Oracle.Managed Oracle11

DROP TABLE Animals

