BeforeExecute
-- DB2 DB2.LUW DB2LUW

DELETE FROM
	"TestMerge1" "t1"

BeforeExecute
-- DB2 DB2.LUW DB2LUW

DELETE FROM
	"TestMerge2" "t1"

BeforeExecute
-- DB2 DB2.LUW DB2LUW

MERGE INTO "TestMerge1" "Target"
USING (	VALUES
		(1,NULL,NULL,NULL,NULL,NULL,NULL,NULL,NULL,NULL,NULL,NULL,NULL,NULL,NULL,NULL,NULL,NULL),
		(2,BX'',1,'*','2000-11-23-00.00.00.000000','2000-11-12-21.14.15.167000',12345678.9012345678,-1.7976931348623157E+308,NULL,'FIRST',-3.40282E+38,Cast(x'00000000000000000000000000000000' as char(16) for bit data),-2147483647,-9223372036854775807,'ё','всЁ нормально','normal strinG','09:44:34'),
		(3,BX'000102030004',0,'&','2123-11-23-00.00.00.000000','2001-10-12-21.14.15.167000',-99999999.9999999999,1.7976931348623157E+308,0,'',3.40282E+38,Cast(x'ffffffffffffffffffffffffffffffff' as char(16) for bit data),2147483647,9223372036854775807,'>','ЙЦУКЩывапрм
q','test
	','00:44:34'),
		(4,BX'FFC864321400',NULL,'','3210-11-23-00.00.00.000000','2098-10-12-21.14.15.997000',99999999.9999999999,-2.2250738585072014E-308,2147483647,'',1.1755E-38,Cast(x'ffffffffffffffffffffffffffffffff' as char(16) for bit data),-123,987,'
','<>?/.,;''щЩ":','`~!@#$%^&*()_+{}|[]\','00:00:00')) "Source"
(
	"Id", 
	"FieldBinary", 
	"FieldBoolean", 
	"FieldChar", 
	"FieldDate", 
	"FieldDateTime", 
	"FieldDecimal", 
	"FieldDouble", 
	"FieldEnumNumber", 
	"FieldEnumString", 
	"FieldFloat", 
	"FieldGuid", 
	"FieldInt32", 
	"FieldInt64", 
	"FieldNChar", 
	"FieldNString", 
	"FieldString", 
	"FieldTime"
)
ON ("Target"."Id" = "Source"."Id")

WHEN NOT MATCHED THEN
INSERT
(
	"FieldBinary",
	"FieldBoolean",
	"FieldChar",
	"FieldDate",
	"FieldDateTime",
	"FieldDecimal",
	"FieldDouble",
	"FieldEnumNumber",
	"FieldEnumString",
	"FieldFloat",
	"FieldGuid",
	"Field1",
	"FieldInt64",
	"FieldNChar",
	"FieldNString",
	"FieldString",
	"FieldTime",
	"Id"
)
VALUES
(
	"Source"."FieldBinary",
	"Source"."FieldBoolean",
	"Source"."FieldChar",
	"Source"."FieldDate",
	"Source"."FieldDateTime",
	"Source"."FieldDecimal",
	"Source"."FieldDouble",
	"Source"."FieldEnumNumber",
	"Source"."FieldEnumString",
	"Source"."FieldFloat",
	"Source"."FieldGuid",
	"Source"."FieldInt32",
	"Source"."FieldInt64",
	"Source"."FieldNChar",
	"Source"."FieldNString",
	"Source"."FieldString",
	"Source"."FieldTime",
	"Source"."Id"
)

BeforeExecute
-- DB2 DB2.LUW DB2LUW

MERGE INTO "TestMerge2" "Target"
USING (	VALUES
		(3,BX'FFC864321400',NULL,'','3210-11-23-00.00.00.000000','2098-10-12-21.14.15.907000',-0.123,2.2250738585072014E-308,-2147483647,NULL,-1.1755E-38,Cast(x'ffffffffffffffffffffffffffffffff' as char(16) for bit data),-123,987,'','`~!@#$%^&*()_+{}|[]\','<>?/.,;''zZ":','23:59:59'),
		(4,BX'000102030004',0,'1','2123-11-23-00.00.00.000000','2001-10-12-21.14.15.167000',-99999999.9999999999,1.7976931348623157E+308,0,'',3.40282E+38,Cast(x'ffffffffffffffffffffffffffffffff' as char(16) for bit data),2147483647,9223372036854775807,' ','ЙЦУКЩывапрм
q','test
	','14:44:33'),
		(5,BX'FFC864321400',NULL,' ','3210-11-23-00.00.00.000000','2098-10-12-21.14.15.913000',-0.123,2.2250738585072014E-308,-2147483647,NULL,-1.1755E-38,Cast(x'ffffffffffffffffffffffffffffffff' as char(16) for bit data),-123,987,' ','`~!@#$%^&*()_+{}|[]\','<>?/.,;''zZ":','23:59:59'),
		(6,BX'000102030004',0,'-','2123-11-23-00.00.00.000000','2001-10-12-21.14.15.167000',-99999999.9999999999,1.7976931348623157E+308,0,'',3.40282E+38,Cast(x'ffffffffffffffffffffffffffffffff' as char(16) for bit data),2147483647,9223372036854775807,'~','ЙЦУКЩывапрм
q  ','test
	  ','22:44:33')) "Source"
(
	"Id", 
	"FieldBinary", 
	"FieldBoolean", 
	"FieldChar", 
	"FieldDate", 
	"FieldDateTime", 
	"FieldDecimal", 
	"FieldDouble", 
	"FieldEnumNumber", 
	"FieldEnumString", 
	"FieldFloat", 
	"FieldGuid", 
	"FieldInt32", 
	"FieldInt64", 
	"FieldNChar", 
	"FieldNString", 
	"FieldString", 
	"FieldTime"
)
ON ("Target"."Id" = "Source"."Id")

WHEN NOT MATCHED THEN
INSERT
(
	"FieldBinary",
	"FieldBoolean",
	"FieldChar",
	"FieldDate",
	"FieldDateTime",
	"FieldDecimal",
	"FieldDouble",
	"FieldEnumNumber",
	"FieldEnumString",
	"FieldFloat",
	"FieldGuid",
	"Field1",
	"FieldInt64",
	"FieldNChar",
	"FieldNString",
	"FieldString",
	"FieldTime",
	"Id"
)
VALUES
(
	"Source"."FieldBinary",
	"Source"."FieldBoolean",
	"Source"."FieldChar",
	"Source"."FieldDate",
	"Source"."FieldDateTime",
	"Source"."FieldDecimal",
	"Source"."FieldDouble",
	"Source"."FieldEnumNumber",
	"Source"."FieldEnumString",
	"Source"."FieldFloat",
	"Source"."FieldGuid",
	"Source"."FieldInt32",
	"Source"."FieldInt64",
	"Source"."FieldNChar",
	"Source"."FieldNString",
	"Source"."FieldString",
	"Source"."FieldTime",
	"Source"."Id"
)

BeforeExecute
-- DB2 DB2.LUW DB2LUW

SELECT
	"t1"."FieldBinary",
	"t1"."FieldBoolean",
	"t1"."FieldChar",
	"t1"."FieldDate",
	"t1"."FieldDateTime",
	"t1"."FieldDecimal",
	"t1"."FieldDouble",
	"t1"."FieldEnumNumber",
	"t1"."FieldEnumString",
	"t1"."FieldFloat",
	"t1"."FieldGuid",
	"t1"."Field1",
	"t1"."FieldInt64",
	"t1"."FieldNChar",
	"t1"."FieldNString",
	"t1"."FieldString",
	"t1"."FieldTime",
	"t1"."Id"
FROM
	"TestMerge1" "t1"
ORDER BY
	"t1"."Id"

BeforeExecute
-- DB2 DB2.LUW DB2LUW

SELECT
	"t1"."FieldBinary",
	"t1"."FieldBoolean",
	"t1"."FieldChar",
	"t1"."FieldDate",
	"t1"."FieldDateTime",
	"t1"."FieldDecimal",
	"t1"."FieldDouble",
	"t1"."FieldEnumNumber",
	"t1"."FieldEnumString",
	"t1"."FieldFloat",
	"t1"."FieldGuid",
	"t1"."Field1",
	"t1"."FieldInt64",
	"t1"."FieldNChar",
	"t1"."FieldNString",
	"t1"."FieldString",
	"t1"."FieldTime",
	"t1"."Id"
FROM
	"TestMerge2" "t1"
ORDER BY
	"t1"."Id"

