BeforeExecute
-- MariaDB MySql.Official MySql

SELECT
	`key_data_result`.`ParentID`,
	`key_data_result`.`ChildID`,
	`key_data_result`.`ParentID_1`,
	`detail`.`ParentID`,
	`detail`.`Value1`
FROM
	(
		SELECT DISTINCT
			`a_Parent`.`ParentID`,
			`ch`.`ChildID`,
			`ch`.`ParentID` as `ParentID_1`
		FROM
			`Child` `ch`
				LEFT JOIN `Parent` `a_Parent` ON `ch`.`ParentID` = `a_Parent`.`ParentID`
	) `key_data_result`
		INNER JOIN `Parent` `detail` ON `detail`.`ParentID` = `key_data_result`.`ParentID`

BeforeExecute
-- MariaDB MySql.Official MySql

SELECT
	`a_Parent`.`ParentID`,
	`ch`.`ChildID`,
	`ch`.`ParentID`
FROM
	`Child` `ch`
		LEFT JOIN `Parent` `a_Parent` ON `ch`.`ParentID` = `a_Parent`.`ParentID`
ORDER BY
	`ch`.`ChildID`

