BeforeExecute
-- Firebird

SELECT Cast('6F9619FF-8B86-D011-B42D-00C04FC964FF' as char(38)) FROM "Dual"

BeforeExecute
-- Firebird

SELECT Cast('6F9619FF-8B86-D011-B42D-00C04FC964FF' as char(38)) FROM "Dual"

BeforeExecute
-- Firebird
DECLARE @p Guid
SET     @p = '433ca753-887e-4dec-a7de-e7ed30d2baa5'

SELECT Cast(@p as char(38)) FROM "Dual"

BeforeExecute
-- Firebird
DECLARE @p Guid
SET     @p = '433ca753-887e-4dec-a7de-e7ed30d2baa5'

SELECT Cast(@p as char(38)) FROM "Dual"

