BeforeExecute
-- MySqlConnector MySql

CREATE TABLE `Position`
(
	`Group` INT NOT NULL,
	`Id`    INT     NULL,
	`Order` INT NOT NULL
)

BeforeExecute
-- MySqlConnector MySql

INSERT INTO `Position`
(
	`Group`,
	`Id`,
	`Order`
)
VALUES
(7,5,10),
(7,6,20),
(7,NULL,30),
(7,NULL,40)

BeforeExecute
-- MySqlConnector MySql
DECLARE @group_1 Int32
SET     @group_1 = 7

SELECT
	`p`.`Id`,
	NTH_VALUE(`p`.`Id`, 2) FROM FIRST OVER(ORDER BY `p`.`Order` DESC)
FROM
	`Position` `p`
WHERE
	`p`.`Group` = @group_1

BeforeExecute
-- MySqlConnector MySql

DROP TABLE `Position`

