BeforeExecute
-- SqlCe

CREATE TABLE [Animals17]
(
	[AnimalType]    NVarChar(40)  NOT NULL,
	[AnimalType2]   NVarChar(40)  NOT NULL,
	[Id]            Int           NOT NULL,
	[Name]          NVarChar(255)     NULL,
	[Discriminator] NVarChar(40)  NOT NULL,
	[EyeId]         Int               NULL,
	[Second]        NVarChar(40)      NULL,
	[First]         NVarChar(40)      NULL,

	CONSTRAINT [PK_Animals17] PRIMARY KEY ([Id])
)

BeforeExecute
-- SqlCe

CREATE TABLE [Eyes17]
(
	[Id] Int          NOT NULL,
	[Xy] NVarChar(40)     NULL,

	CONSTRAINT [PK_Eyes17] PRIMARY KEY ([Id])
)

BeforeExecute
-- SqlCe

CREATE TABLE [TestAnimalTable]
(
	[Id]           Int NOT NULL,
	[TestAnimalId] Int     NULL
)

BeforeExecute
-- SqlCe
DECLARE @Id Int -- Int32
SET     @Id = 1
DECLARE @Xy NVarChar(5) -- String
SET     @Xy = 'Hallo'

INSERT INTO [Eyes17]
(
	[Id],
	[Xy]
)
VALUES
(
	@Id,
	@Xy
)

BeforeExecute
-- SqlCe
DECLARE @Discriminator NVarChar(3) -- String
SET     @Discriminator = 'Dog'
DECLARE @Name NVarChar(8) -- String
SET     @Name = 'FirstDog'
DECLARE @Id Int -- Int32
SET     @Id = 1
DECLARE @AnimalType2 NVarChar(3) -- String
SET     @AnimalType2 = 'Big'
DECLARE @AnimalType NVarChar(3) -- String
SET     @AnimalType = 'Big'
DECLARE @EyeId Int -- Int32
SET     @EyeId = 1
DECLARE @DogName_Second NVarChar(1) -- String
SET     @DogName_Second = 'b'
DECLARE @DogName_First NVarChar(1) -- String
SET     @DogName_First = 'a'

INSERT INTO [Animals17]
(
	[Discriminator],
	[Name],
	[Id],
	[AnimalType2],
	[AnimalType],
	[EyeId],
	[Second],
	[First]
)
VALUES
(
	@Discriminator,
	@Name,
	@Id,
	@AnimalType2,
	@AnimalType,
	@EyeId,
	@DogName_Second,
	@DogName_First
)

BeforeExecute
-- SqlCe
DECLARE @Discriminator NVarChar(10) -- String
SET     @Discriminator = 'WildAnimal'
DECLARE @Name NVarChar(10) -- String
SET     @Name = 'WildAnimal'
DECLARE @Id Int -- Int32
SET     @Id = 2
DECLARE @AnimalType2 NVarChar(3) -- String
SET     @AnimalType2 = 'Big'
DECLARE @AnimalType NVarChar(3) -- String
SET     @AnimalType = 'Big'

INSERT INTO [Animals17]
(
	[Discriminator],
	[Name],
	[Id],
	[AnimalType2],
	[AnimalType]
)
VALUES
(
	@Discriminator,
	@Name,
	@Id,
	@AnimalType2,
	@AnimalType
)

BeforeExecute
-- SqlCe
DECLARE @Id Int -- Int32
SET     @Id = 1
DECLARE @TestAnimalId Int -- Int32
SET     @TestAnimalId = NULL

INSERT INTO [TestAnimalTable]
(
	[Id],
	[TestAnimalId]
)
VALUES
(
	@Id,
	@TestAnimalId
)

BeforeExecute
-- SqlCe
DECLARE @Id Int -- Int32
SET     @Id = 2
DECLARE @TestAnimalId Int -- Int32
SET     @TestAnimalId = 1

INSERT INTO [TestAnimalTable]
(
	[Id],
	[TestAnimalId]
)
VALUES
(
	@Id,
	@TestAnimalId
)

BeforeExecute
-- SqlCe
DECLARE @take Int -- Int32
SET     @take = 1

SELECT TOP (@take)
	[t1].[Discriminator],
	[t1].[Name],
	[t1].[Id],
	[t1].[AnimalType2],
	[t1].[AnimalType],
	[t1].[EyeId],
	[t1].[Second],
	[t1].[First]
FROM
	[Animals17] [t1]
WHERE
	[t1].[Discriminator] = 'Dog'

BeforeExecute
-- SqlCe
DECLARE @Discriminator NVarChar(3) -- String
SET     @Discriminator = 'Dog'
DECLARE @Name NVarChar(8) -- String
SET     @Name = 'FirstDog'
DECLARE @AnimalType2 NVarChar(3) -- String
SET     @AnimalType2 = 'Big'
DECLARE @AnimalType NVarChar(3) -- String
SET     @AnimalType = 'Big'
DECLARE @EyeId Int -- Int32
SET     @EyeId = 1
DECLARE @DogName_Second NVarChar(1) -- String
SET     @DogName_Second = 'b'
DECLARE @DogName_First NVarChar(1) -- String
SET     @DogName_First = 'a'
DECLARE @Id Int -- Int32
SET     @Id = 1

UPDATE
	[Animals17]
SET
	[Animals17].[Discriminator] = @Discriminator,
	[Animals17].[Name] = @Name,
	[Animals17].[AnimalType2] = @AnimalType2,
	[Animals17].[AnimalType] = @AnimalType,
	[Animals17].[EyeId] = @EyeId,
	[Animals17].[Second] = @DogName_Second,
	[Animals17].[First] = @DogName_First
WHERE
	[Animals17].[Id] = @Id

BeforeExecute
-- SqlCe
DECLARE @AnimalType NVarChar(3) -- String
SET     @AnimalType = 'Big'
DECLARE @AnimalType2 NVarChar(3) -- String
SET     @AnimalType2 = 'Big'
DECLARE @Name NVarChar(8) -- String
SET     @Name = 'FirstDog'
DECLARE @Discriminator NVarChar(3) -- String
SET     @Discriminator = 'Dog'
DECLARE @EyeId Int -- Int32
SET     @EyeId = 1
DECLARE @DogName_Second NVarChar(1) -- String
SET     @DogName_Second = 'b'
DECLARE @DogName_First NVarChar(1) -- String
SET     @DogName_First = 'a'
DECLARE @Id Int -- Int32
SET     @Id = 1

UPDATE
	[Animals17]
SET
	[Animals17].[AnimalType] = @AnimalType,
	[Animals17].[AnimalType2] = @AnimalType2,
	[Animals17].[Name] = @Name,
	[Animals17].[Discriminator] = @Discriminator,
	[Animals17].[EyeId] = @EyeId,
	[Animals17].[Second] = @DogName_Second,
	[Animals17].[First] = @DogName_First
WHERE
	[Animals17].[Id] = @Id

BeforeExecute
-- SqlCe
DECLARE @Discriminator NVarChar(3) -- String
SET     @Discriminator = 'Dog'
DECLARE @Name NVarChar -- String
SET     @Name = NULL
DECLARE @Id Int -- Int32
SET     @Id = 0
DECLARE @AnimalType2 NVarChar(5) -- String
SET     @AnimalType2 = 'Small'
DECLARE @AnimalType NVarChar(5) -- String
SET     @AnimalType = 'Small'
DECLARE @EyeId Int -- Int32
SET     @EyeId = NULL
DECLARE @DogName_Second NVarChar -- String
SET     @DogName_Second = NULL
DECLARE @DogName_First NVarChar -- String
SET     @DogName_First = NULL

INSERT INTO [Animals17]
(
	[Discriminator],
	[Name],
	[Id],
	[AnimalType2],
	[AnimalType],
	[EyeId],
	[Second],
	[First]
)
VALUES
(
	@Discriminator,
	@Name,
	@Id,
	@AnimalType2,
	@AnimalType,
	@EyeId,
	@DogName_Second,
	@DogName_First
)

BeforeExecute
-- SqlCe

DROP TABLE [Animals17]

BeforeExecute
-- SqlCe

DROP TABLE [Eyes17]

BeforeExecute
-- SqlCe

DROP TABLE [TestAnimalTable]

