BeforeExecute
-- MariaDB MySql.Official MySql
DECLARE @BinaryValue Blob -- Binary
SET     @BinaryValue = NULL
DECLARE @BoolValue UByte -- Boolean
SET     @BoolValue = 0
DECLARE @DateTimeValue DateTime
SET     @DateTimeValue = '2018-01-03'
DECLARE @GuidValue Guid
SET     @GuidValue = '00000000-0000-0000-0000-000000000000'
DECLARE @ID Int32
SET     @ID = 5000
DECLARE @MoneyValue Decimal(1,0)
SET     @MoneyValue = 0
DECLARE @SmallIntValue Int16
SET     @SmallIntValue = -2
DECLARE @StringValue VarChar -- String
SET     @StringValue = NULL

INSERT INTO `LinqDataTypes`
(
	`BinaryValue`,
	`BoolValue`,
	`DateTimeValue`,
	`GuidValue`,
	`ID`,
	`MoneyValue`,
	`SmallIntValue`,
	`StringValue`
)
VALUES
(
	@BinaryValue,
	@BoolValue,
	@DateTimeValue,
	@GuidValue,
	@ID,
	@MoneyValue,
	@SmallIntValue,
	@StringValue
)

BeforeExecute
-- MariaDB MySql.Official MySql
DECLARE @p1 DateTime
SET     @p1 = '2018-01-02'

SELECT
	Count(*)
FROM
	`LinqDataTypes` `t`
WHERE
	`t`.`ID` = 5000 AND Date_Add(`t`.`DateTimeValue`, Interval `t`.`SmallIntValue` Day) < @p1

BeforeExecute
-- MariaDB MySql.Official MySql

DELETE `t1`
FROM
	`LinqDataTypes` `t1`
WHERE
	`t1`.`ID` = 5000

