BeforeExecute
-- Firebird

CREATE TABLE "PR_1598_Update_Null_Table"
(
	"Age"  Int,
	"Id"   Int                                    NOT NULL,
	"Name" VarChar(255) CHARACTER SET UNICODE_FSS,

	CONSTRAINT "PK_PR_1598_Update_Null_Table" PRIMARY KEY ("Id")
)

BeforeExecute
-- Firebird
DECLARE @Age Integer -- Int32
SET     @Age = NULL
DECLARE @Id Integer -- Int32
SET     @Id = 1
DECLARE @Name VarChar(5) -- String
SET     @Name = 'Tommy'

INSERT INTO "PR_1598_Update_Null_Table"
(
	"Age",
	"Id",
	"Name"
)
VALUES
(
	@Age,
	@Id,
	@Name
)

BeforeExecute
-- Firebird
DECLARE @take Integer -- Int32
SET     @take = 1

SELECT FIRST @take
	"t"."Age",
	"t"."Id",
	"t"."Name"
FROM
	"PR_1598_Update_Null_Table" "t"
WHERE
	"t"."Id" = 1

BeforeExecute
-- Firebird
DECLARE @Age Integer -- Int32
SET     @Age = 2
DECLARE @Name VarChar(4) -- String
SET     @Name = 'Jack'
DECLARE @Id Integer -- Int32
SET     @Id = 1

UPDATE
	"PR_1598_Update_Null_Table"
SET
	"PR_1598_Update_Null_Table"."Age" = @Age,
	"PR_1598_Update_Null_Table"."Name" = @Name
WHERE
	"PR_1598_Update_Null_Table"."Id" = @Id

BeforeExecute
-- Firebird
DECLARE @take Integer -- Int32
SET     @take = 1

SELECT FIRST @take
	"t"."Age",
	"t"."Id",
	"t"."Name"
FROM
	"PR_1598_Update_Null_Table" "t"
WHERE
	"t"."Id" = 1

BeforeExecute
-- Firebird
DECLARE @Name VarChar(6) -- String
SET     @Name = 'Franki'
DECLARE @Id Integer -- Int32
SET     @Id = 1

UPDATE
	"PR_1598_Update_Null_Table"
SET
	"PR_1598_Update_Null_Table"."Name" = @Name
WHERE
	"PR_1598_Update_Null_Table"."Id" = @Id

BeforeExecute
-- Firebird
DECLARE @take Integer -- Int32
SET     @take = 1

SELECT FIRST @take
	"t"."Age",
	"t"."Id",
	"t"."Name"
FROM
	"PR_1598_Update_Null_Table" "t"
WHERE
	"t"."Id" = 1

BeforeExecute
-- Firebird

DROP TABLE "PR_1598_Update_Null_Table"

