BeforeExecute
-- DB2 DB2.LUW DB2LUW
DECLARE @p VarChar(4) -- String
SET     @p = 'John'

SELECT
	"t"."FirstName",
	"t"."Gender",
	"t"."PersonID",
	"t"."LastName",
	"t"."MiddleName"
FROM
	"Person" "t"
WHERE
	"t"."FirstName" = @p
FETCH FIRST 2 ROWS ONLY

BeforeExecute
-- DB2 DB2.LUW DB2LUW
DECLARE @p VarChar(6) -- String
SET     @p = 'Tester'

SELECT
	"t"."FirstName",
	"t"."Gender",
	"t"."PersonID",
	"t"."LastName",
	"t"."MiddleName"
FROM
	"Person" "t"
WHERE
	"t"."FirstName" = @p
FETCH FIRST 2 ROWS ONLY

