BeforeExecute
-- MySqlConnector MySql

SET GLOBAL local_infile=ON

BeforeExecute
INSERT BULK `AllTypesNoYear`(bigintDataType, binaryDataType, bitDataType, blobDataType, charDataType, dateDataType, datetimeDataType, decimalDataType, doubleDataType, enumDataType, floatDataType, intDataType, intUnsignedDataType, mediumintDataType, numericDataType, setDataType, smallintDataType, textDataType, timeDataType, timestampDataType, tinyintDataType, varbinaryDataType, varcharDataType

BeforeExecute
INSERT BULK `AllTypesNoYear`(bigintDataType, binaryDataType, bitDataType, blobDataType, charDataType, dateDataType, datetimeDataType, decimalDataType, doubleDataType, enumDataType, floatDataType, intDataType, intUnsignedDataType, mediumintDataType, numericDataType, setDataType, smallintDataType, textDataType, timeDataType, timestampDataType, tinyintDataType, varbinaryDataType, varcharDataType

BeforeExecute
INSERT BULK `AllTypesNoYear`(bigintDataType, binaryDataType, bitDataType, blobDataType, charDataType, dateDataType, datetimeDataType, decimalDataType, doubleDataType, enumDataType, floatDataType, intDataType, intUnsignedDataType, mediumintDataType, numericDataType, setDataType, smallintDataType, textDataType, timeDataType, timestampDataType, tinyintDataType, varbinaryDataType, varcharDataType

BeforeExecute
-- MySqlConnector MySql

SELECT
	Count(*)
FROM
	`AllTypesNoYear` `_`
WHERE
	`_`.`varcharDataType` = '_btest'

BeforeExecute
-- MySqlConnector MySql
DECLARE @take Int32
SET     @take = 10

SELECT
	`_`.`ID`,
	`_`.`bigintDataType`,
	`_`.`binaryDataType`,
	`_`.`bitDataType`,
	`_`.`blobDataType`,
	`_`.`charDataType`,
	`_`.`dateDataType`,
	`_`.`datetimeDataType`,
	`_`.`decimalDataType`,
	`_`.`doubleDataType`,
	`_`.`enumDataType`,
	`_`.`floatDataType`,
	`_`.`intDataType`,
	`_`.`intUnsignedDataType`,
	`_`.`mediumintDataType`,
	`_`.`numericDataType`,
	`_`.`setDataType`,
	`_`.`smallintDataType`,
	`_`.`textDataType`,
	`_`.`timeDataType`,
	`_`.`timestampDataType`,
	`_`.`tinyintDataType`,
	`_`.`varbinaryDataType`,
	`_`.`varcharDataType`
FROM
	`AllTypesNoYear` `_`
WHERE
	`_`.`varcharDataType` = '_btest'
ORDER BY
	`_`.`ID`
LIMIT @take

BeforeExecute
-- MySqlConnector MySql

DELETE `t1`
FROM
	`AllTypes` `t1`
WHERE
	`t1`.`varcharDataType` = '_btest'

BeforeExecute
-- MySqlConnector MySql

DELETE `t1`
FROM
	`AllTypesNoYear` `t1`
WHERE
	`t1`.`varcharDataType` = '_btest'

