BeforeExecute
-- MySqlConnector MySql

SET GLOBAL local_infile=ON

BeforeExecute
-- MySqlConnector MySql

SELECT Max(`PersonID`) FROM `Person`

BeforeExecute
INSERT ASYNC BULK `Person`(FirstName, Gender, PersonID, LastName, MiddleName

BeforeExecute
INSERT ASYNC BULK `Person`(FirstName, Gender, PersonID, LastName, MiddleName

