BeforeExecute
-- Informix.DB2 Informix

DROP TABLE xxPatient22

BeforeExecute
-- Informix.DB2 Informix

CREATE TABLE xxPatient22
(
	Diagnosis NVarChar(255)     NULL,
	PersonID  Int           NOT NULL,

	PRIMARY KEY (PersonID)
)

BeforeExecute
-- Informix.DB2 Informix
DECLARE @Diagnosis VarChar(4) -- String
SET     @Diagnosis = 'ABC1'
DECLARE @PersonID Integer(4) -- Int32
SET     @PersonID = 1

UPDATE
	xxPatient22
SET
	xxPatient22.Diagnosis = @Diagnosis
WHERE
	xxPatient22.PersonID = @PersonID

BeforeExecute
-- Informix.DB2 Informix
DECLARE @Diagnosis VarChar(4) -- String
SET     @Diagnosis = 'ABC1'
DECLARE @PersonID Integer(4) -- Int32
SET     @PersonID = 1

INSERT INTO xxPatient22
(
	Diagnosis,
	PersonID
)
VALUES
(
	@Diagnosis,
	@PersonID
)

BeforeExecute
-- Informix.DB2 Informix
DECLARE @Diagnosis VarChar(4) -- String
SET     @Diagnosis = 'ABC2'
DECLARE @PersonID Integer(4) -- Int32
SET     @PersonID = 2

UPDATE
	xxPatient22
SET
	xxPatient22.Diagnosis = @Diagnosis
WHERE
	xxPatient22.PersonID = @PersonID

BeforeExecute
-- Informix.DB2 Informix
DECLARE @Diagnosis VarChar(4) -- String
SET     @Diagnosis = 'ABC2'
DECLARE @PersonID Integer(4) -- Int32
SET     @PersonID = 2

INSERT INTO xxPatient22
(
	Diagnosis,
	PersonID
)
VALUES
(
	@Diagnosis,
	@PersonID
)

BeforeExecute
-- Informix.DB2 Informix

SELECT
	Count(*)
FROM
	xxPatient22 t1

BeforeExecute
-- Informix.DB2 Informix
DECLARE @Diagnosis VarChar(4) -- String
SET     @Diagnosis = 'ABC1'
DECLARE @PersonID Integer(4) -- Int32
SET     @PersonID = 1

UPDATE
	xxPatient22
SET
	xxPatient22.Diagnosis = @Diagnosis
WHERE
	xxPatient22.PersonID = @PersonID

BeforeExecute
-- Informix.DB2 Informix
DECLARE @Diagnosis VarChar(4) -- String
SET     @Diagnosis = 'ABC2'
DECLARE @PersonID Integer(4) -- Int32
SET     @PersonID = 2

UPDATE
	xxPatient22
SET
	xxPatient22.Diagnosis = @Diagnosis
WHERE
	xxPatient22.PersonID = @PersonID

BeforeExecute
-- Informix.DB2 Informix

SELECT
	Count(*)
FROM
	xxPatient22 t1

BeforeExecute
-- Informix.DB2 Informix

DROP TABLE xxPatient22

