BeforeExecute
-- SqlServer.2008

CREATE TABLE [Animals]
(
	[Name]   NVarChar(100) NOT NULL,
	[Color]  NVarChar(100) NOT NULL,
	[Length] Int           NOT NULL,

	CONSTRAINT [PK_Animals] PRIMARY KEY CLUSTERED ([Name])
)

BeforeExecute
-- SqlServer.2008

CREATE TABLE [AnimalsUpdate]
(
	[Name]      NVarChar(100) NOT NULL,
	[Length]    Int           NOT NULL,
	[Iteration] Int           NOT NULL
)

BeforeExecute
-- SqlServer.2008
DECLARE @Name NVarChar(100) -- String
SET     @Name = N'Elephant'
DECLARE @Length_1 Int -- Int32
SET     @Length_1 = 1379523094
DECLARE @Iteration Int -- Int32
SET     @Iteration = 0

INSERT INTO [AnimalsUpdate]
(
	[Name],
	[Length],
	[Iteration]
)
VALUES
(
	@Name,
	@Length_1,
	@Iteration
)

BeforeExecute
-- SqlServer.2008
DECLARE @Name NVarChar(100) -- String
SET     @Name = N'Cat'
DECLARE @Length_1 Int -- Int32
SET     @Length_1 = 586137476
DECLARE @Iteration Int -- Int32
SET     @Iteration = 0

INSERT INTO [AnimalsUpdate]
(
	[Name],
	[Length],
	[Iteration]
)
VALUES
(
	@Name,
	@Length_1,
	@Iteration
)

BeforeExecute
-- SqlServer.2008
DECLARE @Name NVarChar(100) -- String
SET     @Name = N'Snake'
DECLARE @Length_1 Int -- Int32
SET     @Length_1 = 627736193
DECLARE @Iteration Int -- Int32
SET     @Iteration = 20

INSERT INTO [AnimalsUpdate]
(
	[Name],
	[Length],
	[Iteration]
)
VALUES
(
	@Name,
	@Length_1,
	@Iteration
)

BeforeExecute
-- SqlServer.2008
DECLARE @Name NVarChar(100) -- String
SET     @Name = N'Lizard'
DECLARE @Length_1 Int -- Int32
SET     @Length_1 = 2087899834
DECLARE @Iteration Int -- Int32
SET     @Iteration = 20

INSERT INTO [AnimalsUpdate]
(
	[Name],
	[Length],
	[Iteration]
)
VALUES
(
	@Name,
	@Length_1,
	@Iteration
)

BeforeExecute
-- SqlServer.2008
DECLARE @iteration Int -- Int32
SET     @iteration = 0
DECLARE @Color NVarChar(100) -- String
SET     @Color = N'Grey'

MERGE INTO [Animals] [Target]
USING (
	SELECT
		[_].[Name],
		[_].[Length] as [Length_1]
	FROM
		[AnimalsUpdate] [_]
	WHERE
		[_].[Iteration] = @iteration
) [Source]
(
	[Name], 
	[Length_1]
)
ON ([Target].[Name] = [Source].[Name])

WHEN MATCHED THEN
UPDATE
SET
	[Target].[Color] = @Color,
	[Target].[Length] = [Source].[Length_1]

WHEN NOT MATCHED THEN
INSERT
(
	[Name],
	[Color],
	[Length]
)
VALUES
(
	[Source].[Name],
	@Color,
	[Source].[Length_1]
)
;

BeforeExecute
-- SqlServer.2008
DECLARE @iteration Int -- Int32
SET     @iteration = 20
DECLARE @Color NVarChar(100) -- String
SET     @Color = N'Green'

MERGE INTO [Animals] [Target]
USING (
	SELECT
		[_].[Name],
		[_].[Length] as [Length_1]
	FROM
		[AnimalsUpdate] [_]
	WHERE
		[_].[Iteration] = @iteration
) [Source]
(
	[Name], 
	[Length_1]
)
ON ([Target].[Name] = [Source].[Name])

WHEN MATCHED THEN
UPDATE
SET
	[Target].[Color] = @Color,
	[Target].[Length] = [Source].[Length_1]

WHEN NOT MATCHED THEN
INSERT
(
	[Name],
	[Color],
	[Length]
)
VALUES
(
	[Source].[Name],
	@Color,
	[Source].[Length_1]
)
;

BeforeExecute
-- SqlServer.2008

SELECT
	Count(*)
FROM
	[Animals] [animal]
WHERE
	[animal].[Color] = N'Green'

BeforeExecute
-- SqlServer.2008
DECLARE @Name NVarChar(100) -- String
SET     @Name = N'Elephant'
DECLARE @Length_1 Int -- Int32
SET     @Length_1 = 1706471409
DECLARE @Iteration Int -- Int32
SET     @Iteration = 1

INSERT INTO [AnimalsUpdate]
(
	[Name],
	[Length],
	[Iteration]
)
VALUES
(
	@Name,
	@Length_1,
	@Iteration
)

BeforeExecute
-- SqlServer.2008
DECLARE @Name NVarChar(100) -- String
SET     @Name = N'Cat'
DECLARE @Length_1 Int -- Int32
SET     @Length_1 = 893714706
DECLARE @Iteration Int -- Int32
SET     @Iteration = 1

INSERT INTO [AnimalsUpdate]
(
	[Name],
	[Length],
	[Iteration]
)
VALUES
(
	@Name,
	@Length_1,
	@Iteration
)

BeforeExecute
-- SqlServer.2008
DECLARE @Name NVarChar(100) -- String
SET     @Name = N'Snake'
DECLARE @Length_1 Int -- Int32
SET     @Length_1 = 459936285
DECLARE @Iteration Int -- Int32
SET     @Iteration = 21

INSERT INTO [AnimalsUpdate]
(
	[Name],
	[Length],
	[Iteration]
)
VALUES
(
	@Name,
	@Length_1,
	@Iteration
)

BeforeExecute
-- SqlServer.2008
DECLARE @Name NVarChar(100) -- String
SET     @Name = N'Lizard'
DECLARE @Length_1 Int -- Int32
SET     @Length_1 = 204494927
DECLARE @Iteration Int -- Int32
SET     @Iteration = 21

INSERT INTO [AnimalsUpdate]
(
	[Name],
	[Length],
	[Iteration]
)
VALUES
(
	@Name,
	@Length_1,
	@Iteration
)

BeforeExecute
-- SqlServer.2008
DECLARE @iteration Int -- Int32
SET     @iteration = 21
DECLARE @Color NVarChar(100) -- String
SET     @Color = N'Green'

MERGE INTO [Animals] [Target]
USING (
	SELECT
		[_].[Name],
		[_].[Length] as [Length_1]
	FROM
		[AnimalsUpdate] [_]
	WHERE
		[_].[Iteration] = @iteration
) [Source]
(
	[Name], 
	[Length_1]
)
ON ([Target].[Name] = [Source].[Name])

WHEN MATCHED THEN
UPDATE
SET
	[Target].[Color] = @Color,
	[Target].[Length] = [Source].[Length_1]

WHEN NOT MATCHED THEN
INSERT
(
	[Name],
	[Color],
	[Length]
)
VALUES
(
	[Source].[Name],
	@Color,
	[Source].[Length_1]
)
;

BeforeExecute
-- SqlServer.2008
DECLARE @iteration Int -- Int32
SET     @iteration = 1
DECLARE @Color NVarChar(100) -- String
SET     @Color = N'Grey'

MERGE INTO [Animals] [Target]
USING (
	SELECT
		[_].[Name],
		[_].[Length] as [Length_1]
	FROM
		[AnimalsUpdate] [_]
	WHERE
		[_].[Iteration] = @iteration
) [Source]
(
	[Name], 
	[Length_1]
)
ON ([Target].[Name] = [Source].[Name])

WHEN MATCHED THEN
UPDATE
SET
	[Target].[Color] = @Color,
	[Target].[Length] = [Source].[Length_1]

WHEN NOT MATCHED THEN
INSERT
(
	[Name],
	[Color],
	[Length]
)
VALUES
(
	[Source].[Name],
	@Color,
	[Source].[Length_1]
)
;

BeforeExecute
-- SqlServer.2008

SELECT
	Count(*)
FROM
	[Animals] [animal]
WHERE
	[animal].[Color] = N'Green'

BeforeExecute
-- SqlServer.2008
DECLARE @Name NVarChar(100) -- String
SET     @Name = N'Elephant'
DECLARE @Length_1 Int -- Int32
SET     @Length_1 = 674548231
DECLARE @Iteration Int -- Int32
SET     @Iteration = 2

INSERT INTO [AnimalsUpdate]
(
	[Name],
	[Length],
	[Iteration]
)
VALUES
(
	@Name,
	@Length_1,
	@Iteration
)

BeforeExecute
-- SqlServer.2008
DECLARE @Name NVarChar(100) -- String
SET     @Name = N'Cat'
DECLARE @Length_1 Int -- Int32
SET     @Length_1 = 481987883
DECLARE @Iteration Int -- Int32
SET     @Iteration = 2

INSERT INTO [AnimalsUpdate]
(
	[Name],
	[Length],
	[Iteration]
)
VALUES
(
	@Name,
	@Length_1,
	@Iteration
)

BeforeExecute
-- SqlServer.2008
DECLARE @Name NVarChar(100) -- String
SET     @Name = N'Snake'
DECLARE @Length_1 Int -- Int32
SET     @Length_1 = 12571080
DECLARE @Iteration Int -- Int32
SET     @Iteration = 22

INSERT INTO [AnimalsUpdate]
(
	[Name],
	[Length],
	[Iteration]
)
VALUES
(
	@Name,
	@Length_1,
	@Iteration
)

BeforeExecute
-- SqlServer.2008
DECLARE @Name NVarChar(100) -- String
SET     @Name = N'Lizard'
DECLARE @Length_1 Int -- Int32
SET     @Length_1 = 1945915157
DECLARE @Iteration Int -- Int32
SET     @Iteration = 22

INSERT INTO [AnimalsUpdate]
(
	[Name],
	[Length],
	[Iteration]
)
VALUES
(
	@Name,
	@Length_1,
	@Iteration
)

BeforeExecute
-- SqlServer.2008
DECLARE @iteration Int -- Int32
SET     @iteration = 2
DECLARE @Color NVarChar(100) -- String
SET     @Color = N'Grey'

MERGE INTO [Animals] [Target]
USING (
	SELECT
		[_].[Name],
		[_].[Length] as [Length_1]
	FROM
		[AnimalsUpdate] [_]
	WHERE
		[_].[Iteration] = @iteration
) [Source]
(
	[Name], 
	[Length_1]
)
ON ([Target].[Name] = [Source].[Name])

WHEN MATCHED THEN
UPDATE
SET
	[Target].[Color] = @Color,
	[Target].[Length] = [Source].[Length_1]

WHEN NOT MATCHED THEN
INSERT
(
	[Name],
	[Color],
	[Length]
)
VALUES
(
	[Source].[Name],
	@Color,
	[Source].[Length_1]
)
;

BeforeExecute
-- SqlServer.2008
DECLARE @iteration Int -- Int32
SET     @iteration = 22
DECLARE @Color NVarChar(100) -- String
SET     @Color = N'Green'

MERGE INTO [Animals] [Target]
USING (
	SELECT
		[_].[Name],
		[_].[Length] as [Length_1]
	FROM
		[AnimalsUpdate] [_]
	WHERE
		[_].[Iteration] = @iteration
) [Source]
(
	[Name], 
	[Length_1]
)
ON ([Target].[Name] = [Source].[Name])

WHEN MATCHED THEN
UPDATE
SET
	[Target].[Color] = @Color,
	[Target].[Length] = [Source].[Length_1]

WHEN NOT MATCHED THEN
INSERT
(
	[Name],
	[Color],
	[Length]
)
VALUES
(
	[Source].[Name],
	@Color,
	[Source].[Length_1]
)
;

BeforeExecute
-- SqlServer.2008

SELECT
	Count(*)
FROM
	[Animals] [animal]
WHERE
	[animal].[Color] = N'Green'

BeforeExecute
-- SqlServer.2008
DECLARE @Name NVarChar(100) -- String
SET     @Name = N'Elephant'
DECLARE @Length_1 Int -- Int32
SET     @Length_1 = 364326110
DECLARE @Iteration Int -- Int32
SET     @Iteration = 3

INSERT INTO [AnimalsUpdate]
(
	[Name],
	[Length],
	[Iteration]
)
VALUES
(
	@Name,
	@Length_1,
	@Iteration
)

BeforeExecute
-- SqlServer.2008
DECLARE @Name NVarChar(100) -- String
SET     @Name = N'Cat'
DECLARE @Length_1 Int -- Int32
SET     @Length_1 = 110895433
DECLARE @Iteration Int -- Int32
SET     @Iteration = 3

INSERT INTO [AnimalsUpdate]
(
	[Name],
	[Length],
	[Iteration]
)
VALUES
(
	@Name,
	@Length_1,
	@Iteration
)

BeforeExecute
-- SqlServer.2008
DECLARE @Name NVarChar(100) -- String
SET     @Name = N'Snake'
DECLARE @Length_1 Int -- Int32
SET     @Length_1 = 752922135
DECLARE @Iteration Int -- Int32
SET     @Iteration = 23

INSERT INTO [AnimalsUpdate]
(
	[Name],
	[Length],
	[Iteration]
)
VALUES
(
	@Name,
	@Length_1,
	@Iteration
)

BeforeExecute
-- SqlServer.2008
DECLARE @Name NVarChar(100) -- String
SET     @Name = N'Lizard'
DECLARE @Length_1 Int -- Int32
SET     @Length_1 = 1194649986
DECLARE @Iteration Int -- Int32
SET     @Iteration = 23

INSERT INTO [AnimalsUpdate]
(
	[Name],
	[Length],
	[Iteration]
)
VALUES
(
	@Name,
	@Length_1,
	@Iteration
)

BeforeExecute
-- SqlServer.2008
DECLARE @iteration Int -- Int32
SET     @iteration = 3
DECLARE @Color NVarChar(100) -- String
SET     @Color = N'Grey'

MERGE INTO [Animals] [Target]
USING (
	SELECT
		[_].[Name],
		[_].[Length] as [Length_1]
	FROM
		[AnimalsUpdate] [_]
	WHERE
		[_].[Iteration] = @iteration
) [Source]
(
	[Name], 
	[Length_1]
)
ON ([Target].[Name] = [Source].[Name])

WHEN MATCHED THEN
UPDATE
SET
	[Target].[Color] = @Color,
	[Target].[Length] = [Source].[Length_1]

WHEN NOT MATCHED THEN
INSERT
(
	[Name],
	[Color],
	[Length]
)
VALUES
(
	[Source].[Name],
	@Color,
	[Source].[Length_1]
)
;

BeforeExecute
-- SqlServer.2008
DECLARE @iteration Int -- Int32
SET     @iteration = 23
DECLARE @Color NVarChar(100) -- String
SET     @Color = N'Green'

MERGE INTO [Animals] [Target]
USING (
	SELECT
		[_].[Name],
		[_].[Length] as [Length_1]
	FROM
		[AnimalsUpdate] [_]
	WHERE
		[_].[Iteration] = @iteration
) [Source]
(
	[Name], 
	[Length_1]
)
ON ([Target].[Name] = [Source].[Name])

WHEN MATCHED THEN
UPDATE
SET
	[Target].[Color] = @Color,
	[Target].[Length] = [Source].[Length_1]

WHEN NOT MATCHED THEN
INSERT
(
	[Name],
	[Color],
	[Length]
)
VALUES
(
	[Source].[Name],
	@Color,
	[Source].[Length_1]
)
;

BeforeExecute
-- SqlServer.2008

SELECT
	Count(*)
FROM
	[Animals] [animal]
WHERE
	[animal].[Color] = N'Green'

BeforeExecute
-- SqlServer.2008
DECLARE @Name NVarChar(100) -- String
SET     @Name = N'Elephant'
DECLARE @Length_1 Int -- Int32
SET     @Length_1 = 2136976013
DECLARE @Iteration Int -- Int32
SET     @Iteration = 4

INSERT INTO [AnimalsUpdate]
(
	[Name],
	[Length],
	[Iteration]
)
VALUES
(
	@Name,
	@Length_1,
	@Iteration
)

BeforeExecute
-- SqlServer.2008
DECLARE @Name NVarChar(100) -- String
SET     @Name = N'Cat'
DECLARE @Length_1 Int -- Int32
SET     @Length_1 = 657088506
DECLARE @Iteration Int -- Int32
SET     @Iteration = 4

INSERT INTO [AnimalsUpdate]
(
	[Name],
	[Length],
	[Iteration]
)
VALUES
(
	@Name,
	@Length_1,
	@Iteration
)

BeforeExecute
-- SqlServer.2008
DECLARE @Name NVarChar(100) -- String
SET     @Name = N'Snake'
DECLARE @Length_1 Int -- Int32
SET     @Length_1 = 1512997593
DECLARE @Iteration Int -- Int32
SET     @Iteration = 24

INSERT INTO [AnimalsUpdate]
(
	[Name],
	[Length],
	[Iteration]
)
VALUES
(
	@Name,
	@Length_1,
	@Iteration
)

BeforeExecute
-- SqlServer.2008
DECLARE @Name NVarChar(100) -- String
SET     @Name = N'Lizard'
DECLARE @Length_1 Int -- Int32
SET     @Length_1 = 1028919611
DECLARE @Iteration Int -- Int32
SET     @Iteration = 24

INSERT INTO [AnimalsUpdate]
(
	[Name],
	[Length],
	[Iteration]
)
VALUES
(
	@Name,
	@Length_1,
	@Iteration
)

BeforeExecute
-- SqlServer.2008
DECLARE @iteration Int -- Int32
SET     @iteration = 4
DECLARE @Color NVarChar(100) -- String
SET     @Color = N'Grey'

MERGE INTO [Animals] [Target]
USING (
	SELECT
		[_].[Name],
		[_].[Length] as [Length_1]
	FROM
		[AnimalsUpdate] [_]
	WHERE
		[_].[Iteration] = @iteration
) [Source]
(
	[Name], 
	[Length_1]
)
ON ([Target].[Name] = [Source].[Name])

WHEN MATCHED THEN
UPDATE
SET
	[Target].[Color] = @Color,
	[Target].[Length] = [Source].[Length_1]

WHEN NOT MATCHED THEN
INSERT
(
	[Name],
	[Color],
	[Length]
)
VALUES
(
	[Source].[Name],
	@Color,
	[Source].[Length_1]
)
;

BeforeExecute
-- SqlServer.2008
DECLARE @iteration Int -- Int32
SET     @iteration = 24
DECLARE @Color NVarChar(100) -- String
SET     @Color = N'Green'

MERGE INTO [Animals] [Target]
USING (
	SELECT
		[_].[Name],
		[_].[Length] as [Length_1]
	FROM
		[AnimalsUpdate] [_]
	WHERE
		[_].[Iteration] = @iteration
) [Source]
(
	[Name], 
	[Length_1]
)
ON ([Target].[Name] = [Source].[Name])

WHEN MATCHED THEN
UPDATE
SET
	[Target].[Color] = @Color,
	[Target].[Length] = [Source].[Length_1]

WHEN NOT MATCHED THEN
INSERT
(
	[Name],
	[Color],
	[Length]
)
VALUES
(
	[Source].[Name],
	@Color,
	[Source].[Length_1]
)
;

BeforeExecute
-- SqlServer.2008

SELECT
	Count(*)
FROM
	[Animals] [animal]
WHERE
	[animal].[Color] = N'Green'

BeforeExecute
-- SqlServer.2008
DECLARE @Name NVarChar(100) -- String
SET     @Name = N'Elephant'
DECLARE @Length_1 Int -- Int32
SET     @Length_1 = 1453570795
DECLARE @Iteration Int -- Int32
SET     @Iteration = 5

INSERT INTO [AnimalsUpdate]
(
	[Name],
	[Length],
	[Iteration]
)
VALUES
(
	@Name,
	@Length_1,
	@Iteration
)

BeforeExecute
-- SqlServer.2008
DECLARE @Name NVarChar(100) -- String
SET     @Name = N'Cat'
DECLARE @Length_1 Int -- Int32
SET     @Length_1 = 1233135399
DECLARE @Iteration Int -- Int32
SET     @Iteration = 5

INSERT INTO [AnimalsUpdate]
(
	[Name],
	[Length],
	[Iteration]
)
VALUES
(
	@Name,
	@Length_1,
	@Iteration
)

BeforeExecute
-- SqlServer.2008
DECLARE @Name NVarChar(100) -- String
SET     @Name = N'Snake'
DECLARE @Length_1 Int -- Int32
SET     @Length_1 = 246988017
DECLARE @Iteration Int -- Int32
SET     @Iteration = 25

INSERT INTO [AnimalsUpdate]
(
	[Name],
	[Length],
	[Iteration]
)
VALUES
(
	@Name,
	@Length_1,
	@Iteration
)

BeforeExecute
-- SqlServer.2008
DECLARE @Name NVarChar(100) -- String
SET     @Name = N'Lizard'
DECLARE @Length_1 Int -- Int32
SET     @Length_1 = 98509905
DECLARE @Iteration Int -- Int32
SET     @Iteration = 25

INSERT INTO [AnimalsUpdate]
(
	[Name],
	[Length],
	[Iteration]
)
VALUES
(
	@Name,
	@Length_1,
	@Iteration
)

BeforeExecute
-- SqlServer.2008
DECLARE @iteration Int -- Int32
SET     @iteration = 5
DECLARE @Color NVarChar(100) -- String
SET     @Color = N'Grey'

MERGE INTO [Animals] [Target]
USING (
	SELECT
		[_].[Name],
		[_].[Length] as [Length_1]
	FROM
		[AnimalsUpdate] [_]
	WHERE
		[_].[Iteration] = @iteration
) [Source]
(
	[Name], 
	[Length_1]
)
ON ([Target].[Name] = [Source].[Name])

WHEN MATCHED THEN
UPDATE
SET
	[Target].[Color] = @Color,
	[Target].[Length] = [Source].[Length_1]

WHEN NOT MATCHED THEN
INSERT
(
	[Name],
	[Color],
	[Length]
)
VALUES
(
	[Source].[Name],
	@Color,
	[Source].[Length_1]
)
;

BeforeExecute
-- SqlServer.2008
DECLARE @iteration Int -- Int32
SET     @iteration = 25
DECLARE @Color NVarChar(100) -- String
SET     @Color = N'Green'

MERGE INTO [Animals] [Target]
USING (
	SELECT
		[_].[Name],
		[_].[Length] as [Length_1]
	FROM
		[AnimalsUpdate] [_]
	WHERE
		[_].[Iteration] = @iteration
) [Source]
(
	[Name], 
	[Length_1]
)
ON ([Target].[Name] = [Source].[Name])

WHEN MATCHED THEN
UPDATE
SET
	[Target].[Color] = @Color,
	[Target].[Length] = [Source].[Length_1]

WHEN NOT MATCHED THEN
INSERT
(
	[Name],
	[Color],
	[Length]
)
VALUES
(
	[Source].[Name],
	@Color,
	[Source].[Length_1]
)
;

BeforeExecute
-- SqlServer.2008

SELECT
	Count(*)
FROM
	[Animals] [animal]
WHERE
	[animal].[Color] = N'Green'

BeforeExecute
-- SqlServer.2008
DECLARE @Name NVarChar(100) -- String
SET     @Name = N'Elephant'
DECLARE @Length_1 Int -- Int32
SET     @Length_1 = 969873157
DECLARE @Iteration Int -- Int32
SET     @Iteration = 6

INSERT INTO [AnimalsUpdate]
(
	[Name],
	[Length],
	[Iteration]
)
VALUES
(
	@Name,
	@Length_1,
	@Iteration
)

BeforeExecute
-- SqlServer.2008
DECLARE @Name NVarChar(100) -- String
SET     @Name = N'Cat'
DECLARE @Length_1 Int -- Int32
SET     @Length_1 = 18679029
DECLARE @Iteration Int -- Int32
SET     @Iteration = 6

INSERT INTO [AnimalsUpdate]
(
	[Name],
	[Length],
	[Iteration]
)
VALUES
(
	@Name,
	@Length_1,
	@Iteration
)

BeforeExecute
-- SqlServer.2008
DECLARE @Name NVarChar(100) -- String
SET     @Name = N'Snake'
DECLARE @Length_1 Int -- Int32
SET     @Length_1 = 423181460
DECLARE @Iteration Int -- Int32
SET     @Iteration = 26

INSERT INTO [AnimalsUpdate]
(
	[Name],
	[Length],
	[Iteration]
)
VALUES
(
	@Name,
	@Length_1,
	@Iteration
)

BeforeExecute
-- SqlServer.2008
DECLARE @Name NVarChar(100) -- String
SET     @Name = N'Lizard'
DECLARE @Length_1 Int -- Int32
SET     @Length_1 = 1607971580
DECLARE @Iteration Int -- Int32
SET     @Iteration = 26

INSERT INTO [AnimalsUpdate]
(
	[Name],
	[Length],
	[Iteration]
)
VALUES
(
	@Name,
	@Length_1,
	@Iteration
)

BeforeExecute
-- SqlServer.2008
DECLARE @iteration Int -- Int32
SET     @iteration = 6
DECLARE @Color NVarChar(100) -- String
SET     @Color = N'Grey'

MERGE INTO [Animals] [Target]
USING (
	SELECT
		[_].[Name],
		[_].[Length] as [Length_1]
	FROM
		[AnimalsUpdate] [_]
	WHERE
		[_].[Iteration] = @iteration
) [Source]
(
	[Name], 
	[Length_1]
)
ON ([Target].[Name] = [Source].[Name])

WHEN MATCHED THEN
UPDATE
SET
	[Target].[Color] = @Color,
	[Target].[Length] = [Source].[Length_1]

WHEN NOT MATCHED THEN
INSERT
(
	[Name],
	[Color],
	[Length]
)
VALUES
(
	[Source].[Name],
	@Color,
	[Source].[Length_1]
)
;

BeforeExecute
-- SqlServer.2008
DECLARE @iteration Int -- Int32
SET     @iteration = 26
DECLARE @Color NVarChar(100) -- String
SET     @Color = N'Green'

MERGE INTO [Animals] [Target]
USING (
	SELECT
		[_].[Name],
		[_].[Length] as [Length_1]
	FROM
		[AnimalsUpdate] [_]
	WHERE
		[_].[Iteration] = @iteration
) [Source]
(
	[Name], 
	[Length_1]
)
ON ([Target].[Name] = [Source].[Name])

WHEN MATCHED THEN
UPDATE
SET
	[Target].[Color] = @Color,
	[Target].[Length] = [Source].[Length_1]

WHEN NOT MATCHED THEN
INSERT
(
	[Name],
	[Color],
	[Length]
)
VALUES
(
	[Source].[Name],
	@Color,
	[Source].[Length_1]
)
;

BeforeExecute
-- SqlServer.2008

SELECT
	Count(*)
FROM
	[Animals] [animal]
WHERE
	[animal].[Color] = N'Green'

BeforeExecute
-- SqlServer.2008
DECLARE @Name NVarChar(100) -- String
SET     @Name = N'Elephant'
DECLARE @Length_1 Int -- Int32
SET     @Length_1 = 1658978864
DECLARE @Iteration Int -- Int32
SET     @Iteration = 7

INSERT INTO [AnimalsUpdate]
(
	[Name],
	[Length],
	[Iteration]
)
VALUES
(
	@Name,
	@Length_1,
	@Iteration
)

BeforeExecute
-- SqlServer.2008
DECLARE @Name NVarChar(100) -- String
SET     @Name = N'Cat'
DECLARE @Length_1 Int -- Int32
SET     @Length_1 = 886839252
DECLARE @Iteration Int -- Int32
SET     @Iteration = 7

INSERT INTO [AnimalsUpdate]
(
	[Name],
	[Length],
	[Iteration]
)
VALUES
(
	@Name,
	@Length_1,
	@Iteration
)

BeforeExecute
-- SqlServer.2008
DECLARE @Name NVarChar(100) -- String
SET     @Name = N'Snake'
DECLARE @Length_1 Int -- Int32
SET     @Length_1 = 1232122681
DECLARE @Iteration Int -- Int32
SET     @Iteration = 27

INSERT INTO [AnimalsUpdate]
(
	[Name],
	[Length],
	[Iteration]
)
VALUES
(
	@Name,
	@Length_1,
	@Iteration
)

BeforeExecute
-- SqlServer.2008
DECLARE @Name NVarChar(100) -- String
SET     @Name = N'Lizard'
DECLARE @Length_1 Int -- Int32
SET     @Length_1 = 615105639
DECLARE @Iteration Int -- Int32
SET     @Iteration = 27

INSERT INTO [AnimalsUpdate]
(
	[Name],
	[Length],
	[Iteration]
)
VALUES
(
	@Name,
	@Length_1,
	@Iteration
)

BeforeExecute
-- SqlServer.2008
DECLARE @iteration Int -- Int32
SET     @iteration = 7
DECLARE @Color NVarChar(100) -- String
SET     @Color = N'Grey'

MERGE INTO [Animals] [Target]
USING (
	SELECT
		[_].[Name],
		[_].[Length] as [Length_1]
	FROM
		[AnimalsUpdate] [_]
	WHERE
		[_].[Iteration] = @iteration
) [Source]
(
	[Name], 
	[Length_1]
)
ON ([Target].[Name] = [Source].[Name])

WHEN MATCHED THEN
UPDATE
SET
	[Target].[Color] = @Color,
	[Target].[Length] = [Source].[Length_1]

WHEN NOT MATCHED THEN
INSERT
(
	[Name],
	[Color],
	[Length]
)
VALUES
(
	[Source].[Name],
	@Color,
	[Source].[Length_1]
)
;

BeforeExecute
-- SqlServer.2008
DECLARE @iteration Int -- Int32
SET     @iteration = 27
DECLARE @Color NVarChar(100) -- String
SET     @Color = N'Green'

MERGE INTO [Animals] [Target]
USING (
	SELECT
		[_].[Name],
		[_].[Length] as [Length_1]
	FROM
		[AnimalsUpdate] [_]
	WHERE
		[_].[Iteration] = @iteration
) [Source]
(
	[Name], 
	[Length_1]
)
ON ([Target].[Name] = [Source].[Name])

WHEN MATCHED THEN
UPDATE
SET
	[Target].[Color] = @Color,
	[Target].[Length] = [Source].[Length_1]

WHEN NOT MATCHED THEN
INSERT
(
	[Name],
	[Color],
	[Length]
)
VALUES
(
	[Source].[Name],
	@Color,
	[Source].[Length_1]
)
;

BeforeExecute
-- SqlServer.2008

SELECT
	Count(*)
FROM
	[Animals] [animal]
WHERE
	[animal].[Color] = N'Green'

BeforeExecute
-- SqlServer.2008
DECLARE @Name NVarChar(100) -- String
SET     @Name = N'Elephant'
DECLARE @Length_1 Int -- Int32
SET     @Length_1 = 313523176
DECLARE @Iteration Int -- Int32
SET     @Iteration = 8

INSERT INTO [AnimalsUpdate]
(
	[Name],
	[Length],
	[Iteration]
)
VALUES
(
	@Name,
	@Length_1,
	@Iteration
)

BeforeExecute
-- SqlServer.2008
DECLARE @Name NVarChar(100) -- String
SET     @Name = N'Cat'
DECLARE @Length_1 Int -- Int32
SET     @Length_1 = 1424944081
DECLARE @Iteration Int -- Int32
SET     @Iteration = 8

INSERT INTO [AnimalsUpdate]
(
	[Name],
	[Length],
	[Iteration]
)
VALUES
(
	@Name,
	@Length_1,
	@Iteration
)

BeforeExecute
-- SqlServer.2008
DECLARE @Name NVarChar(100) -- String
SET     @Name = N'Snake'
DECLARE @Length_1 Int -- Int32
SET     @Length_1 = 2024229948
DECLARE @Iteration Int -- Int32
SET     @Iteration = 28

INSERT INTO [AnimalsUpdate]
(
	[Name],
	[Length],
	[Iteration]
)
VALUES
(
	@Name,
	@Length_1,
	@Iteration
)

BeforeExecute
-- SqlServer.2008
DECLARE @Name NVarChar(100) -- String
SET     @Name = N'Lizard'
DECLARE @Length_1 Int -- Int32
SET     @Length_1 = 522634913
DECLARE @Iteration Int -- Int32
SET     @Iteration = 28

INSERT INTO [AnimalsUpdate]
(
	[Name],
	[Length],
	[Iteration]
)
VALUES
(
	@Name,
	@Length_1,
	@Iteration
)

BeforeExecute
-- SqlServer.2008
DECLARE @iteration Int -- Int32
SET     @iteration = 8
DECLARE @Color NVarChar(100) -- String
SET     @Color = N'Grey'

MERGE INTO [Animals] [Target]
USING (
	SELECT
		[_].[Name],
		[_].[Length] as [Length_1]
	FROM
		[AnimalsUpdate] [_]
	WHERE
		[_].[Iteration] = @iteration
) [Source]
(
	[Name], 
	[Length_1]
)
ON ([Target].[Name] = [Source].[Name])

WHEN MATCHED THEN
UPDATE
SET
	[Target].[Color] = @Color,
	[Target].[Length] = [Source].[Length_1]

WHEN NOT MATCHED THEN
INSERT
(
	[Name],
	[Color],
	[Length]
)
VALUES
(
	[Source].[Name],
	@Color,
	[Source].[Length_1]
)
;

BeforeExecute
-- SqlServer.2008
DECLARE @iteration Int -- Int32
SET     @iteration = 28
DECLARE @Color NVarChar(100) -- String
SET     @Color = N'Green'

MERGE INTO [Animals] [Target]
USING (
	SELECT
		[_].[Name],
		[_].[Length] as [Length_1]
	FROM
		[AnimalsUpdate] [_]
	WHERE
		[_].[Iteration] = @iteration
) [Source]
(
	[Name], 
	[Length_1]
)
ON ([Target].[Name] = [Source].[Name])

WHEN MATCHED THEN
UPDATE
SET
	[Target].[Color] = @Color,
	[Target].[Length] = [Source].[Length_1]

WHEN NOT MATCHED THEN
INSERT
(
	[Name],
	[Color],
	[Length]
)
VALUES
(
	[Source].[Name],
	@Color,
	[Source].[Length_1]
)
;

BeforeExecute
-- SqlServer.2008

SELECT
	Count(*)
FROM
	[Animals] [animal]
WHERE
	[animal].[Color] = N'Green'

BeforeExecute
-- SqlServer.2008
DECLARE @Name NVarChar(100) -- String
SET     @Name = N'Elephant'
DECLARE @Length_1 Int -- Int32
SET     @Length_1 = 898142491
DECLARE @Iteration Int -- Int32
SET     @Iteration = 9

INSERT INTO [AnimalsUpdate]
(
	[Name],
	[Length],
	[Iteration]
)
VALUES
(
	@Name,
	@Length_1,
	@Iteration
)

BeforeExecute
-- SqlServer.2008
DECLARE @Name NVarChar(100) -- String
SET     @Name = N'Cat'
DECLARE @Length_1 Int -- Int32
SET     @Length_1 = 278190557
DECLARE @Iteration Int -- Int32
SET     @Iteration = 9

INSERT INTO [AnimalsUpdate]
(
	[Name],
	[Length],
	[Iteration]
)
VALUES
(
	@Name,
	@Length_1,
	@Iteration
)

BeforeExecute
-- SqlServer.2008
DECLARE @Name NVarChar(100) -- String
SET     @Name = N'Snake'
DECLARE @Length_1 Int -- Int32
SET     @Length_1 = 1856753618
DECLARE @Iteration Int -- Int32
SET     @Iteration = 29

INSERT INTO [AnimalsUpdate]
(
	[Name],
	[Length],
	[Iteration]
)
VALUES
(
	@Name,
	@Length_1,
	@Iteration
)

BeforeExecute
-- SqlServer.2008
DECLARE @Name NVarChar(100) -- String
SET     @Name = N'Lizard'
DECLARE @Length_1 Int -- Int32
SET     @Length_1 = 231008422
DECLARE @Iteration Int -- Int32
SET     @Iteration = 29

INSERT INTO [AnimalsUpdate]
(
	[Name],
	[Length],
	[Iteration]
)
VALUES
(
	@Name,
	@Length_1,
	@Iteration
)

BeforeExecute
-- SqlServer.2008
DECLARE @iteration Int -- Int32
SET     @iteration = 9
DECLARE @Color NVarChar(100) -- String
SET     @Color = N'Grey'

MERGE INTO [Animals] [Target]
USING (
	SELECT
		[_].[Name],
		[_].[Length] as [Length_1]
	FROM
		[AnimalsUpdate] [_]
	WHERE
		[_].[Iteration] = @iteration
) [Source]
(
	[Name], 
	[Length_1]
)
ON ([Target].[Name] = [Source].[Name])

WHEN MATCHED THEN
UPDATE
SET
	[Target].[Color] = @Color,
	[Target].[Length] = [Source].[Length_1]

WHEN NOT MATCHED THEN
INSERT
(
	[Name],
	[Color],
	[Length]
)
VALUES
(
	[Source].[Name],
	@Color,
	[Source].[Length_1]
)
;

BeforeExecute
-- SqlServer.2008
DECLARE @iteration Int -- Int32
SET     @iteration = 29
DECLARE @Color NVarChar(100) -- String
SET     @Color = N'Green'

MERGE INTO [Animals] [Target]
USING (
	SELECT
		[_].[Name],
		[_].[Length] as [Length_1]
	FROM
		[AnimalsUpdate] [_]
	WHERE
		[_].[Iteration] = @iteration
) [Source]
(
	[Name], 
	[Length_1]
)
ON ([Target].[Name] = [Source].[Name])

WHEN MATCHED THEN
UPDATE
SET
	[Target].[Color] = @Color,
	[Target].[Length] = [Source].[Length_1]

WHEN NOT MATCHED THEN
INSERT
(
	[Name],
	[Color],
	[Length]
)
VALUES
(
	[Source].[Name],
	@Color,
	[Source].[Length_1]
)
;

BeforeExecute
-- SqlServer.2008

SELECT
	Count(*)
FROM
	[Animals] [animal]
WHERE
	[animal].[Color] = N'Green'

BeforeExecute
-- SqlServer.2008
DECLARE @Name NVarChar(100) -- String
SET     @Name = N'Elephant'
DECLARE @Length_1 Int -- Int32
SET     @Length_1 = 2134548780
DECLARE @Iteration Int -- Int32
SET     @Iteration = 10

INSERT INTO [AnimalsUpdate]
(
	[Name],
	[Length],
	[Iteration]
)
VALUES
(
	@Name,
	@Length_1,
	@Iteration
)

BeforeExecute
-- SqlServer.2008
DECLARE @Name NVarChar(100) -- String
SET     @Name = N'Cat'
DECLARE @Length_1 Int -- Int32
SET     @Length_1 = 1136048492
DECLARE @Iteration Int -- Int32
SET     @Iteration = 10

INSERT INTO [AnimalsUpdate]
(
	[Name],
	[Length],
	[Iteration]
)
VALUES
(
	@Name,
	@Length_1,
	@Iteration
)

BeforeExecute
-- SqlServer.2008
DECLARE @Name NVarChar(100) -- String
SET     @Name = N'Snake'
DECLARE @Length_1 Int -- Int32
SET     @Length_1 = 310405745
DECLARE @Iteration Int -- Int32
SET     @Iteration = 30

INSERT INTO [AnimalsUpdate]
(
	[Name],
	[Length],
	[Iteration]
)
VALUES
(
	@Name,
	@Length_1,
	@Iteration
)

BeforeExecute
-- SqlServer.2008
DECLARE @Name NVarChar(100) -- String
SET     @Name = N'Lizard'
DECLARE @Length_1 Int -- Int32
SET     @Length_1 = 1723801254
DECLARE @Iteration Int -- Int32
SET     @Iteration = 30

INSERT INTO [AnimalsUpdate]
(
	[Name],
	[Length],
	[Iteration]
)
VALUES
(
	@Name,
	@Length_1,
	@Iteration
)

BeforeExecute
-- SqlServer.2008
DECLARE @iteration Int -- Int32
SET     @iteration = 10
DECLARE @Color NVarChar(100) -- String
SET     @Color = N'Grey'

MERGE INTO [Animals] [Target]
USING (
	SELECT
		[_].[Name],
		[_].[Length] as [Length_1]
	FROM
		[AnimalsUpdate] [_]
	WHERE
		[_].[Iteration] = @iteration
) [Source]
(
	[Name], 
	[Length_1]
)
ON ([Target].[Name] = [Source].[Name])

WHEN MATCHED THEN
UPDATE
SET
	[Target].[Color] = @Color,
	[Target].[Length] = [Source].[Length_1]

WHEN NOT MATCHED THEN
INSERT
(
	[Name],
	[Color],
	[Length]
)
VALUES
(
	[Source].[Name],
	@Color,
	[Source].[Length_1]
)
;

BeforeExecute
-- SqlServer.2008
DECLARE @iteration Int -- Int32
SET     @iteration = 30
DECLARE @Color NVarChar(100) -- String
SET     @Color = N'Green'

MERGE INTO [Animals] [Target]
USING (
	SELECT
		[_].[Name],
		[_].[Length] as [Length_1]
	FROM
		[AnimalsUpdate] [_]
	WHERE
		[_].[Iteration] = @iteration
) [Source]
(
	[Name], 
	[Length_1]
)
ON ([Target].[Name] = [Source].[Name])

WHEN MATCHED THEN
UPDATE
SET
	[Target].[Color] = @Color,
	[Target].[Length] = [Source].[Length_1]

WHEN NOT MATCHED THEN
INSERT
(
	[Name],
	[Color],
	[Length]
)
VALUES
(
	[Source].[Name],
	@Color,
	[Source].[Length_1]
)
;

BeforeExecute
-- SqlServer.2008

SELECT
	Count(*)
FROM
	[Animals] [animal]
WHERE
	[animal].[Color] = N'Green'

BeforeExecute
-- SqlServer.2008
DECLARE @Name NVarChar(100) -- String
SET     @Name = N'Elephant'
DECLARE @Length_1 Int -- Int32
SET     @Length_1 = 205516997
DECLARE @Iteration Int -- Int32
SET     @Iteration = 11

INSERT INTO [AnimalsUpdate]
(
	[Name],
	[Length],
	[Iteration]
)
VALUES
(
	@Name,
	@Length_1,
	@Iteration
)

BeforeExecute
-- SqlServer.2008
DECLARE @Name NVarChar(100) -- String
SET     @Name = N'Cat'
DECLARE @Length_1 Int -- Int32
SET     @Length_1 = 1177249024
DECLARE @Iteration Int -- Int32
SET     @Iteration = 11

INSERT INTO [AnimalsUpdate]
(
	[Name],
	[Length],
	[Iteration]
)
VALUES
(
	@Name,
	@Length_1,
	@Iteration
)

BeforeExecute
-- SqlServer.2008
DECLARE @Name NVarChar(100) -- String
SET     @Name = N'Snake'
DECLARE @Length_1 Int -- Int32
SET     @Length_1 = 1875308227
DECLARE @Iteration Int -- Int32
SET     @Iteration = 31

INSERT INTO [AnimalsUpdate]
(
	[Name],
	[Length],
	[Iteration]
)
VALUES
(
	@Name,
	@Length_1,
	@Iteration
)

BeforeExecute
-- SqlServer.2008
DECLARE @Name NVarChar(100) -- String
SET     @Name = N'Lizard'
DECLARE @Length_1 Int -- Int32
SET     @Length_1 = 1365339584
DECLARE @Iteration Int -- Int32
SET     @Iteration = 31

INSERT INTO [AnimalsUpdate]
(
	[Name],
	[Length],
	[Iteration]
)
VALUES
(
	@Name,
	@Length_1,
	@Iteration
)

BeforeExecute
-- SqlServer.2008
DECLARE @iteration Int -- Int32
SET     @iteration = 11
DECLARE @Color NVarChar(100) -- String
SET     @Color = N'Grey'

MERGE INTO [Animals] [Target]
USING (
	SELECT
		[_].[Name],
		[_].[Length] as [Length_1]
	FROM
		[AnimalsUpdate] [_]
	WHERE
		[_].[Iteration] = @iteration
) [Source]
(
	[Name], 
	[Length_1]
)
ON ([Target].[Name] = [Source].[Name])

WHEN MATCHED THEN
UPDATE
SET
	[Target].[Color] = @Color,
	[Target].[Length] = [Source].[Length_1]

WHEN NOT MATCHED THEN
INSERT
(
	[Name],
	[Color],
	[Length]
)
VALUES
(
	[Source].[Name],
	@Color,
	[Source].[Length_1]
)
;

BeforeExecute
-- SqlServer.2008
DECLARE @iteration Int -- Int32
SET     @iteration = 31
DECLARE @Color NVarChar(100) -- String
SET     @Color = N'Green'

MERGE INTO [Animals] [Target]
USING (
	SELECT
		[_].[Name],
		[_].[Length] as [Length_1]
	FROM
		[AnimalsUpdate] [_]
	WHERE
		[_].[Iteration] = @iteration
) [Source]
(
	[Name], 
	[Length_1]
)
ON ([Target].[Name] = [Source].[Name])

WHEN MATCHED THEN
UPDATE
SET
	[Target].[Color] = @Color,
	[Target].[Length] = [Source].[Length_1]

WHEN NOT MATCHED THEN
INSERT
(
	[Name],
	[Color],
	[Length]
)
VALUES
(
	[Source].[Name],
	@Color,
	[Source].[Length_1]
)
;

BeforeExecute
-- SqlServer.2008

SELECT
	Count(*)
FROM
	[Animals] [animal]
WHERE
	[animal].[Color] = N'Green'

BeforeExecute
-- SqlServer.2008
DECLARE @Name NVarChar(100) -- String
SET     @Name = N'Elephant'
DECLARE @Length_1 Int -- Int32
SET     @Length_1 = 1091153045
DECLARE @Iteration Int -- Int32
SET     @Iteration = 12

INSERT INTO [AnimalsUpdate]
(
	[Name],
	[Length],
	[Iteration]
)
VALUES
(
	@Name,
	@Length_1,
	@Iteration
)

BeforeExecute
-- SqlServer.2008
DECLARE @Name NVarChar(100) -- String
SET     @Name = N'Cat'
DECLARE @Length_1 Int -- Int32
SET     @Length_1 = 2035062346
DECLARE @Iteration Int -- Int32
SET     @Iteration = 12

INSERT INTO [AnimalsUpdate]
(
	[Name],
	[Length],
	[Iteration]
)
VALUES
(
	@Name,
	@Length_1,
	@Iteration
)

BeforeExecute
-- SqlServer.2008
DECLARE @Name NVarChar(100) -- String
SET     @Name = N'Snake'
DECLARE @Length_1 Int -- Int32
SET     @Length_1 = 1061211162
DECLARE @Iteration Int -- Int32
SET     @Iteration = 32

INSERT INTO [AnimalsUpdate]
(
	[Name],
	[Length],
	[Iteration]
)
VALUES
(
	@Name,
	@Length_1,
	@Iteration
)

BeforeExecute
-- SqlServer.2008
DECLARE @Name NVarChar(100) -- String
SET     @Name = N'Lizard'
DECLARE @Length_1 Int -- Int32
SET     @Length_1 = 2056524974
DECLARE @Iteration Int -- Int32
SET     @Iteration = 32

INSERT INTO [AnimalsUpdate]
(
	[Name],
	[Length],
	[Iteration]
)
VALUES
(
	@Name,
	@Length_1,
	@Iteration
)

BeforeExecute
-- SqlServer.2008
DECLARE @iteration Int -- Int32
SET     @iteration = 12
DECLARE @Color NVarChar(100) -- String
SET     @Color = N'Grey'

MERGE INTO [Animals] [Target]
USING (
	SELECT
		[_].[Name],
		[_].[Length] as [Length_1]
	FROM
		[AnimalsUpdate] [_]
	WHERE
		[_].[Iteration] = @iteration
) [Source]
(
	[Name], 
	[Length_1]
)
ON ([Target].[Name] = [Source].[Name])

WHEN MATCHED THEN
UPDATE
SET
	[Target].[Color] = @Color,
	[Target].[Length] = [Source].[Length_1]

WHEN NOT MATCHED THEN
INSERT
(
	[Name],
	[Color],
	[Length]
)
VALUES
(
	[Source].[Name],
	@Color,
	[Source].[Length_1]
)
;

BeforeExecute
-- SqlServer.2008
DECLARE @iteration Int -- Int32
SET     @iteration = 32
DECLARE @Color NVarChar(100) -- String
SET     @Color = N'Green'

MERGE INTO [Animals] [Target]
USING (
	SELECT
		[_].[Name],
		[_].[Length] as [Length_1]
	FROM
		[AnimalsUpdate] [_]
	WHERE
		[_].[Iteration] = @iteration
) [Source]
(
	[Name], 
	[Length_1]
)
ON ([Target].[Name] = [Source].[Name])

WHEN MATCHED THEN
UPDATE
SET
	[Target].[Color] = @Color,
	[Target].[Length] = [Source].[Length_1]

WHEN NOT MATCHED THEN
INSERT
(
	[Name],
	[Color],
	[Length]
)
VALUES
(
	[Source].[Name],
	@Color,
	[Source].[Length_1]
)
;

BeforeExecute
-- SqlServer.2008

SELECT
	Count(*)
FROM
	[Animals] [animal]
WHERE
	[animal].[Color] = N'Green'

BeforeExecute
-- SqlServer.2008
DECLARE @Name NVarChar(100) -- String
SET     @Name = N'Elephant'
DECLARE @Length_1 Int -- Int32
SET     @Length_1 = 1178210575
DECLARE @Iteration Int -- Int32
SET     @Iteration = 13

INSERT INTO [AnimalsUpdate]
(
	[Name],
	[Length],
	[Iteration]
)
VALUES
(
	@Name,
	@Length_1,
	@Iteration
)

BeforeExecute
-- SqlServer.2008
DECLARE @Name NVarChar(100) -- String
SET     @Name = N'Cat'
DECLARE @Length_1 Int -- Int32
SET     @Length_1 = 1863837507
DECLARE @Iteration Int -- Int32
SET     @Iteration = 13

INSERT INTO [AnimalsUpdate]
(
	[Name],
	[Length],
	[Iteration]
)
VALUES
(
	@Name,
	@Length_1,
	@Iteration
)

BeforeExecute
-- SqlServer.2008
DECLARE @Name NVarChar(100) -- String
SET     @Name = N'Snake'
DECLARE @Length_1 Int -- Int32
SET     @Length_1 = 76160584
DECLARE @Iteration Int -- Int32
SET     @Iteration = 33

INSERT INTO [AnimalsUpdate]
(
	[Name],
	[Length],
	[Iteration]
)
VALUES
(
	@Name,
	@Length_1,
	@Iteration
)

BeforeExecute
-- SqlServer.2008
DECLARE @Name NVarChar(100) -- String
SET     @Name = N'Lizard'
DECLARE @Length_1 Int -- Int32
SET     @Length_1 = 146387695
DECLARE @Iteration Int -- Int32
SET     @Iteration = 33

INSERT INTO [AnimalsUpdate]
(
	[Name],
	[Length],
	[Iteration]
)
VALUES
(
	@Name,
	@Length_1,
	@Iteration
)

BeforeExecute
-- SqlServer.2008
DECLARE @iteration Int -- Int32
SET     @iteration = 13
DECLARE @Color NVarChar(100) -- String
SET     @Color = N'Grey'

MERGE INTO [Animals] [Target]
USING (
	SELECT
		[_].[Name],
		[_].[Length] as [Length_1]
	FROM
		[AnimalsUpdate] [_]
	WHERE
		[_].[Iteration] = @iteration
) [Source]
(
	[Name], 
	[Length_1]
)
ON ([Target].[Name] = [Source].[Name])

WHEN MATCHED THEN
UPDATE
SET
	[Target].[Color] = @Color,
	[Target].[Length] = [Source].[Length_1]

WHEN NOT MATCHED THEN
INSERT
(
	[Name],
	[Color],
	[Length]
)
VALUES
(
	[Source].[Name],
	@Color,
	[Source].[Length_1]
)
;

BeforeExecute
-- SqlServer.2008
DECLARE @iteration Int -- Int32
SET     @iteration = 33
DECLARE @Color NVarChar(100) -- String
SET     @Color = N'Green'

MERGE INTO [Animals] [Target]
USING (
	SELECT
		[_].[Name],
		[_].[Length] as [Length_1]
	FROM
		[AnimalsUpdate] [_]
	WHERE
		[_].[Iteration] = @iteration
) [Source]
(
	[Name], 
	[Length_1]
)
ON ([Target].[Name] = [Source].[Name])

WHEN MATCHED THEN
UPDATE
SET
	[Target].[Color] = @Color,
	[Target].[Length] = [Source].[Length_1]

WHEN NOT MATCHED THEN
INSERT
(
	[Name],
	[Color],
	[Length]
)
VALUES
(
	[Source].[Name],
	@Color,
	[Source].[Length_1]
)
;

BeforeExecute
-- SqlServer.2008

SELECT
	Count(*)
FROM
	[Animals] [animal]
WHERE
	[animal].[Color] = N'Green'

BeforeExecute
-- SqlServer.2008
DECLARE @Name NVarChar(100) -- String
SET     @Name = N'Elephant'
DECLARE @Length_1 Int -- Int32
SET     @Length_1 = 339149459
DECLARE @Iteration Int -- Int32
SET     @Iteration = 14

INSERT INTO [AnimalsUpdate]
(
	[Name],
	[Length],
	[Iteration]
)
VALUES
(
	@Name,
	@Length_1,
	@Iteration
)

BeforeExecute
-- SqlServer.2008
DECLARE @Name NVarChar(100) -- String
SET     @Name = N'Cat'
DECLARE @Length_1 Int -- Int32
SET     @Length_1 = 529226288
DECLARE @Iteration Int -- Int32
SET     @Iteration = 14

INSERT INTO [AnimalsUpdate]
(
	[Name],
	[Length],
	[Iteration]
)
VALUES
(
	@Name,
	@Length_1,
	@Iteration
)

BeforeExecute
-- SqlServer.2008
DECLARE @Name NVarChar(100) -- String
SET     @Name = N'Snake'
DECLARE @Length_1 Int -- Int32
SET     @Length_1 = 1118026677
DECLARE @Iteration Int -- Int32
SET     @Iteration = 34

INSERT INTO [AnimalsUpdate]
(
	[Name],
	[Length],
	[Iteration]
)
VALUES
(
	@Name,
	@Length_1,
	@Iteration
)

BeforeExecute
-- SqlServer.2008
DECLARE @Name NVarChar(100) -- String
SET     @Name = N'Lizard'
DECLARE @Length_1 Int -- Int32
SET     @Length_1 = 1687792380
DECLARE @Iteration Int -- Int32
SET     @Iteration = 34

INSERT INTO [AnimalsUpdate]
(
	[Name],
	[Length],
	[Iteration]
)
VALUES
(
	@Name,
	@Length_1,
	@Iteration
)

BeforeExecute
-- SqlServer.2008
DECLARE @iteration Int -- Int32
SET     @iteration = 14
DECLARE @Color NVarChar(100) -- String
SET     @Color = N'Grey'

MERGE INTO [Animals] [Target]
USING (
	SELECT
		[_].[Name],
		[_].[Length] as [Length_1]
	FROM
		[AnimalsUpdate] [_]
	WHERE
		[_].[Iteration] = @iteration
) [Source]
(
	[Name], 
	[Length_1]
)
ON ([Target].[Name] = [Source].[Name])

WHEN MATCHED THEN
UPDATE
SET
	[Target].[Color] = @Color,
	[Target].[Length] = [Source].[Length_1]

WHEN NOT MATCHED THEN
INSERT
(
	[Name],
	[Color],
	[Length]
)
VALUES
(
	[Source].[Name],
	@Color,
	[Source].[Length_1]
)
;

BeforeExecute
-- SqlServer.2008
DECLARE @iteration Int -- Int32
SET     @iteration = 34
DECLARE @Color NVarChar(100) -- String
SET     @Color = N'Green'

MERGE INTO [Animals] [Target]
USING (
	SELECT
		[_].[Name],
		[_].[Length] as [Length_1]
	FROM
		[AnimalsUpdate] [_]
	WHERE
		[_].[Iteration] = @iteration
) [Source]
(
	[Name], 
	[Length_1]
)
ON ([Target].[Name] = [Source].[Name])

WHEN MATCHED THEN
UPDATE
SET
	[Target].[Color] = @Color,
	[Target].[Length] = [Source].[Length_1]

WHEN NOT MATCHED THEN
INSERT
(
	[Name],
	[Color],
	[Length]
)
VALUES
(
	[Source].[Name],
	@Color,
	[Source].[Length_1]
)
;

BeforeExecute
-- SqlServer.2008

SELECT
	Count(*)
FROM
	[Animals] [animal]
WHERE
	[animal].[Color] = N'Green'

BeforeExecute
-- SqlServer.2008
DECLARE @Name NVarChar(100) -- String
SET     @Name = N'Elephant'
DECLARE @Length_1 Int -- Int32
SET     @Length_1 = 470533246
DECLARE @Iteration Int -- Int32
SET     @Iteration = 15

INSERT INTO [AnimalsUpdate]
(
	[Name],
	[Length],
	[Iteration]
)
VALUES
(
	@Name,
	@Length_1,
	@Iteration
)

BeforeExecute
-- SqlServer.2008
DECLARE @Name NVarChar(100) -- String
SET     @Name = N'Cat'
DECLARE @Length_1 Int -- Int32
SET     @Length_1 = 999448352
DECLARE @Iteration Int -- Int32
SET     @Iteration = 15

INSERT INTO [AnimalsUpdate]
(
	[Name],
	[Length],
	[Iteration]
)
VALUES
(
	@Name,
	@Length_1,
	@Iteration
)

BeforeExecute
-- SqlServer.2008
DECLARE @Name NVarChar(100) -- String
SET     @Name = N'Snake'
DECLARE @Length_1 Int -- Int32
SET     @Length_1 = 692999710
DECLARE @Iteration Int -- Int32
SET     @Iteration = 35

INSERT INTO [AnimalsUpdate]
(
	[Name],
	[Length],
	[Iteration]
)
VALUES
(
	@Name,
	@Length_1,
	@Iteration
)

BeforeExecute
-- SqlServer.2008
DECLARE @Name NVarChar(100) -- String
SET     @Name = N'Lizard'
DECLARE @Length_1 Int -- Int32
SET     @Length_1 = 1935192626
DECLARE @Iteration Int -- Int32
SET     @Iteration = 35

INSERT INTO [AnimalsUpdate]
(
	[Name],
	[Length],
	[Iteration]
)
VALUES
(
	@Name,
	@Length_1,
	@Iteration
)

BeforeExecute
-- SqlServer.2008
DECLARE @iteration Int -- Int32
SET     @iteration = 15
DECLARE @Color NVarChar(100) -- String
SET     @Color = N'Grey'

MERGE INTO [Animals] [Target]
USING (
	SELECT
		[_].[Name],
		[_].[Length] as [Length_1]
	FROM
		[AnimalsUpdate] [_]
	WHERE
		[_].[Iteration] = @iteration
) [Source]
(
	[Name], 
	[Length_1]
)
ON ([Target].[Name] = [Source].[Name])

WHEN MATCHED THEN
UPDATE
SET
	[Target].[Color] = @Color,
	[Target].[Length] = [Source].[Length_1]

WHEN NOT MATCHED THEN
INSERT
(
	[Name],
	[Color],
	[Length]
)
VALUES
(
	[Source].[Name],
	@Color,
	[Source].[Length_1]
)
;

BeforeExecute
-- SqlServer.2008
DECLARE @iteration Int -- Int32
SET     @iteration = 35
DECLARE @Color NVarChar(100) -- String
SET     @Color = N'Green'

MERGE INTO [Animals] [Target]
USING (
	SELECT
		[_].[Name],
		[_].[Length] as [Length_1]
	FROM
		[AnimalsUpdate] [_]
	WHERE
		[_].[Iteration] = @iteration
) [Source]
(
	[Name], 
	[Length_1]
)
ON ([Target].[Name] = [Source].[Name])

WHEN MATCHED THEN
UPDATE
SET
	[Target].[Color] = @Color,
	[Target].[Length] = [Source].[Length_1]

WHEN NOT MATCHED THEN
INSERT
(
	[Name],
	[Color],
	[Length]
)
VALUES
(
	[Source].[Name],
	@Color,
	[Source].[Length_1]
)
;

BeforeExecute
-- SqlServer.2008

SELECT
	Count(*)
FROM
	[Animals] [animal]
WHERE
	[animal].[Color] = N'Green'

BeforeExecute
-- SqlServer.2008
DECLARE @Name NVarChar(100) -- String
SET     @Name = N'Elephant'
DECLARE @Length_1 Int -- Int32
SET     @Length_1 = 1397348849
DECLARE @Iteration Int -- Int32
SET     @Iteration = 16

INSERT INTO [AnimalsUpdate]
(
	[Name],
	[Length],
	[Iteration]
)
VALUES
(
	@Name,
	@Length_1,
	@Iteration
)

BeforeExecute
-- SqlServer.2008
DECLARE @Name NVarChar(100) -- String
SET     @Name = N'Cat'
DECLARE @Length_1 Int -- Int32
SET     @Length_1 = 1544949088
DECLARE @Iteration Int -- Int32
SET     @Iteration = 16

INSERT INTO [AnimalsUpdate]
(
	[Name],
	[Length],
	[Iteration]
)
VALUES
(
	@Name,
	@Length_1,
	@Iteration
)

BeforeExecute
-- SqlServer.2008
DECLARE @Name NVarChar(100) -- String
SET     @Name = N'Snake'
DECLARE @Length_1 Int -- Int32
SET     @Length_1 = 1632391981
DECLARE @Iteration Int -- Int32
SET     @Iteration = 36

INSERT INTO [AnimalsUpdate]
(
	[Name],
	[Length],
	[Iteration]
)
VALUES
(
	@Name,
	@Length_1,
	@Iteration
)

BeforeExecute
-- SqlServer.2008
DECLARE @Name NVarChar(100) -- String
SET     @Name = N'Lizard'
DECLARE @Length_1 Int -- Int32
SET     @Length_1 = 1086865676
DECLARE @Iteration Int -- Int32
SET     @Iteration = 36

INSERT INTO [AnimalsUpdate]
(
	[Name],
	[Length],
	[Iteration]
)
VALUES
(
	@Name,
	@Length_1,
	@Iteration
)

BeforeExecute
-- SqlServer.2008
DECLARE @iteration Int -- Int32
SET     @iteration = 16
DECLARE @Color NVarChar(100) -- String
SET     @Color = N'Grey'

MERGE INTO [Animals] [Target]
USING (
	SELECT
		[_].[Name],
		[_].[Length] as [Length_1]
	FROM
		[AnimalsUpdate] [_]
	WHERE
		[_].[Iteration] = @iteration
) [Source]
(
	[Name], 
	[Length_1]
)
ON ([Target].[Name] = [Source].[Name])

WHEN MATCHED THEN
UPDATE
SET
	[Target].[Color] = @Color,
	[Target].[Length] = [Source].[Length_1]

WHEN NOT MATCHED THEN
INSERT
(
	[Name],
	[Color],
	[Length]
)
VALUES
(
	[Source].[Name],
	@Color,
	[Source].[Length_1]
)
;

BeforeExecute
-- SqlServer.2008
DECLARE @iteration Int -- Int32
SET     @iteration = 36
DECLARE @Color NVarChar(100) -- String
SET     @Color = N'Green'

MERGE INTO [Animals] [Target]
USING (
	SELECT
		[_].[Name],
		[_].[Length] as [Length_1]
	FROM
		[AnimalsUpdate] [_]
	WHERE
		[_].[Iteration] = @iteration
) [Source]
(
	[Name], 
	[Length_1]
)
ON ([Target].[Name] = [Source].[Name])

WHEN MATCHED THEN
UPDATE
SET
	[Target].[Color] = @Color,
	[Target].[Length] = [Source].[Length_1]

WHEN NOT MATCHED THEN
INSERT
(
	[Name],
	[Color],
	[Length]
)
VALUES
(
	[Source].[Name],
	@Color,
	[Source].[Length_1]
)
;

BeforeExecute
-- SqlServer.2008

SELECT
	Count(*)
FROM
	[Animals] [animal]
WHERE
	[animal].[Color] = N'Green'

BeforeExecute
-- SqlServer.2008
DECLARE @Name NVarChar(100) -- String
SET     @Name = N'Elephant'
DECLARE @Length_1 Int -- Int32
SET     @Length_1 = 234149132
DECLARE @Iteration Int -- Int32
SET     @Iteration = 17

INSERT INTO [AnimalsUpdate]
(
	[Name],
	[Length],
	[Iteration]
)
VALUES
(
	@Name,
	@Length_1,
	@Iteration
)

BeforeExecute
-- SqlServer.2008
DECLARE @Name NVarChar(100) -- String
SET     @Name = N'Cat'
DECLARE @Length_1 Int -- Int32
SET     @Length_1 = 230287222
DECLARE @Iteration Int -- Int32
SET     @Iteration = 17

INSERT INTO [AnimalsUpdate]
(
	[Name],
	[Length],
	[Iteration]
)
VALUES
(
	@Name,
	@Length_1,
	@Iteration
)

BeforeExecute
-- SqlServer.2008
DECLARE @Name NVarChar(100) -- String
SET     @Name = N'Snake'
DECLARE @Length_1 Int -- Int32
SET     @Length_1 = 296507495
DECLARE @Iteration Int -- Int32
SET     @Iteration = 37

INSERT INTO [AnimalsUpdate]
(
	[Name],
	[Length],
	[Iteration]
)
VALUES
(
	@Name,
	@Length_1,
	@Iteration
)

BeforeExecute
-- SqlServer.2008
DECLARE @Name NVarChar(100) -- String
SET     @Name = N'Lizard'
DECLARE @Length_1 Int -- Int32
SET     @Length_1 = 1858785456
DECLARE @Iteration Int -- Int32
SET     @Iteration = 37

INSERT INTO [AnimalsUpdate]
(
	[Name],
	[Length],
	[Iteration]
)
VALUES
(
	@Name,
	@Length_1,
	@Iteration
)

BeforeExecute
-- SqlServer.2008
DECLARE @iteration Int -- Int32
SET     @iteration = 17
DECLARE @Color NVarChar(100) -- String
SET     @Color = N'Grey'

MERGE INTO [Animals] [Target]
USING (
	SELECT
		[_].[Name],
		[_].[Length] as [Length_1]
	FROM
		[AnimalsUpdate] [_]
	WHERE
		[_].[Iteration] = @iteration
) [Source]
(
	[Name], 
	[Length_1]
)
ON ([Target].[Name] = [Source].[Name])

WHEN MATCHED THEN
UPDATE
SET
	[Target].[Color] = @Color,
	[Target].[Length] = [Source].[Length_1]

WHEN NOT MATCHED THEN
INSERT
(
	[Name],
	[Color],
	[Length]
)
VALUES
(
	[Source].[Name],
	@Color,
	[Source].[Length_1]
)
;

BeforeExecute
-- SqlServer.2008
DECLARE @iteration Int -- Int32
SET     @iteration = 37
DECLARE @Color NVarChar(100) -- String
SET     @Color = N'Green'

MERGE INTO [Animals] [Target]
USING (
	SELECT
		[_].[Name],
		[_].[Length] as [Length_1]
	FROM
		[AnimalsUpdate] [_]
	WHERE
		[_].[Iteration] = @iteration
) [Source]
(
	[Name], 
	[Length_1]
)
ON ([Target].[Name] = [Source].[Name])

WHEN MATCHED THEN
UPDATE
SET
	[Target].[Color] = @Color,
	[Target].[Length] = [Source].[Length_1]

WHEN NOT MATCHED THEN
INSERT
(
	[Name],
	[Color],
	[Length]
)
VALUES
(
	[Source].[Name],
	@Color,
	[Source].[Length_1]
)
;

BeforeExecute
-- SqlServer.2008

SELECT
	Count(*)
FROM
	[Animals] [animal]
WHERE
	[animal].[Color] = N'Green'

BeforeExecute
-- SqlServer.2008
DECLARE @Name NVarChar(100) -- String
SET     @Name = N'Elephant'
DECLARE @Length_1 Int -- Int32
SET     @Length_1 = 947818535
DECLARE @Iteration Int -- Int32
SET     @Iteration = 18

INSERT INTO [AnimalsUpdate]
(
	[Name],
	[Length],
	[Iteration]
)
VALUES
(
	@Name,
	@Length_1,
	@Iteration
)

BeforeExecute
-- SqlServer.2008
DECLARE @Name NVarChar(100) -- String
SET     @Name = N'Cat'
DECLARE @Length_1 Int -- Int32
SET     @Length_1 = 1281989171
DECLARE @Iteration Int -- Int32
SET     @Iteration = 18

INSERT INTO [AnimalsUpdate]
(
	[Name],
	[Length],
	[Iteration]
)
VALUES
(
	@Name,
	@Length_1,
	@Iteration
)

BeforeExecute
-- SqlServer.2008
DECLARE @Name NVarChar(100) -- String
SET     @Name = N'Snake'
DECLARE @Length_1 Int -- Int32
SET     @Length_1 = 1041854478
DECLARE @Iteration Int -- Int32
SET     @Iteration = 38

INSERT INTO [AnimalsUpdate]
(
	[Name],
	[Length],
	[Iteration]
)
VALUES
(
	@Name,
	@Length_1,
	@Iteration
)

BeforeExecute
-- SqlServer.2008
DECLARE @Name NVarChar(100) -- String
SET     @Name = N'Lizard'
DECLARE @Length_1 Int -- Int32
SET     @Length_1 = 317522303
DECLARE @Iteration Int -- Int32
SET     @Iteration = 38

INSERT INTO [AnimalsUpdate]
(
	[Name],
	[Length],
	[Iteration]
)
VALUES
(
	@Name,
	@Length_1,
	@Iteration
)

BeforeExecute
-- SqlServer.2008
DECLARE @iteration Int -- Int32
SET     @iteration = 18
DECLARE @Color NVarChar(100) -- String
SET     @Color = N'Grey'

MERGE INTO [Animals] [Target]
USING (
	SELECT
		[_].[Name],
		[_].[Length] as [Length_1]
	FROM
		[AnimalsUpdate] [_]
	WHERE
		[_].[Iteration] = @iteration
) [Source]
(
	[Name], 
	[Length_1]
)
ON ([Target].[Name] = [Source].[Name])

WHEN MATCHED THEN
UPDATE
SET
	[Target].[Color] = @Color,
	[Target].[Length] = [Source].[Length_1]

WHEN NOT MATCHED THEN
INSERT
(
	[Name],
	[Color],
	[Length]
)
VALUES
(
	[Source].[Name],
	@Color,
	[Source].[Length_1]
)
;

BeforeExecute
-- SqlServer.2008
DECLARE @iteration Int -- Int32
SET     @iteration = 38
DECLARE @Color NVarChar(100) -- String
SET     @Color = N'Green'

MERGE INTO [Animals] [Target]
USING (
	SELECT
		[_].[Name],
		[_].[Length] as [Length_1]
	FROM
		[AnimalsUpdate] [_]
	WHERE
		[_].[Iteration] = @iteration
) [Source]
(
	[Name], 
	[Length_1]
)
ON ([Target].[Name] = [Source].[Name])

WHEN MATCHED THEN
UPDATE
SET
	[Target].[Color] = @Color,
	[Target].[Length] = [Source].[Length_1]

WHEN NOT MATCHED THEN
INSERT
(
	[Name],
	[Color],
	[Length]
)
VALUES
(
	[Source].[Name],
	@Color,
	[Source].[Length_1]
)
;

BeforeExecute
-- SqlServer.2008

SELECT
	Count(*)
FROM
	[Animals] [animal]
WHERE
	[animal].[Color] = N'Green'

BeforeExecute
-- SqlServer.2008
DECLARE @Name NVarChar(100) -- String
SET     @Name = N'Elephant'
DECLARE @Length_1 Int -- Int32
SET     @Length_1 = 922729654
DECLARE @Iteration Int -- Int32
SET     @Iteration = 19

INSERT INTO [AnimalsUpdate]
(
	[Name],
	[Length],
	[Iteration]
)
VALUES
(
	@Name,
	@Length_1,
	@Iteration
)

BeforeExecute
-- SqlServer.2008
DECLARE @Name NVarChar(100) -- String
SET     @Name = N'Cat'
DECLARE @Length_1 Int -- Int32
SET     @Length_1 = 670670410
DECLARE @Iteration Int -- Int32
SET     @Iteration = 19

INSERT INTO [AnimalsUpdate]
(
	[Name],
	[Length],
	[Iteration]
)
VALUES
(
	@Name,
	@Length_1,
	@Iteration
)

BeforeExecute
-- SqlServer.2008
DECLARE @Name NVarChar(100) -- String
SET     @Name = N'Snake'
DECLARE @Length_1 Int -- Int32
SET     @Length_1 = 2040476555
DECLARE @Iteration Int -- Int32
SET     @Iteration = 39

INSERT INTO [AnimalsUpdate]
(
	[Name],
	[Length],
	[Iteration]
)
VALUES
(
	@Name,
	@Length_1,
	@Iteration
)

BeforeExecute
-- SqlServer.2008
DECLARE @Name NVarChar(100) -- String
SET     @Name = N'Lizard'
DECLARE @Length_1 Int -- Int32
SET     @Length_1 = 1940107780
DECLARE @Iteration Int -- Int32
SET     @Iteration = 39

INSERT INTO [AnimalsUpdate]
(
	[Name],
	[Length],
	[Iteration]
)
VALUES
(
	@Name,
	@Length_1,
	@Iteration
)

BeforeExecute
-- SqlServer.2008
DECLARE @iteration Int -- Int32
SET     @iteration = 19
DECLARE @Color NVarChar(100) -- String
SET     @Color = N'Grey'

MERGE INTO [Animals] [Target]
USING (
	SELECT
		[_].[Name],
		[_].[Length] as [Length_1]
	FROM
		[AnimalsUpdate] [_]
	WHERE
		[_].[Iteration] = @iteration
) [Source]
(
	[Name], 
	[Length_1]
)
ON ([Target].[Name] = [Source].[Name])

WHEN MATCHED THEN
UPDATE
SET
	[Target].[Color] = @Color,
	[Target].[Length] = [Source].[Length_1]

WHEN NOT MATCHED THEN
INSERT
(
	[Name],
	[Color],
	[Length]
)
VALUES
(
	[Source].[Name],
	@Color,
	[Source].[Length_1]
)
;

BeforeExecute
-- SqlServer.2008
DECLARE @iteration Int -- Int32
SET     @iteration = 39
DECLARE @Color NVarChar(100) -- String
SET     @Color = N'Green'

MERGE INTO [Animals] [Target]
USING (
	SELECT
		[_].[Name],
		[_].[Length] as [Length_1]
	FROM
		[AnimalsUpdate] [_]
	WHERE
		[_].[Iteration] = @iteration
) [Source]
(
	[Name], 
	[Length_1]
)
ON ([Target].[Name] = [Source].[Name])

WHEN MATCHED THEN
UPDATE
SET
	[Target].[Color] = @Color,
	[Target].[Length] = [Source].[Length_1]

WHEN NOT MATCHED THEN
INSERT
(
	[Name],
	[Color],
	[Length]
)
VALUES
(
	[Source].[Name],
	@Color,
	[Source].[Length_1]
)
;

BeforeExecute
-- SqlServer.2008

SELECT
	Count(*)
FROM
	[Animals] [animal]
WHERE
	[animal].[Color] = N'Green'

BeforeExecute
-- SqlServer.2008

DROP TABLE [AnimalsUpdate]

BeforeExecute
-- SqlServer.2008

DROP TABLE [Animals]

