BeforeExecute
-- MySql55 MySql.Official MySql

CREATE TABLE `Animals10`
(
	`AnimalType`    VARCHAR(40)  NOT NULL,
	`AnimalType2`   VARCHAR(40)  NOT NULL,
	`Id`            INT          NOT NULL,
	`Name`          VARCHAR(255)     NULL,
	`Discriminator` VARCHAR(40)  NOT NULL,
	`EyeId`         INT              NULL,
	`Second`        VARCHAR(40)      NULL,
	`First`         VARCHAR(40)      NULL,

	CONSTRAINT `PK_Animals10` PRIMARY KEY CLUSTERED (`Id`)
)

BeforeExecute
-- MySql55 MySql.Official MySql

CREATE TABLE `Eyes10`
(
	`Id` INT         NOT NULL,
	`Xy` VARCHAR(40)     NULL,

	CONSTRAINT `PK_Eyes10` PRIMARY KEY CLUSTERED (`Id`)
)

BeforeExecute
-- MySql55 MySql.Official MySql

CREATE TABLE `TestAnimalTable`
(
	`Id`           INT NOT NULL,
	`TestAnimalId` INT     NULL
)

BeforeExecute
-- MySql55 MySql.Official MySql
DECLARE @Id Int32
SET     @Id = 1
DECLARE @Xy VarChar(5) -- String
SET     @Xy = 'Hallo'

INSERT INTO `Eyes10`
(
	`Id`,
	`Xy`
)
VALUES
(
	@Id,
	@Xy
)

BeforeExecute
-- MySql55 MySql.Official MySql
DECLARE @Discriminator VarChar(3) -- String
SET     @Discriminator = 'Dog'
DECLARE @Name VarChar(8) -- String
SET     @Name = 'FirstDog'
DECLARE @Id Int32
SET     @Id = 1
DECLARE @AnimalType2 VarChar(3) -- String
SET     @AnimalType2 = 'Big'
DECLARE @AnimalType VarChar(3) -- String
SET     @AnimalType = 'Big'
DECLARE @EyeId Int32
SET     @EyeId = 1
DECLARE @DogName_Second VarChar(1) -- String
SET     @DogName_Second = 'b'
DECLARE @DogName_First VarChar(1) -- String
SET     @DogName_First = 'a'

INSERT INTO `Animals10`
(
	`Discriminator`,
	`Name`,
	`Id`,
	`AnimalType2`,
	`AnimalType`,
	`EyeId`,
	`Second`,
	`First`
)
VALUES
(
	@Discriminator,
	@Name,
	@Id,
	@AnimalType2,
	@AnimalType,
	@EyeId,
	@DogName_Second,
	@DogName_First
)

BeforeExecute
-- MySql55 MySql.Official MySql
DECLARE @AnimalType VarChar(3) -- String
SET     @AnimalType = 'Big'
DECLARE @AnimalType2 VarChar(3) -- String
SET     @AnimalType2 = 'Big'
DECLARE @Id Int32
SET     @Id = 2
DECLARE @Name VarChar(10) -- String
SET     @Name = 'WildAnimal'
DECLARE @Discriminator VarChar(10) -- String
SET     @Discriminator = 'WildAnimal'

INSERT INTO `Animals10`
(
	`AnimalType`,
	`AnimalType2`,
	`Id`,
	`Name`,
	`Discriminator`
)
VALUES
(
	@AnimalType,
	@AnimalType2,
	@Id,
	@Name,
	@Discriminator
)

BeforeExecute
-- MySql55 MySql.Official MySql
DECLARE @Id Int32
SET     @Id = 1
DECLARE @TestAnimalId Int32
SET     @TestAnimalId = NULL

INSERT INTO `TestAnimalTable`
(
	`Id`,
	`TestAnimalId`
)
VALUES
(
	@Id,
	@TestAnimalId
)

BeforeExecute
-- MySql55 MySql.Official MySql
DECLARE @Id Int32
SET     @Id = 2
DECLARE @TestAnimalId Int32
SET     @TestAnimalId = 1

INSERT INTO `TestAnimalTable`
(
	`Id`,
	`TestAnimalId`
)
VALUES
(
	@Id,
	@TestAnimalId
)

BeforeExecute
-- MySql55 MySql.Official MySql

SELECT
	`t1`.`AnimalType`,
	`t1`.`AnimalType2`,
	`t1`.`Id`,
	`t1`.`Name`,
	`t1`.`Discriminator`,
	`t1`.`EyeId`,
	`t1`.`Second`,
	`t1`.`First`,
	`o`.`Id`,
	`o`.`Xy`
FROM
	`Animals10` `t1`
		LEFT JOIN `Eyes10` `o` ON `t1`.`EyeId` = `o`.`Id` AND `t1`.`Discriminator` = 'Dog'

BeforeExecute
-- MySql55 MySql.Official MySql

DROP TABLE IF EXISTS `Animals10`

BeforeExecute
-- MySql55 MySql.Official MySql

DROP TABLE IF EXISTS `Eyes10`

BeforeExecute
-- MySql55 MySql.Official MySql

DROP TABLE IF EXISTS `TestAnimalTable`

