BeforeExecute
-- SqlServer.2012
DECLARE @take Int -- Int32
SET     @take = 1

SELECT TOP (@take)
	DB_NAME()
FROM
	[LinqDataTypes] [_]

BeforeExecute
-- SqlServer.2012 (asynchronously)
DECLARE @FirstName NVarChar(4000) -- String
SET     @FirstName = N'4ac21390-dc90-465b-92f8-e44edf2a31f5'
DECLARE @LastName NVarChar(4000) -- String
SET     @LastName = N'Person'
DECLARE @MiddleName NVarChar(4000) -- String
SET     @MiddleName = N'X'
DECLARE @Gender NVarChar(4000) -- String
SET     @Gender = N'M'

[TestData2012]..[Person_Insert]

BeforeExecute
-- SqlServer.2012
DECLARE @FirstName NVarChar(4000) -- String
SET     @FirstName = N'4ac21390-dc90-465b-92f8-e44edf2a31f5'

DELETE [t1]
FROM
	[Person] [t1]
WHERE
	[t1].[FirstName] = @FirstName

