BeforeExecute
-- Firebird

EXECUTE BLOCK AS BEGIN
	IF (EXISTS(SELECT 1 FROM rdb$triggers WHERE rdb$trigger_name = 'TIDENTITY_TestIdTrun')) THEN
		EXECUTE STATEMENT 'DROP TRIGGER "TIDENTITY_TestIdTrun"';
	IF (EXISTS(SELECT 1 FROM rdb$generators WHERE rdb$generator_name = 'GIDENTITY_TestIdTrun')) THEN
		EXECUTE STATEMENT 'DROP GENERATOR "GIDENTITY_TestIdTrun"';
	IF (EXISTS(SELECT 1 FROM rdb$relations WHERE rdb$relation_name = 'TestIdTrun')) THEN
		EXECUTE STATEMENT 'DROP TABLE "TestIdTrun"';
END

BeforeExecute
-- Firebird

CREATE TABLE "TestIdTrun"
(
	"Field1" Decimal  NOT NULL,
	ID       Int      NOT NULL,

	CONSTRAINT "PK_TestIdTrun" PRIMARY KEY (ID)
)

BeforeExecute
-- Firebird

CREATE GENERATOR "GIDENTITY_TestIdTrun"

BeforeExecute
-- Firebird

CREATE TRIGGER "TIDENTITY_TestIdTrun" FOR "TestIdTrun"
BEFORE INSERT POSITION 0
AS BEGIN
	NEW.ID = GEN_ID("GIDENTITY_TestIdTrun", 1);
END

BeforeExecute
-- Firebird

INSERT INTO "TestIdTrun"
(
	"Field1"
)
VALUES
(
	1
)

BeforeExecute
-- Firebird

INSERT INTO "TestIdTrun"
(
	"Field1"
)
VALUES
(
	1
)

BeforeExecute
-- Firebird
DECLARE @take Integer -- Int32
SET     @take = 2
DECLARE @skip Integer -- Int32
SET     @skip = 1

SELECT FIRST @take SKIP @skip
	"t1"."Field1",
	"t1".ID
FROM
	"TestIdTrun" "t1"
ORDER BY
	"t1".ID

BeforeExecute
-- Firebird

DELETE FROM "TestIdTrun"

BeforeExecute
-- Firebird

SET GENERATOR "GIDENTITY_TestIdTrun" TO 0

BeforeExecute
-- Firebird

INSERT INTO "TestIdTrun"
(
	"Field1"
)
VALUES
(
	1
)

BeforeExecute
-- Firebird

INSERT INTO "TestIdTrun"
(
	"Field1"
)
VALUES
(
	1
)

BeforeExecute
-- Firebird
DECLARE @take Integer -- Int32
SET     @take = 2
DECLARE @skip Integer -- Int32
SET     @skip = 1

SELECT FIRST @take SKIP @skip
	"t1"."Field1",
	"t1".ID
FROM
	"TestIdTrun" "t1"
ORDER BY
	"t1".ID

BeforeExecute
-- Firebird

EXECUTE BLOCK AS BEGIN
	EXECUTE STATEMENT 'DROP TRIGGER "TIDENTITY_TestIdTrun"';
	EXECUTE STATEMENT 'DROP GENERATOR "GIDENTITY_TestIdTrun"';
	EXECUTE STATEMENT 'DROP TABLE "TestIdTrun"';
END

