BeforeExecute
-- MySql55 MySql.Official MySql
DECLARE @GuidValue_1 Guid
SET     @GuidValue_1 = 'd2f970c0-35ac-4987-9cd5-5badb1757436'
DECLARE @take Int32
SET     @take = 2

SELECT
	`p`.`BinaryValue`,
	`p`.`BoolValue`,
	`p`.`DateTimeValue`,
	`p`.`GuidValue`,
	`p`.`ID`,
	`p`.`MoneyValue`,
	`p`.`SmallIntValue`,
	`p`.`StringValue`
FROM
	`LinqDataTypes` `p`
WHERE
	`p`.`GuidValue` = @GuidValue_1
LIMIT @take

BeforeExecute
-- MySql55 MySql.Official MySql
DECLARE @GuidValue_1 Guid
SET     @GuidValue_1 = '40932fdb-1543-4e4a-ac2c-ca371604fb4b'
DECLARE @take Int32
SET     @take = 2

SELECT
	`p`.`BinaryValue`,
	`p`.`BoolValue`,
	`p`.`DateTimeValue`,
	`p`.`GuidValue`,
	`p`.`ID`,
	`p`.`MoneyValue`,
	`p`.`SmallIntValue`,
	`p`.`StringValue`
FROM
	`LinqDataTypes` `p`
WHERE
	`p`.`GuidValue` = @GuidValue_1
LIMIT @take

