BeforeExecute
-- MariaDB MySql.Official MySql

CREATE TABLE `Issue2434Table`
(
	`FirstName` VARCHAR(255)     NULL,
	`Id`        INT          NOT NULL,
	`LastName`  VARCHAR(255)     NULL
)

BeforeExecute
-- MariaDB MySql.Official MySql

SELECT
	`t1`.`FirstName`,
	`t1`.`Id`,
	`t1`.`LastName`
FROM
	`Issue2434Table` `t1`
ORDER BY
	Concat(`t1`.`FirstName`, Concat(' ', `t1`.`LastName`))

BeforeExecute
-- MariaDB MySql.Official MySql

DROP TABLE `Issue2434Table`

