BeforeExecute
-- PostgreSQL PostgreSQL.9.5 PostgreSQL

CREATE TABLE "User"
(
	"Id" Int NOT NULL
)

BeforeExecute
-- PostgreSQL PostgreSQL.9.5 PostgreSQL

CREATE TABLE "Resource"
(
	"AssociatedObjectId" Int NOT NULL,
	"AssociationTypeId"  Int     NULL,
	"Id"                 Int NOT NULL
)

BeforeExecute
-- PostgreSQL PostgreSQL.9.5 PostgreSQL

CREATE TABLE "Lookup"
(
	"Id"   Int  NOT NULL,
	"Type" text     NULL
)

BeforeExecute
-- PostgreSQL PostgreSQL.9.5 PostgreSQL

SELECT
	t1."AssociatedObjectId",
	t1."AssociationTypeId",
	t1."Id",
	c_1."Id"
FROM
	"Resource" t1
		LEFT JOIN "Lookup" "a_AssociationTypeCode" ON t1."AssociationTypeId" = "a_AssociationTypeCode"."Id"
		LEFT JOIN "User" c_1 ON "a_AssociationTypeCode"."Type" = 'us' AND c_1."Id" = t1."AssociatedObjectId"

BeforeExecute
-- PostgreSQL PostgreSQL.9.5 PostgreSQL

DROP TABLE "Lookup"

BeforeExecute
-- PostgreSQL PostgreSQL.9.5 PostgreSQL

DROP TABLE "Resource"

BeforeExecute
-- PostgreSQL PostgreSQL.9.5 PostgreSQL

DROP TABLE "User"

