BeforeExecute
-- MySql55 MySql.Official MySql

SELECT
	`i`.`FirstName`,
	`i`.`Gender`,
	`i`.`LastName`,
	`i`.`MiddleName`,
	`i`.`PersonID`,
	Concat(`i`.`LastName`, ', ', `i`.`FirstName`),
	(
		SELECT
			Count(*)
		FROM
			`Doctor` `d`
		WHERE
			`d`.`PersonID` = `i`.`PersonID`
	)
FROM
	`Person` `i`
WHERE
	`i`.`FirstName` <> 'John'

