BeforeExecute
-- Firebird

CREATE TABLE "CreateTableTypes"
(
	"BooleanNullable" CHAR,
	"Id"              Int  NOT NULL
)

BeforeExecute
-- Firebird
DECLARE @BooleanNullable Boolean
SET     @BooleanNullable = NULL
DECLARE @Id Integer -- Int32
SET     @Id = 1

INSERT INTO "CreateTableTypes"
(
	"BooleanNullable",
	"Id"
)
VALUES
(
	@BooleanNullable,
	@Id
)

BeforeExecute
-- Firebird
DECLARE @BooleanNullable Char(1) -- String
SET     @BooleanNullable = '1'
DECLARE @Id Integer -- Int32
SET     @Id = 2

INSERT INTO "CreateTableTypes"
(
	"BooleanNullable",
	"Id"
)
VALUES
(
	@BooleanNullable,
	@Id
)

BeforeExecute
-- Firebird

SELECT
	"t1"."BooleanNullable",
	"t1"."Id"
FROM
	"CreateTableTypes" "t1"
ORDER BY
	"t1"."Id"

BeforeExecute
-- Firebird

DROP TABLE "CreateTableTypes"

