BeforeExecute
-- SqlServer.2008

SELECT
	@@SERVERNAME

BeforeExecute
-- SqlServer.2008
DECLARE @take Int -- Int32
SET     @take = 1

SELECT TOP (@take)
	DB_NAME()
FROM
	[LinqDataTypes] [_]

BeforeExecute
-- SqlServer.2008
DECLARE @take Int -- Int32
SET     @take = 1

SELECT TOP (@take)
	SCHEMA_NAME()
FROM
	[LinqDataTypes] [_]

BeforeExecute
-- SqlServer.2008

SELECT
	[t1].[ID]
FROM
	[CF000BE7187B].[TestData2008].[dbo].[LinqDataTypes] [t1]

