BeforeExecute
-- MySql55 MySql.Official MySql
DECLARE @BigIntValue Int64
SET     @BigIntValue = NULL
DECLARE @BoolValue UByte -- Boolean
SET     @BoolValue = NULL
DECLARE @DateTimeValue DateTime
SET     @DateTimeValue = NULL
DECLARE @DateTimeValue2 DateTime
SET     @DateTimeValue2 = NULL
DECLARE @GuidValue Guid
SET     @GuidValue = NULL
DECLARE @ID Int32
SET     @ID = 100500
DECLARE @IntValue Int32
SET     @IntValue = 60
DECLARE @MoneyValue Decimal(4,0)
SET     @MoneyValue = 3000
DECLARE @SmallIntValue Int16
SET     @SmallIntValue = NULL
DECLARE @StringValue VarChar -- String
SET     @StringValue = NULL

INSERT INTO `LinqDataTypes`
(
	`BigIntValue`,
	`BoolValue`,
	`DateTimeValue`,
	`DateTimeValue2`,
	`GuidValue`,
	`ID`,
	`IntValue`,
	`MoneyValue`,
	`SmallIntValue`,
	`StringValue`
)
VALUES
(
	@BigIntValue,
	@BoolValue,
	@DateTimeValue,
	@DateTimeValue2,
	@GuidValue,
	@ID,
	@IntValue,
	@MoneyValue,
	@SmallIntValue,
	@StringValue
)

BeforeExecute
-- MySql55 MySql.Official MySql
DECLARE @value2 Decimal(5,0)
SET     @value2 = 13621
DECLARE @id Int32
SET     @id = 100500

UPDATE
	`LinqDataTypes` `t1`
SET
	`t1`.`SmallIntValue` = Cast(Floor(`t1`.`MoneyValue` / (@value2 / Cast(`t1`.`IntValue` as DECIMAL(29,10)))) as SIGNED)
WHERE
	`t1`.`ID` = @id

BeforeExecute
-- MySql55 MySql.Official MySql
DECLARE @id Int32
SET     @id = 100500
DECLARE @take Int32
SET     @take = 1

SELECT
	`_`.`SmallIntValue`
FROM
	`LinqDataTypes` `_`
WHERE
	`_`.`ID` = @id
LIMIT @take

BeforeExecute
-- MySql55 MySql.Official MySql
DECLARE @id Int32
SET     @id = 100500

DELETE `t1`
FROM
	`LinqDataTypes` `t1`
WHERE
	`t1`.`ID` = @id

