BeforeExecute
-- SqlCe

DELETE FROM
	[LinqDataTypes]
WHERE
	[LinqDataTypes].[ID] > 1000

BeforeExecute
-- SqlCe
DECLARE @arr VarBinary(4) -- Binary
SET     @arr = 0x01020304

INSERT INTO [LinqDataTypes]
(
	[ID],
	[BoolValue],
	[BinaryValue]
)
VALUES
(
	1001,
	1,
	@arr
)

BeforeExecute
-- SqlCe
DECLARE @take Int -- Int32
SET     @take = 2

SELECT TOP (@take)
	[t].[BinaryValue],
	[t].[BoolValue],
	[t].[DateTimeValue],
	[t].[GuidValue],
	[t].[ID],
	[t].[MoneyValue],
	[t].[SmallIntValue]
FROM
	[LinqDataTypes] [t]
WHERE
	[t].[ID] = 1001

BeforeExecute
-- SqlCe

DELETE FROM
	[LinqDataTypes]
WHERE
	[LinqDataTypes].[ID] > 1000

