BeforeExecute
-- MySqlConnector MySql

SELECT
	`_`.`FirstName`,
	`_`.`Gender`,
	`_`.`PersonID`,
	`_`.`LastName`,
	`_`.`MiddleName`
FROM
	`Person` `_`
WHERE
	`_`.`PersonID` = 1 AND `_`.`Gender` = 'M'

BeforeExecute
-- MySqlConnector MySql

SELECT
	`_`.`FirstName`,
	`_`.`Gender`,
	`_`.`PersonID`,
	`_`.`LastName`,
	`_`.`MiddleName`
FROM
	`Person` `_`
WHERE
	`_`.`PersonID` = 1 AND 'M' = `_`.`Gender`

BeforeExecute
-- MySqlConnector MySql
DECLARE @gender_1 String -- StringFixedLength
SET     @gender_1 = 'M'

SELECT
	`_`.`FirstName`,
	`_`.`Gender`,
	`_`.`PersonID`,
	`_`.`LastName`,
	`_`.`MiddleName`
FROM
	`Person` `_`
WHERE
	`_`.`PersonID` = 1 AND `_`.`Gender` = @gender_1

BeforeExecute
-- MySqlConnector MySql
DECLARE @gender_1 String -- StringFixedLength
SET     @gender_1 = 'M'

SELECT
	`_`.`FirstName`,
	`_`.`Gender`,
	`_`.`PersonID`,
	`_`.`LastName`,
	`_`.`MiddleName`
FROM
	`Person` `_`
WHERE
	`_`.`PersonID` = 1 AND @gender_1 = `_`.`Gender`

