BeforeExecute
-- DB2 DB2.LUW DB2LUW

SELECT
	"p"."PersonID",
	"p"."FirstName",
	"p"."Gender",
	"p"."LastName",
	"p"."MiddleName"
FROM
	"Person" "p"
WHERE
	"p"."PersonID" = 1
FETCH FIRST 1 ROWS ONLY

BeforeExecute
-- SQLite.MS SQLite

SELECT
	[t1].[FirstName],
	[t1].[Gender],
	[t1].[PersonID],
	[t1].[LastName],
	[t1].[MiddleName]
FROM
	[Person] [t1]

BeforeExecute
-- SQLite.MS SQLite

SELECT
	[t1].[Diagnosis],
	[t1].[PersonID]
FROM
	[Patient] [t1]

