BeforeExecute
-- MySqlConnector MySql

CREATE TABLE `CreateTableTypes`
(
	`DoubleNullable` DOUBLE     NULL,
	`Id`             INT    NOT NULL
)

BeforeExecute
-- MySqlConnector MySql
DECLARE @DoubleNullable Double
SET     @DoubleNullable = NULL
DECLARE @Id Int32
SET     @Id = 1

INSERT INTO `CreateTableTypes`
(
	`DoubleNullable`,
	`Id`
)
VALUES
(
	@DoubleNullable,
	@Id
)

BeforeExecute
-- MySqlConnector MySql
DECLARE @DoubleNullable Double
SET     @DoubleNullable = 4.1299999999999999
DECLARE @Id Int32
SET     @Id = 2

INSERT INTO `CreateTableTypes`
(
	`DoubleNullable`,
	`Id`
)
VALUES
(
	@DoubleNullable,
	@Id
)

BeforeExecute
-- MySqlConnector MySql

SELECT
	`t1`.`DoubleNullable`,
	`t1`.`Id`
FROM
	`CreateTableTypes` `t1`
ORDER BY
	`t1`.`Id`

BeforeExecute
-- MySqlConnector MySql

DROP TABLE `CreateTableTypes`

