BeforeExecute
-- Informix.DB2 Informix

CREATE TABLE Animals14
(
	AnimalType    NVarChar(40)  NOT NULL,
	AnimalType2   NVarChar(40)  NOT NULL,
	Id            Int           NOT NULL,
	Name          NVarChar(255)     NULL,
	Discriminator NVarChar(40)  NOT NULL,
	EyeId         Int               NULL,
	"Second"      NVarChar(40)      NULL,
	"First"       NVarChar(40)      NULL,

	PRIMARY KEY (Id)
)

BeforeExecute
-- Informix.DB2 Informix

CREATE TABLE Eyes14
(
	Id Int          NOT NULL,
	Xy NVarChar(40)     NULL,

	PRIMARY KEY (Id)
)

BeforeExecute
-- Informix.DB2 Informix

CREATE TABLE TestAnimalTable
(
	Id           Int NOT NULL,
	TestAnimalId Int     NULL
)

BeforeExecute
-- Informix.DB2 Informix
DECLARE @Id Integer(4) -- Int32
SET     @Id = 1
DECLARE @Xy VarChar(5) -- String
SET     @Xy = 'Hallo'

INSERT INTO Eyes14
(
	Id,
	Xy
)
VALUES
(
	@Id,
	@Xy
)

BeforeExecute
-- Informix.DB2 Informix
DECLARE @Discriminator VarChar(3) -- String
SET     @Discriminator = 'Dog'
DECLARE @Name VarChar(8) -- String
SET     @Name = 'FirstDog'
DECLARE @Id Integer(4) -- Int32
SET     @Id = 1
DECLARE @AnimalType2 VarChar(3) -- String
SET     @AnimalType2 = 'Big'
DECLARE @AnimalType VarChar(3) -- String
SET     @AnimalType = 'Big'
DECLARE @EyeId Integer(4) -- Int32
SET     @EyeId = 1
DECLARE @DogName_Second VarChar(1) -- String
SET     @DogName_Second = 'b'
DECLARE @DogName_First VarChar(1) -- String
SET     @DogName_First = 'a'

INSERT INTO Animals14
(
	Discriminator,
	Name,
	Id,
	AnimalType2,
	AnimalType,
	EyeId,
	"Second",
	"First"
)
VALUES
(
	@Discriminator,
	@Name,
	@Id,
	@AnimalType2,
	@AnimalType,
	@EyeId,
	@DogName_Second,
	@DogName_First
)

BeforeExecute
-- Informix.DB2 Informix
DECLARE @Discriminator VarChar(10) -- String
SET     @Discriminator = 'WildAnimal'
DECLARE @Name VarChar(10) -- String
SET     @Name = 'WildAnimal'
DECLARE @Id Integer(4) -- Int32
SET     @Id = 2
DECLARE @AnimalType VarChar(3) -- String
SET     @AnimalType = 'Big'
DECLARE @AnimalType2 VarChar(3) -- String
SET     @AnimalType2 = 'Big'

INSERT INTO Animals14
(
	Discriminator,
	Name,
	Id,
	AnimalType,
	AnimalType2
)
VALUES
(
	@Discriminator,
	@Name,
	@Id,
	@AnimalType,
	@AnimalType2
)

BeforeExecute
-- Informix.DB2 Informix
DECLARE @Id Integer(4) -- Int32
SET     @Id = 1
DECLARE @TestAnimalId Integer -- Int32
SET     @TestAnimalId = NULL

INSERT INTO TestAnimalTable
(
	Id,
	TestAnimalId
)
VALUES
(
	@Id,
	@TestAnimalId
)

BeforeExecute
-- Informix.DB2 Informix
DECLARE @Id Integer(4) -- Int32
SET     @Id = 2
DECLARE @TestAnimalId Integer(4) -- Int32
SET     @TestAnimalId = 1

INSERT INTO TestAnimalTable
(
	Id,
	TestAnimalId
)
VALUES
(
	@Id,
	@TestAnimalId
)

BeforeExecute
-- Informix.DB2 Informix

SELECT
	t1.AnimalType,
	t1.AnimalType2,
	t1.Id,
	t1.Name,
	t1.Discriminator,
	t1.EyeId,
	t1."Second",
	t1."First"
FROM
	Animals14 t1

BeforeExecute
-- Informix.DB2 Informix

DROP TABLE Animals14

BeforeExecute
-- Informix.DB2 Informix

DROP TABLE Eyes14

BeforeExecute
-- Informix.DB2 Informix

DROP TABLE TestAnimalTable

