BeforeExecute
-- Informix.DB2 Informix

CREATE TABLE Issue1373Tests
(
	Field1 NVarChar(255)     NULL,
	Id     Int           NOT NULL,

	PRIMARY KEY (Id)
)

BeforeExecute
-- Informix.DB2 Informix
DECLARE @Field1 VarChar -- String
SET     @Field1 = NULL
DECLARE @Id Integer(4) -- Int32
SET     @Id = 1

INSERT INTO Issue1373Tests
(
	Field1,
	Id
)
VALUES
(
	@Field1,
	@Id
)

BeforeExecute
-- Informix.DB2 Informix
DECLARE @Field1 VarChar -- String
SET     @Field1 = NULL
DECLARE @Id Integer(4) -- Int32
SET     @Id = 2

INSERT INTO Issue1373Tests
(
	Field1,
	Id
)
VALUES
(
	@Field1,
	@Id
)

BeforeExecute
-- Informix.DB2 Informix
DECLARE @Field1 VarChar(4) -- String
SET     @Field1 = 'test'
DECLARE @Id Integer(4) -- Int32
SET     @Id = 3

INSERT INTO Issue1373Tests
(
	Field1,
	Id
)
VALUES
(
	@Field1,
	@Id
)

BeforeExecute
-- Informix.DB2 Informix

SELECT
	t1.Field1,
	t1.Id
FROM
	Issue1373Tests t1
ORDER BY
	t1.Id

BeforeExecute
-- Informix.DB2 Informix

DROP TABLE Issue1373Tests

