BeforeExecute
-- PostgreSQL PostgreSQL.9.5 PostgreSQL

CREATE TABLE "InventoryResourceDTO"
(
	"Id"                uuid      NOT NULL,
	"ModifiedTimeStamp" TimeStamp     NULL,
	"ResourceID"        uuid      NOT NULL,
	"Status"            Int       NOT NULL
)

BeforeExecute
INSERT BULK "InventoryResourceDTO"(Id, ModifiedTimeStamp, ResourceID, Status

BeforeExecute
-- PostgreSQL PostgreSQL.9.5 PostgreSQL

DROP TABLE "InventoryResourceDTO"

