BeforeExecute
-- PostgreSQL PostgreSQL.9.5 PostgreSQL

CREATE TABLE "PR_1598_Update_Table"
(
	"Age"  Int      NULL,
	"Id"   Int  NOT NULL,
	"Name" text     NULL,

	CONSTRAINT "PK_PR_1598_Update_Table" PRIMARY KEY ("Id")
)

BeforeExecute
-- PostgreSQL PostgreSQL.9.5 PostgreSQL
DECLARE @Age Integer -- Int32
SET     @Age = 14
DECLARE @Id Integer -- Int32
SET     @Id = 1
DECLARE @Name Text(6) -- String
SET     @Name = 'Manuel'

INSERT INTO "PR_1598_Update_Table"
(
	"Age",
	"Id",
	"Name"
)
VALUES
(
	:Age,
	:Id,
	:Name
)

BeforeExecute
-- PostgreSQL PostgreSQL.9.5 PostgreSQL
DECLARE @take Integer -- Int32
SET     @take = 1

SELECT
	t."Age",
	t."Id",
	t."Name"
FROM
	"PR_1598_Update_Table" t
WHERE
	t."Id" = 1
LIMIT :take

BeforeExecute
-- PostgreSQL PostgreSQL.9.5 PostgreSQL
DECLARE @Age Integer -- Int32
SET     @Age = 15
DECLARE @Name Text(5) -- String
SET     @Name = 'Jacob'
DECLARE @Id Integer -- Int32
SET     @Id = 1

UPDATE
	"PR_1598_Update_Table"
SET
	"Age" = :Age,
	"Name" = :Name
WHERE
	"PR_1598_Update_Table"."Id" = :Id

BeforeExecute
-- PostgreSQL PostgreSQL.9.5 PostgreSQL
DECLARE @take Integer -- Int32
SET     @take = 1

SELECT
	t."Age",
	t."Id",
	t."Name"
FROM
	"PR_1598_Update_Table" t
WHERE
	t."Id" = 1
LIMIT :take

BeforeExecute
-- PostgreSQL PostgreSQL.9.5 PostgreSQL
DECLARE @Age Integer -- Int32
SET     @Age = 22
DECLARE @Id Integer -- Int32
SET     @Id = 1

UPDATE
	"PR_1598_Update_Table"
SET
	"Age" = :Age
WHERE
	"PR_1598_Update_Table"."Id" = :Id

BeforeExecute
-- PostgreSQL PostgreSQL.9.5 PostgreSQL
DECLARE @take Integer -- Int32
SET     @take = 1

SELECT
	t."Age",
	t."Id",
	t."Name"
FROM
	"PR_1598_Update_Table" t
WHERE
	t."Id" = 1
LIMIT :take

BeforeExecute
-- PostgreSQL PostgreSQL.9.5 PostgreSQL

DROP TABLE "PR_1598_Update_Table"

