BeforeExecute
-- PostgreSQL PostgreSQL.9.5 PostgreSQL

CREATE TABLE "CreateTableTestClass"
(
	"TimeOffset" TimeStampTZ NOT NULL,
	"Guid"       uuid        NOT NULL
)

BeforeExecute
-- PostgreSQL PostgreSQL.9.5 PostgreSQL
DECLARE @TimeOffset TimestampTz -- DateTimeOffset
SET     @TimeOffset = 06/17/2017 16:40:33 -03:00
DECLARE @Guid Uuid -- Guid
SET     @Guid = 'bc7b663d-0fde-4327-8f92-5d8cc3a11d11'

INSERT INTO "CreateTableTestClass"
(
	"TimeOffset",
	"Guid"
)
VALUES
(
	:TimeOffset,
	:Guid
)

BeforeExecute
-- PostgreSQL PostgreSQL.9.5 PostgreSQL
DECLARE @Guid_1 Uuid -- Guid
SET     @Guid_1 = 'bc7b663d-0fde-4327-8f92-5d8cc3a11d11'
DECLARE @take Integer -- Int32
SET     @take = 1

SELECT
	t1."TimeOffset",
	t1."Guid"
FROM
	"CreateTableTestClass" t1
WHERE
	t1."Guid" = :Guid_1
LIMIT :take

BeforeExecute
-- PostgreSQL PostgreSQL.9.5 PostgreSQL

DROP TABLE "CreateTableTestClass"

