BeforeExecute
-- PostgreSQL PostgreSQL.9.5 PostgreSQL

CREATE TABLE "TableWithDateRanges"
(
	"SimpleRange"       tsrange       NULL,
	"RangeWithTimeZone" tstzrange     NULL
)

BeforeExecute
-- PostgreSQL PostgreSQL.9.5 PostgreSQL
DECLARE @SimpleRange 1073741845 -- Object
SET     @SimpleRange = [02/29/2020 17:54:55,)
DECLARE @RangeWithTimeZone 1073741850 -- Object
SET     @RangeWithTimeZone = [03/01/2020 17:54:55,)

INSERT INTO "TableWithDateRanges"
(
	"SimpleRange",
	"RangeWithTimeZone"
)
VALUES
(
	:SimpleRange,
	:RangeWithTimeZone
)

BeforeExecute
-- PostgreSQL PostgreSQL.9.5 PostgreSQL

DROP TABLE "TableWithDateRanges"

