BeforeExecute
-- SqlCe

DELETE FROM
	[Patient]

BeforeExecute
-- SqlCe

DELETE FROM
	[Doctor]

BeforeExecute
-- SqlCe

DELETE FROM
	[Person]

BeforeExecute
-- SqlCe
DECLARE @FirstName NVarChar(7) -- String
SET     @FirstName = 'first 1'
DECLARE @LastName NVarChar(6) -- String
SET     @LastName = 'last 1'
DECLARE @MiddleName NVarChar -- String
SET     @MiddleName = NULL
DECLARE @Gender NChar(1) -- StringFixedLength
SET     @Gender = 'F'

INSERT INTO [Person]
(
	[FirstName],
	[LastName],
	[MiddleName],
	[Gender]
)
VALUES
(
	@FirstName,
	@LastName,
	@MiddleName,
	@Gender
)

BeforeExecute
-- SqlCe

SELECT @@IDENTITY

BeforeExecute
-- SqlCe
DECLARE @FirstName NVarChar(7) -- String
SET     @FirstName = 'first 2'
DECLARE @LastName NVarChar(6) -- String
SET     @LastName = 'last 2'
DECLARE @MiddleName NVarChar -- String
SET     @MiddleName = NULL
DECLARE @Gender NChar(1) -- StringFixedLength
SET     @Gender = 'M'

INSERT INTO [Person]
(
	[FirstName],
	[LastName],
	[MiddleName],
	[Gender]
)
VALUES
(
	@FirstName,
	@LastName,
	@MiddleName,
	@Gender
)

BeforeExecute
-- SqlCe

SELECT @@IDENTITY

BeforeExecute
-- SqlCe
DECLARE @FirstName NVarChar(7) -- String
SET     @FirstName = 'first 3'
DECLARE @LastName NVarChar(6) -- String
SET     @LastName = 'last 3'
DECLARE @MiddleName NVarChar -- String
SET     @MiddleName = NULL
DECLARE @Gender NChar(1) -- StringFixedLength
SET     @Gender = 'O'

INSERT INTO [Person]
(
	[FirstName],
	[LastName],
	[MiddleName],
	[Gender]
)
VALUES
(
	@FirstName,
	@LastName,
	@MiddleName,
	@Gender
)

BeforeExecute
-- SqlCe

SELECT @@IDENTITY

BeforeExecute
-- SqlCe
DECLARE @FirstName NVarChar(7) -- String
SET     @FirstName = 'first 4'
DECLARE @LastName NVarChar(6) -- String
SET     @LastName = 'last 4'
DECLARE @MiddleName NVarChar -- String
SET     @MiddleName = NULL
DECLARE @Gender NChar(1) -- StringFixedLength
SET     @Gender = 'U'

INSERT INTO [Person]
(
	[FirstName],
	[LastName],
	[MiddleName],
	[Gender]
)
VALUES
(
	@FirstName,
	@LastName,
	@MiddleName,
	@Gender
)

BeforeExecute
-- SqlCe

SELECT @@IDENTITY

BeforeExecute
-- SqlCe
DECLARE @FirstName NVarChar(7) -- String
SET     @FirstName = 'first 5'
DECLARE @LastName NVarChar(6) -- String
SET     @LastName = 'last 5'
DECLARE @MiddleName NVarChar -- String
SET     @MiddleName = NULL
DECLARE @Gender NChar(1) -- StringFixedLength
SET     @Gender = 'F'

INSERT INTO [Person]
(
	[FirstName],
	[LastName],
	[MiddleName],
	[Gender]
)
VALUES
(
	@FirstName,
	@LastName,
	@MiddleName,
	@Gender
)

BeforeExecute
-- SqlCe

SELECT @@IDENTITY

BeforeExecute
-- SqlCe
DECLARE @FirstName NVarChar(7) -- String
SET     @FirstName = 'first 6'
DECLARE @LastName NVarChar(6) -- String
SET     @LastName = 'last 6'
DECLARE @MiddleName NVarChar -- String
SET     @MiddleName = NULL
DECLARE @Gender NChar(1) -- StringFixedLength
SET     @Gender = 'M'

INSERT INTO [Person]
(
	[FirstName],
	[LastName],
	[MiddleName],
	[Gender]
)
VALUES
(
	@FirstName,
	@LastName,
	@MiddleName,
	@Gender
)

BeforeExecute
-- SqlCe

SELECT @@IDENTITY

BeforeExecute
-- SqlCe
DECLARE @PersonID Int -- Int32
SET     @PersonID = 87
DECLARE @Taxonomy NVarChar(10) -- String
SET     @Taxonomy = 'Dr. Lector'

INSERT INTO [Doctor]
(
	[PersonID],
	[Taxonomy]
)
VALUES
(
	@PersonID,
	@Taxonomy
)

BeforeExecute
-- SqlCe
DECLARE @PersonID Int -- Int32
SET     @PersonID = 88
DECLARE @Taxonomy NVarChar(10) -- String
SET     @Taxonomy = 'Dr. who???'

INSERT INTO [Doctor]
(
	[PersonID],
	[Taxonomy]
)
VALUES
(
	@PersonID,
	@Taxonomy
)

BeforeExecute
-- SqlCe
DECLARE @PersonID Int -- Int32
SET     @PersonID = 85
DECLARE @Diagnosis NVarChar(4) -- String
SET     @Diagnosis = 'sick'

INSERT INTO [Patient]
(
	[PersonID],
	[Diagnosis]
)
VALUES
(
	@PersonID,
	@Diagnosis
)

BeforeExecute
-- SqlCe
DECLARE @PersonID Int -- Int32
SET     @PersonID = 86
DECLARE @Diagnosis NVarChar(9) -- String
SET     @Diagnosis = 'very sick'

INSERT INTO [Patient]
(
	[PersonID],
	[Diagnosis]
)
VALUES
(
	@PersonID,
	@Diagnosis
)

BeforeExecute
-- SqlCe

SELECT
	[t1].[PersonID],
	[t1].[Diagnosis]
FROM
	[Patient] [t1]
ORDER BY
	[t1].[PersonID]

BeforeExecute
-- SqlCe

SELECT
	[t1].[PersonID],
	[t1].[Taxonomy]
FROM
	[Doctor] [t1]
ORDER BY
	[t1].[PersonID]

BeforeExecute
-- SqlCe

SELECT
	[t1].[FirstName],
	[t1].[PersonID],
	[t1].[LastName],
	[t1].[MiddleName],
	[t1].[Gender]
FROM
	[Person] [t1]
ORDER BY
	[t1].[PersonID]

