BeforeExecute
-- SqlCe

DELETE FROM
	[LinqDataTypes]
WHERE
	[LinqDataTypes].[ID] > 1000

BeforeExecute
-- SqlCe
DECLARE @BinaryValue VarBinary(1) -- Binary
SET     @BinaryValue = 0x01

INSERT INTO [LinqDataTypes]
(
	[ID],
	[MoneyValue],
	[DateTimeValue],
	[BoolValue],
	[GuidValue],
	[BinaryValue],
	[SmallIntValue]
)
VALUES
(
	1001,
	1001,
	GetDate(),
	1,
	NewID(),
	@BinaryValue,
	1001
)

BeforeExecute
-- SqlCe
DECLARE @take Int -- Int32
SET     @take = 2

SELECT TOP (@take)
	[_].[ID],
	[_].[MoneyValue],
	[_].[DateTimeValue],
	[_].[BoolValue],
	[_].[GuidValue],
	[_].[BinaryValue],
	[_].[SmallIntValue],
	[_].[StringValue]
FROM
	[LinqDataTypes] [_]
WHERE
	[_].[ID] = 1001

BeforeExecute
-- SqlCe
DECLARE @take Int -- Int32
SET     @take = 2
DECLARE @guid UniqueIdentifier -- Guid
SET     @guid = 'd5371318-8cbb-445e-a186-ebf73a7bbb60'

SELECT TOP (@take)
	[_].[ID],
	[_].[MoneyValue],
	[_].[DateTimeValue],
	[_].[BoolValue],
	[_].[GuidValue],
	[_].[BinaryValue],
	[_].[SmallIntValue],
	[_].[StringValue]
FROM
	[LinqDataTypes] [_]
WHERE
	[_].[GuidValue] = @guid

BeforeExecute
-- SqlCe

DELETE FROM
	[LinqDataTypes]
WHERE
	[LinqDataTypes].[ID] > 1000

