BeforeExecute
-- SQLite.Classic SQLite

INSERT INTO [Person]
(
	[FirstName],
	[LastName],
	[Gender]
)
VALUES
(
	'John',
	'Shepard',
	'M'
)

BeforeExecute
-- SQLite.Classic SQLite

SELECT last_insert_rowid()

BeforeExecute
-- SQLite.Classic SQLite
DECLARE @i  -- Int32
SET     @i = 0
DECLARE @id  -- Int32
SET     @id = 43

UPDATE
	[Patient]
SET
	[Diagnosis] = Cast((Length([Patient].[Diagnosis]) + @i) as NVarChar(11))
WHERE
	[Patient].[PersonID] = @id

BeforeExecute
-- SQLite.Classic SQLite
DECLARE @id  -- Int32
SET     @id = 43

INSERT INTO [Patient]
(
	[PersonID],
	[Diagnosis]
)
VALUES
(
	@id,
	'abc'
)

BeforeExecute
-- SQLite.Classic SQLite
DECLARE @i  -- Int32
SET     @i = 1
DECLARE @id  -- Int32
SET     @id = 43

UPDATE
	[Patient]
SET
	[Diagnosis] = Cast((Length([Patient].[Diagnosis]) + @i) as NVarChar(11))
WHERE
	[Patient].[PersonID] = @id

BeforeExecute
-- SQLite.Classic SQLite
DECLARE @i  -- Int32
SET     @i = 2
DECLARE @id  -- Int32
SET     @id = 43

UPDATE
	[Patient]
SET
	[Diagnosis] = Cast((Length([Patient].[Diagnosis]) + @i) as NVarChar(11))
WHERE
	[Patient].[PersonID] = @id

BeforeExecute
-- SQLite.Classic SQLite
DECLARE @id  -- Int32
SET     @id = 43
DECLARE @take  -- Int32
SET     @take = 2

SELECT
	[p].[PersonID],
	[p].[Diagnosis]
FROM
	[Patient] [p]
WHERE
	[p].[PersonID] = @id
LIMIT @take

BeforeExecute
-- SQLite.Classic SQLite
DECLARE @id  -- Int32
SET     @id = 43

DELETE FROM
	[Patient]
WHERE
	[Patient].[PersonID] = @id

BeforeExecute
-- SQLite.Classic SQLite
DECLARE @id  -- Int32
SET     @id = 43

DELETE FROM
	[Person]
WHERE
	[Person].[PersonID] = @id

