BeforeExecute
-- SqlServer.2012

DELETE [t1]
FROM
	[LinqDataTypes] [t1]
WHERE
	[t1].[ID] > 1000

BeforeExecute
-- SqlServer.2012
DECLARE @BinaryValue VarBinary(1) -- Binary
SET     @BinaryValue = 0x01

INSERT INTO [LinqDataTypes]
(
	[ID],
	[MoneyValue],
	[DateTimeValue],
	[BoolValue],
	[GuidValue],
	[BinaryValue],
	[SmallIntValue]
)
VALUES
(
	1001,
	1001,
	CURRENT_TIMESTAMP,
	1,
	NewID(),
	@BinaryValue,
	1001
)

BeforeExecute
-- SqlServer.2012
DECLARE @take Int -- Int32
SET     @take = 2

SELECT TOP (@take)
	[_].[ID],
	[_].[MoneyValue],
	[_].[DateTimeValue],
	[_].[BoolValue],
	[_].[GuidValue],
	[_].[BinaryValue],
	[_].[SmallIntValue],
	[_].[StringValue]
FROM
	[LinqDataTypes] [_]
WHERE
	[_].[ID] = 1001

BeforeExecute
-- SqlServer.2012
DECLARE @take Int -- Int32
SET     @take = 2
DECLARE @guid UniqueIdentifier -- Guid
SET     @guid = '4a81c0f2-4381-4250-b8d8-ef2e4228ae72'

SELECT TOP (@take)
	[_].[ID],
	[_].[MoneyValue],
	[_].[DateTimeValue],
	[_].[BoolValue],
	[_].[GuidValue],
	[_].[BinaryValue],
	[_].[SmallIntValue],
	[_].[StringValue]
FROM
	[LinqDataTypes] [_]
WHERE
	[_].[GuidValue] = @guid

BeforeExecute
-- SqlServer.2012

DELETE [t1]
FROM
	[LinqDataTypes] [t1]
WHERE
	[t1].[ID] > 1000

