BeforeExecute
-- SqlServer.2008

SELECT
	[_].[FirstName],
	[_].[PersonID],
	[_].[LastName],
	[_].[MiddleName],
	[_].[Gender]
FROM
	[Person] [_]
WHERE
	[_].[PersonID] = 1

BeforeExecute
-- SqlServer.2008

SELECT
	[_].[FirstName],
	[_].[PersonID],
	[_].[LastName],
	[_].[MiddleName],
	[_].[Gender]
FROM
	[Person] [_]
WHERE
	[_].[PersonID] = 1

BeforeExecute
-- SqlServer.2008

SELECT
	[_].[FirstName],
	[_].[PersonID],
	[_].[LastName],
	[_].[MiddleName],
	[_].[Gender]
FROM
	[Person] [_]
WHERE
	[_].[PersonID] = 1

BeforeExecute
-- SqlServer.2008

SELECT
	[_].[FirstName],
	[_].[PersonID],
	[_].[LastName],
	[_].[MiddleName],
	[_].[Gender]
FROM
	[Person] [_]
WHERE
	[_].[PersonID] = 1

BeforeExecute
-- SqlServer.2008

SELECT
	[_].[FirstName],
	[_].[PersonID],
	[_].[LastName],
	[_].[MiddleName],
	[_].[Gender]
FROM
	[Person] [_]
WHERE
	[_].[PersonID] = 1

BeforeExecute
-- SqlServer.2008

SELECT
	[_].[FirstName],
	[_].[PersonID],
	[_].[LastName],
	[_].[MiddleName],
	[_].[Gender]
FROM
	[Person] [_]
WHERE
	[_].[PersonID] = 1

BeforeExecute
-- SqlServer.2008

SELECT
	[_].[FirstName],
	[_].[PersonID],
	[_].[LastName],
	[_].[MiddleName],
	[_].[Gender]
FROM
	[Person] [_]
WHERE
	[_].[PersonID] = 1

BeforeExecute
-- SqlServer.2008

SELECT
	[_].[FirstName],
	[_].[PersonID],
	[_].[LastName],
	[_].[MiddleName],
	[_].[Gender]
FROM
	[Person] [_]
WHERE
	[_].[PersonID] = 1

BeforeExecute
-- SqlServer.2008

SELECT
	[_].[FirstName],
	[_].[PersonID],
	[_].[LastName],
	[_].[MiddleName],
	[_].[Gender]
FROM
	[Person] [_]
WHERE
	[_].[PersonID] = 1

BeforeExecute
-- SqlServer.2008

SELECT
	[_].[FirstName],
	[_].[PersonID],
	[_].[LastName],
	[_].[MiddleName],
	[_].[Gender]
FROM
	[Person] [_]
WHERE
	[_].[PersonID] = 1

BeforeExecute
-- SqlServer.2008

SELECT
	[_].[FirstName],
	[_].[PersonID],
	[_].[LastName],
	[_].[MiddleName],
	[_].[Gender]
FROM
	[Person] [_]
WHERE
	[_].[PersonID] = 1

BeforeExecute
-- SqlServer.2008

SELECT
	[_].[FirstName],
	[_].[PersonID],
	[_].[LastName],
	[_].[MiddleName],
	[_].[Gender]
FROM
	[Person] [_]
WHERE
	[_].[PersonID] = 1

BeforeExecute
-- SqlServer.2008

SELECT
	[_].[FirstName],
	[_].[PersonID],
	[_].[LastName],
	[_].[MiddleName],
	[_].[Gender]
FROM
	[Person] [_]
WHERE
	[_].[PersonID] = 1

BeforeExecute
-- SqlServer.2008

SELECT
	[_].[FirstName],
	[_].[PersonID],
	[_].[LastName],
	[_].[MiddleName],
	[_].[Gender]
FROM
	[Person] [_]
WHERE
	[_].[PersonID] = 1

BeforeExecute
-- SqlServer.2008

SELECT
	[_].[FirstName],
	[_].[PersonID],
	[_].[LastName],
	[_].[MiddleName],
	[_].[Gender]
FROM
	[Person] [_]
WHERE
	[_].[PersonID] = 1

BeforeExecute
-- SqlServer.2008

SELECT
	[_].[FirstName],
	[_].[PersonID],
	[_].[LastName],
	[_].[MiddleName],
	[_].[Gender]
FROM
	[Person] [_]
WHERE
	[_].[PersonID] = 1

BeforeExecute
-- SqlServer.2008

SELECT
	[_].[FirstName],
	[_].[PersonID],
	[_].[LastName],
	[_].[MiddleName],
	[_].[Gender]
FROM
	[Person] [_]
WHERE
	[_].[PersonID] = 1

BeforeExecute
-- SqlServer.2008

SELECT
	[_].[FirstName],
	[_].[PersonID],
	[_].[LastName],
	[_].[MiddleName],
	[_].[Gender]
FROM
	[Person] [_]
WHERE
	[_].[PersonID] = 1

BeforeExecute
-- SqlServer.2008

SELECT
	[_].[FirstName],
	[_].[PersonID],
	[_].[LastName],
	[_].[MiddleName],
	[_].[Gender]
FROM
	[Person] [_]
WHERE
	[_].[PersonID] = 1

BeforeExecute
-- SqlServer.2008

SELECT
	[_].[FirstName],
	[_].[PersonID],
	[_].[LastName],
	[_].[MiddleName],
	[_].[Gender]
FROM
	[Person] [_]
WHERE
	[_].[PersonID] = 1

BeforeExecute
-- SqlServer.2008

SELECT
	[_].[FirstName],
	[_].[PersonID],
	[_].[LastName],
	[_].[MiddleName],
	[_].[Gender]
FROM
	[Person] [_]
WHERE
	[_].[PersonID] = 1

BeforeExecute
-- SqlServer.2008

SELECT
	[_].[FirstName],
	[_].[PersonID],
	[_].[LastName],
	[_].[MiddleName],
	[_].[Gender]
FROM
	[Person] [_]
WHERE
	[_].[PersonID] = 1

BeforeExecute
-- SqlServer.2008

SELECT
	[_].[FirstName],
	[_].[PersonID],
	[_].[LastName],
	[_].[MiddleName],
	[_].[Gender]
FROM
	[Person] [_]
WHERE
	[_].[PersonID] = 1

BeforeExecute
-- SqlServer.2008

SELECT
	[_].[FirstName],
	[_].[PersonID],
	[_].[LastName],
	[_].[MiddleName],
	[_].[Gender]
FROM
	[Person] [_]
WHERE
	[_].[PersonID] = 1

BeforeExecute
-- SqlServer.2008

SELECT
	[_].[FirstName],
	[_].[PersonID],
	[_].[LastName],
	[_].[MiddleName],
	[_].[Gender]
FROM
	[Person] [_]
WHERE
	[_].[PersonID] = 1

BeforeExecute
-- SqlServer.2008

SELECT
	[_].[FirstName],
	[_].[PersonID],
	[_].[LastName],
	[_].[MiddleName],
	[_].[Gender]
FROM
	[Person] [_]
WHERE
	[_].[PersonID] = 1

BeforeExecute
-- SqlServer.2008

SELECT
	[_].[FirstName],
	[_].[PersonID],
	[_].[LastName],
	[_].[MiddleName],
	[_].[Gender]
FROM
	[Person] [_]
WHERE
	[_].[PersonID] = 1

BeforeExecute
-- SqlServer.2008

SELECT
	[_].[FirstName],
	[_].[PersonID],
	[_].[LastName],
	[_].[MiddleName],
	[_].[Gender]
FROM
	[Person] [_]
WHERE
	[_].[PersonID] = 1

BeforeExecute
-- SqlServer.2008

SELECT
	[_].[FirstName],
	[_].[PersonID],
	[_].[LastName],
	[_].[MiddleName],
	[_].[Gender]
FROM
	[Person] [_]
WHERE
	[_].[PersonID] = 1

BeforeExecute
-- SqlServer.2008

SELECT
	[_].[FirstName],
	[_].[PersonID],
	[_].[LastName],
	[_].[MiddleName],
	[_].[Gender]
FROM
	[Person] [_]
WHERE
	[_].[PersonID] = 1

BeforeExecute
-- SqlServer.2008

SELECT
	[_].[FirstName],
	[_].[PersonID],
	[_].[LastName],
	[_].[MiddleName],
	[_].[Gender]
FROM
	[Person] [_]
WHERE
	[_].[PersonID] = 1

BeforeExecute
-- SqlServer.2008

SELECT
	[_].[FirstName],
	[_].[PersonID],
	[_].[LastName],
	[_].[MiddleName],
	[_].[Gender]
FROM
	[Person] [_]
WHERE
	[_].[PersonID] = 1

BeforeExecute
-- SqlServer.2008

SELECT
	[_].[FirstName],
	[_].[PersonID],
	[_].[LastName],
	[_].[MiddleName],
	[_].[Gender]
FROM
	[Person] [_]
WHERE
	[_].[PersonID] = 1

BeforeExecute
-- SqlServer.2008

SELECT
	[_].[FirstName],
	[_].[PersonID],
	[_].[LastName],
	[_].[MiddleName],
	[_].[Gender]
FROM
	[Person] [_]
WHERE
	[_].[PersonID] = 1

BeforeExecute
-- SqlServer.2008

SELECT
	[_].[FirstName],
	[_].[PersonID],
	[_].[LastName],
	[_].[MiddleName],
	[_].[Gender]
FROM
	[Person] [_]
WHERE
	[_].[PersonID] = 1

BeforeExecute
-- SqlServer.2008

SELECT
	[_].[FirstName],
	[_].[PersonID],
	[_].[LastName],
	[_].[MiddleName],
	[_].[Gender]
FROM
	[Person] [_]
WHERE
	[_].[PersonID] = 1

BeforeExecute
-- SqlServer.2008

SELECT
	[_].[FirstName],
	[_].[PersonID],
	[_].[LastName],
	[_].[MiddleName],
	[_].[Gender]
FROM
	[Person] [_]
WHERE
	[_].[PersonID] = 1

BeforeExecute
-- SqlServer.2008

SELECT
	[_].[FirstName],
	[_].[PersonID],
	[_].[LastName],
	[_].[MiddleName],
	[_].[Gender]
FROM
	[Person] [_]
WHERE
	[_].[PersonID] = 1

BeforeExecute
-- SqlServer.2008

SELECT
	[_].[FirstName],
	[_].[PersonID],
	[_].[LastName],
	[_].[MiddleName],
	[_].[Gender]
FROM
	[Person] [_]
WHERE
	[_].[PersonID] = 1

BeforeExecute
-- SqlServer.2008

SELECT
	[_].[FirstName],
	[_].[PersonID],
	[_].[LastName],
	[_].[MiddleName],
	[_].[Gender]
FROM
	[Person] [_]
WHERE
	[_].[PersonID] = 1

BeforeExecute
-- SqlServer.2008

SELECT
	[_].[FirstName],
	[_].[PersonID],
	[_].[LastName],
	[_].[MiddleName],
	[_].[Gender]
FROM
	[Person] [_]
WHERE
	[_].[PersonID] = 1

BeforeExecute
-- SqlServer.2008

SELECT
	[_].[FirstName],
	[_].[PersonID],
	[_].[LastName],
	[_].[MiddleName],
	[_].[Gender]
FROM
	[Person] [_]
WHERE
	[_].[PersonID] = 1

BeforeExecute
-- SqlServer.2008

SELECT
	[_].[FirstName],
	[_].[PersonID],
	[_].[LastName],
	[_].[MiddleName],
	[_].[Gender]
FROM
	[Person] [_]
WHERE
	[_].[PersonID] = 1

BeforeExecute
-- SqlServer.2008

SELECT
	[_].[FirstName],
	[_].[PersonID],
	[_].[LastName],
	[_].[MiddleName],
	[_].[Gender]
FROM
	[Person] [_]
WHERE
	[_].[PersonID] = 1

BeforeExecute
-- SqlServer.2008

SELECT
	[_].[FirstName],
	[_].[PersonID],
	[_].[LastName],
	[_].[MiddleName],
	[_].[Gender]
FROM
	[Person] [_]
WHERE
	[_].[PersonID] = 1

BeforeExecute
-- SqlServer.2008

SELECT
	[_].[FirstName],
	[_].[PersonID],
	[_].[LastName],
	[_].[MiddleName],
	[_].[Gender]
FROM
	[Person] [_]
WHERE
	[_].[PersonID] = 1

BeforeExecute
-- SqlServer.2008

SELECT
	[_].[FirstName],
	[_].[PersonID],
	[_].[LastName],
	[_].[MiddleName],
	[_].[Gender]
FROM
	[Person] [_]
WHERE
	[_].[PersonID] = 1

BeforeExecute
-- SqlServer.2008

SELECT
	[_].[FirstName],
	[_].[PersonID],
	[_].[LastName],
	[_].[MiddleName],
	[_].[Gender]
FROM
	[Person] [_]
WHERE
	[_].[PersonID] = 1

BeforeExecute
-- SqlServer.2008

SELECT
	[_].[FirstName],
	[_].[PersonID],
	[_].[LastName],
	[_].[MiddleName],
	[_].[Gender]
FROM
	[Person] [_]
WHERE
	[_].[PersonID] = 1

BeforeExecute
-- SqlServer.2008

SELECT
	[_].[FirstName],
	[_].[PersonID],
	[_].[LastName],
	[_].[MiddleName],
	[_].[Gender]
FROM
	[Person] [_]
WHERE
	[_].[PersonID] = 1

BeforeExecute
-- SqlServer.2008

SELECT
	[_].[FirstName],
	[_].[PersonID],
	[_].[LastName],
	[_].[MiddleName],
	[_].[Gender]
FROM
	[Person] [_]
WHERE
	[_].[PersonID] = 1

BeforeExecute
-- SqlServer.2008

SELECT
	[_].[FirstName],
	[_].[PersonID],
	[_].[LastName],
	[_].[MiddleName],
	[_].[Gender]
FROM
	[Person] [_]
WHERE
	[_].[PersonID] = 1

BeforeExecute
-- SqlServer.2008

SELECT
	[_].[FirstName],
	[_].[PersonID],
	[_].[LastName],
	[_].[MiddleName],
	[_].[Gender]
FROM
	[Person] [_]
WHERE
	[_].[PersonID] = 1

BeforeExecute
-- SqlServer.2008

SELECT
	[_].[FirstName],
	[_].[PersonID],
	[_].[LastName],
	[_].[MiddleName],
	[_].[Gender]
FROM
	[Person] [_]
WHERE
	[_].[PersonID] = 1

BeforeExecute
-- SqlServer.2008

SELECT
	[_].[FirstName],
	[_].[PersonID],
	[_].[LastName],
	[_].[MiddleName],
	[_].[Gender]
FROM
	[Person] [_]
WHERE
	[_].[PersonID] = 1

BeforeExecute
-- SqlServer.2008

SELECT
	[_].[FirstName],
	[_].[PersonID],
	[_].[LastName],
	[_].[MiddleName],
	[_].[Gender]
FROM
	[Person] [_]
WHERE
	[_].[PersonID] = 1

BeforeExecute
-- SqlServer.2008

SELECT
	[_].[FirstName],
	[_].[PersonID],
	[_].[LastName],
	[_].[MiddleName],
	[_].[Gender]
FROM
	[Person] [_]
WHERE
	[_].[PersonID] = 1

BeforeExecute
-- SqlServer.2008

SELECT
	[_].[FirstName],
	[_].[PersonID],
	[_].[LastName],
	[_].[MiddleName],
	[_].[Gender]
FROM
	[Person] [_]
WHERE
	[_].[PersonID] = 1

BeforeExecute
-- SqlServer.2008

SELECT
	[_].[FirstName],
	[_].[PersonID],
	[_].[LastName],
	[_].[MiddleName],
	[_].[Gender]
FROM
	[Person] [_]
WHERE
	[_].[PersonID] = 1

BeforeExecute
-- SqlServer.2008

SELECT
	[_].[FirstName],
	[_].[PersonID],
	[_].[LastName],
	[_].[MiddleName],
	[_].[Gender]
FROM
	[Person] [_]
WHERE
	[_].[PersonID] = 1

BeforeExecute
-- SqlServer.2008

SELECT
	[_].[FirstName],
	[_].[PersonID],
	[_].[LastName],
	[_].[MiddleName],
	[_].[Gender]
FROM
	[Person] [_]
WHERE
	[_].[PersonID] = 1

BeforeExecute
-- SqlServer.2008

SELECT
	[_].[FirstName],
	[_].[PersonID],
	[_].[LastName],
	[_].[MiddleName],
	[_].[Gender]
FROM
	[Person] [_]
WHERE
	[_].[PersonID] = 1

BeforeExecute
-- SqlServer.2008

SELECT
	[_].[FirstName],
	[_].[PersonID],
	[_].[LastName],
	[_].[MiddleName],
	[_].[Gender]
FROM
	[Person] [_]
WHERE
	[_].[PersonID] = 1

BeforeExecute
-- SqlServer.2008

SELECT
	[_].[FirstName],
	[_].[PersonID],
	[_].[LastName],
	[_].[MiddleName],
	[_].[Gender]
FROM
	[Person] [_]
WHERE
	[_].[PersonID] = 1

BeforeExecute
-- SqlServer.2008

SELECT
	[_].[FirstName],
	[_].[PersonID],
	[_].[LastName],
	[_].[MiddleName],
	[_].[Gender]
FROM
	[Person] [_]
WHERE
	[_].[PersonID] = 1

BeforeExecute
-- SqlServer.2008

SELECT
	[_].[FirstName],
	[_].[PersonID],
	[_].[LastName],
	[_].[MiddleName],
	[_].[Gender]
FROM
	[Person] [_]
WHERE
	[_].[PersonID] = 1

BeforeExecute
-- SqlServer.2008

SELECT
	[_].[FirstName],
	[_].[PersonID],
	[_].[LastName],
	[_].[MiddleName],
	[_].[Gender]
FROM
	[Person] [_]
WHERE
	[_].[PersonID] = 1

BeforeExecute
-- SqlServer.2008

SELECT
	[_].[FirstName],
	[_].[PersonID],
	[_].[LastName],
	[_].[MiddleName],
	[_].[Gender]
FROM
	[Person] [_]
WHERE
	[_].[PersonID] = 1

BeforeExecute
-- SqlServer.2008

SELECT
	[_].[FirstName],
	[_].[PersonID],
	[_].[LastName],
	[_].[MiddleName],
	[_].[Gender]
FROM
	[Person] [_]
WHERE
	[_].[PersonID] = 1

BeforeExecute
-- SqlServer.2008

SELECT
	[_].[FirstName],
	[_].[PersonID],
	[_].[LastName],
	[_].[MiddleName],
	[_].[Gender]
FROM
	[Person] [_]
WHERE
	[_].[PersonID] = 1

BeforeExecute
-- SqlServer.2008

SELECT
	[_].[FirstName],
	[_].[PersonID],
	[_].[LastName],
	[_].[MiddleName],
	[_].[Gender]
FROM
	[Person] [_]
WHERE
	[_].[PersonID] = 1

BeforeExecute
-- SqlServer.2008

SELECT
	[_].[FirstName],
	[_].[PersonID],
	[_].[LastName],
	[_].[MiddleName],
	[_].[Gender]
FROM
	[Person] [_]
WHERE
	[_].[PersonID] = 1

BeforeExecute
-- SqlServer.2008

SELECT
	[_].[FirstName],
	[_].[PersonID],
	[_].[LastName],
	[_].[MiddleName],
	[_].[Gender]
FROM
	[Person] [_]
WHERE
	[_].[PersonID] = 1

BeforeExecute
-- SqlServer.2008

SELECT
	[_].[FirstName],
	[_].[PersonID],
	[_].[LastName],
	[_].[MiddleName],
	[_].[Gender]
FROM
	[Person] [_]
WHERE
	[_].[PersonID] = 1

BeforeExecute
-- SqlServer.2008

SELECT
	[_].[FirstName],
	[_].[PersonID],
	[_].[LastName],
	[_].[MiddleName],
	[_].[Gender]
FROM
	[Person] [_]
WHERE
	[_].[PersonID] = 1

BeforeExecute
-- SqlServer.2008

SELECT
	[_].[FirstName],
	[_].[PersonID],
	[_].[LastName],
	[_].[MiddleName],
	[_].[Gender]
FROM
	[Person] [_]
WHERE
	[_].[PersonID] = 1

BeforeExecute
-- SqlServer.2008

SELECT
	[_].[FirstName],
	[_].[PersonID],
	[_].[LastName],
	[_].[MiddleName],
	[_].[Gender]
FROM
	[Person] [_]
WHERE
	[_].[PersonID] = 1

BeforeExecute
-- SqlServer.2008

SELECT
	[_].[FirstName],
	[_].[PersonID],
	[_].[LastName],
	[_].[MiddleName],
	[_].[Gender]
FROM
	[Person] [_]
WHERE
	[_].[PersonID] = 1

BeforeExecute
-- SqlServer.2008

SELECT
	[_].[FirstName],
	[_].[PersonID],
	[_].[LastName],
	[_].[MiddleName],
	[_].[Gender]
FROM
	[Person] [_]
WHERE
	[_].[PersonID] = 1

BeforeExecute
-- SqlServer.2008

SELECT
	[_].[FirstName],
	[_].[PersonID],
	[_].[LastName],
	[_].[MiddleName],
	[_].[Gender]
FROM
	[Person] [_]
WHERE
	[_].[PersonID] = 1

BeforeExecute
-- SqlServer.2008

SELECT
	[_].[FirstName],
	[_].[PersonID],
	[_].[LastName],
	[_].[MiddleName],
	[_].[Gender]
FROM
	[Person] [_]
WHERE
	[_].[PersonID] = 1

BeforeExecute
-- SqlServer.2008

SELECT
	[_].[FirstName],
	[_].[PersonID],
	[_].[LastName],
	[_].[MiddleName],
	[_].[Gender]
FROM
	[Person] [_]
WHERE
	[_].[PersonID] = 1

BeforeExecute
-- SqlServer.2008

SELECT
	[_].[FirstName],
	[_].[PersonID],
	[_].[LastName],
	[_].[MiddleName],
	[_].[Gender]
FROM
	[Person] [_]
WHERE
	[_].[PersonID] = 1

BeforeExecute
-- SqlServer.2008

SELECT
	[_].[FirstName],
	[_].[PersonID],
	[_].[LastName],
	[_].[MiddleName],
	[_].[Gender]
FROM
	[Person] [_]
WHERE
	[_].[PersonID] = 1

BeforeExecute
-- SqlServer.2008

SELECT
	[_].[FirstName],
	[_].[PersonID],
	[_].[LastName],
	[_].[MiddleName],
	[_].[Gender]
FROM
	[Person] [_]
WHERE
	[_].[PersonID] = 1

BeforeExecute
-- SqlServer.2008

SELECT
	[_].[FirstName],
	[_].[PersonID],
	[_].[LastName],
	[_].[MiddleName],
	[_].[Gender]
FROM
	[Person] [_]
WHERE
	[_].[PersonID] = 1

BeforeExecute
-- SqlServer.2008

SELECT
	[_].[FirstName],
	[_].[PersonID],
	[_].[LastName],
	[_].[MiddleName],
	[_].[Gender]
FROM
	[Person] [_]
WHERE
	[_].[PersonID] = 1

BeforeExecute
-- SqlServer.2008

SELECT
	[_].[FirstName],
	[_].[PersonID],
	[_].[LastName],
	[_].[MiddleName],
	[_].[Gender]
FROM
	[Person] [_]
WHERE
	[_].[PersonID] = 1

BeforeExecute
-- SqlServer.2008

SELECT
	[_].[FirstName],
	[_].[PersonID],
	[_].[LastName],
	[_].[MiddleName],
	[_].[Gender]
FROM
	[Person] [_]
WHERE
	[_].[PersonID] = 1

BeforeExecute
-- SqlServer.2008

SELECT
	[_].[FirstName],
	[_].[PersonID],
	[_].[LastName],
	[_].[MiddleName],
	[_].[Gender]
FROM
	[Person] [_]
WHERE
	[_].[PersonID] = 1

BeforeExecute
-- SqlServer.2008

SELECT
	[_].[FirstName],
	[_].[PersonID],
	[_].[LastName],
	[_].[MiddleName],
	[_].[Gender]
FROM
	[Person] [_]
WHERE
	[_].[PersonID] = 1

BeforeExecute
-- SqlServer.2008

SELECT
	[_].[FirstName],
	[_].[PersonID],
	[_].[LastName],
	[_].[MiddleName],
	[_].[Gender]
FROM
	[Person] [_]
WHERE
	[_].[PersonID] = 1

BeforeExecute
-- SqlServer.2008

SELECT
	[_].[FirstName],
	[_].[PersonID],
	[_].[LastName],
	[_].[MiddleName],
	[_].[Gender]
FROM
	[Person] [_]
WHERE
	[_].[PersonID] = 1

BeforeExecute
-- SqlServer.2008

SELECT
	[_].[FirstName],
	[_].[PersonID],
	[_].[LastName],
	[_].[MiddleName],
	[_].[Gender]
FROM
	[Person] [_]
WHERE
	[_].[PersonID] = 1

BeforeExecute
-- SqlServer.2008

SELECT
	[_].[FirstName],
	[_].[PersonID],
	[_].[LastName],
	[_].[MiddleName],
	[_].[Gender]
FROM
	[Person] [_]
WHERE
	[_].[PersonID] = 1

BeforeExecute
-- SqlServer.2008

SELECT
	[_].[FirstName],
	[_].[PersonID],
	[_].[LastName],
	[_].[MiddleName],
	[_].[Gender]
FROM
	[Person] [_]
WHERE
	[_].[PersonID] = 1

BeforeExecute
-- SqlServer.2008

SELECT
	[_].[FirstName],
	[_].[PersonID],
	[_].[LastName],
	[_].[MiddleName],
	[_].[Gender]
FROM
	[Person] [_]
WHERE
	[_].[PersonID] = 1

BeforeExecute
-- SqlServer.2008

SELECT
	[_].[FirstName],
	[_].[PersonID],
	[_].[LastName],
	[_].[MiddleName],
	[_].[Gender]
FROM
	[Person] [_]
WHERE
	[_].[PersonID] = 1

BeforeExecute
-- SqlServer.2008

SELECT
	[_].[FirstName],
	[_].[PersonID],
	[_].[LastName],
	[_].[MiddleName],
	[_].[Gender]
FROM
	[Person] [_]
WHERE
	[_].[PersonID] = 1

BeforeExecute
-- SqlServer.2008

SELECT
	[_].[FirstName],
	[_].[PersonID],
	[_].[LastName],
	[_].[MiddleName],
	[_].[Gender]
FROM
	[Person] [_]
WHERE
	[_].[PersonID] = 1

BeforeExecute
-- SqlServer.2008

SELECT
	[_].[FirstName],
	[_].[PersonID],
	[_].[LastName],
	[_].[MiddleName],
	[_].[Gender]
FROM
	[Person] [_]
WHERE
	[_].[PersonID] = 1

BeforeExecute
-- SqlServer.2008

SELECT
	[_].[FirstName],
	[_].[PersonID],
	[_].[LastName],
	[_].[MiddleName],
	[_].[Gender]
FROM
	[Person] [_]
WHERE
	[_].[PersonID] = 1

BeforeExecute
-- SqlServer.2008

SELECT
	[_].[FirstName],
	[_].[PersonID],
	[_].[LastName],
	[_].[MiddleName],
	[_].[Gender]
FROM
	[Person] [_]
WHERE
	[_].[PersonID] = 1

BeforeExecute
-- SqlServer.2008

SELECT
	[_].[FirstName],
	[_].[PersonID],
	[_].[LastName],
	[_].[MiddleName],
	[_].[Gender]
FROM
	[Person] [_]
WHERE
	[_].[PersonID] = 1

BeforeExecute
-- SqlServer.2008

SELECT
	[_].[FirstName],
	[_].[PersonID],
	[_].[LastName],
	[_].[MiddleName],
	[_].[Gender]
FROM
	[Person] [_]
WHERE
	[_].[PersonID] = 1

BeforeExecute
-- SqlServer.2008

SELECT
	[_].[FirstName],
	[_].[PersonID],
	[_].[LastName],
	[_].[MiddleName],
	[_].[Gender]
FROM
	[Person] [_]
WHERE
	[_].[PersonID] = 1

BeforeExecute
-- SqlServer.2008

SELECT
	[_].[FirstName],
	[_].[PersonID],
	[_].[LastName],
	[_].[MiddleName],
	[_].[Gender]
FROM
	[Person] [_]
WHERE
	[_].[PersonID] = 1

BeforeExecute
-- SqlServer.2008

SELECT
	[_].[FirstName],
	[_].[PersonID],
	[_].[LastName],
	[_].[MiddleName],
	[_].[Gender]
FROM
	[Person] [_]
WHERE
	[_].[PersonID] = 1

BeforeExecute
-- SqlServer.2008

SELECT
	[_].[FirstName],
	[_].[PersonID],
	[_].[LastName],
	[_].[MiddleName],
	[_].[Gender]
FROM
	[Person] [_]
WHERE
	[_].[PersonID] = 1

BeforeExecute
-- SqlServer.2008

SELECT
	[_].[FirstName],
	[_].[PersonID],
	[_].[LastName],
	[_].[MiddleName],
	[_].[Gender]
FROM
	[Person] [_]
WHERE
	[_].[PersonID] = 1

BeforeExecute
-- SqlServer.2008

SELECT
	[_].[FirstName],
	[_].[PersonID],
	[_].[LastName],
	[_].[MiddleName],
	[_].[Gender]
FROM
	[Person] [_]
WHERE
	[_].[PersonID] = 1

BeforeExecute
-- SqlServer.2008

SELECT
	[_].[FirstName],
	[_].[PersonID],
	[_].[LastName],
	[_].[MiddleName],
	[_].[Gender]
FROM
	[Person] [_]
WHERE
	[_].[PersonID] = 1

BeforeExecute
-- SqlServer.2008

SELECT
	[_].[FirstName],
	[_].[PersonID],
	[_].[LastName],
	[_].[MiddleName],
	[_].[Gender]
FROM
	[Person] [_]
WHERE
	[_].[PersonID] = 1

BeforeExecute
-- SqlServer.2008

SELECT
	[_].[FirstName],
	[_].[PersonID],
	[_].[LastName],
	[_].[MiddleName],
	[_].[Gender]
FROM
	[Person] [_]
WHERE
	[_].[PersonID] = 1

BeforeExecute
-- SqlServer.2008

SELECT
	[_].[FirstName],
	[_].[PersonID],
	[_].[LastName],
	[_].[MiddleName],
	[_].[Gender]
FROM
	[Person] [_]
WHERE
	[_].[PersonID] = 1

BeforeExecute
-- SqlServer.2008

SELECT
	[_].[FirstName],
	[_].[PersonID],
	[_].[LastName],
	[_].[MiddleName],
	[_].[Gender]
FROM
	[Person] [_]
WHERE
	[_].[PersonID] = 1

BeforeExecute
-- SqlServer.2008

SELECT
	[_].[FirstName],
	[_].[PersonID],
	[_].[LastName],
	[_].[MiddleName],
	[_].[Gender]
FROM
	[Person] [_]
WHERE
	[_].[PersonID] = 1

BeforeExecute
-- SqlServer.2008

SELECT
	[_].[FirstName],
	[_].[PersonID],
	[_].[LastName],
	[_].[MiddleName],
	[_].[Gender]
FROM
	[Person] [_]
WHERE
	[_].[PersonID] = 1

BeforeExecute
-- SqlServer.2008

SELECT
	[_].[FirstName],
	[_].[PersonID],
	[_].[LastName],
	[_].[MiddleName],
	[_].[Gender]
FROM
	[Person] [_]
WHERE
	[_].[PersonID] = 1

BeforeExecute
-- SqlServer.2008

SELECT
	[_].[FirstName],
	[_].[PersonID],
	[_].[LastName],
	[_].[MiddleName],
	[_].[Gender]
FROM
	[Person] [_]
WHERE
	[_].[PersonID] = 1

BeforeExecute
-- SqlServer.2008

SELECT
	[_].[FirstName],
	[_].[PersonID],
	[_].[LastName],
	[_].[MiddleName],
	[_].[Gender]
FROM
	[Person] [_]
WHERE
	[_].[PersonID] = 1

BeforeExecute
-- SqlServer.2008

SELECT
	[_].[FirstName],
	[_].[PersonID],
	[_].[LastName],
	[_].[MiddleName],
	[_].[Gender]
FROM
	[Person] [_]
WHERE
	[_].[PersonID] = 1

BeforeExecute
-- SqlServer.2008

SELECT
	[_].[FirstName],
	[_].[PersonID],
	[_].[LastName],
	[_].[MiddleName],
	[_].[Gender]
FROM
	[Person] [_]
WHERE
	[_].[PersonID] = 1

BeforeExecute
-- SqlServer.2008

SELECT
	[_].[FirstName],
	[_].[PersonID],
	[_].[LastName],
	[_].[MiddleName],
	[_].[Gender]
FROM
	[Person] [_]
WHERE
	[_].[PersonID] = 1

BeforeExecute
-- SqlServer.2008

SELECT
	[_].[FirstName],
	[_].[PersonID],
	[_].[LastName],
	[_].[MiddleName],
	[_].[Gender]
FROM
	[Person] [_]
WHERE
	[_].[PersonID] = 1

BeforeExecute
-- SqlServer.2008

SELECT
	[_].[FirstName],
	[_].[PersonID],
	[_].[LastName],
	[_].[MiddleName],
	[_].[Gender]
FROM
	[Person] [_]
WHERE
	[_].[PersonID] = 1

BeforeExecute
-- SqlServer.2008

SELECT
	[_].[FirstName],
	[_].[PersonID],
	[_].[LastName],
	[_].[MiddleName],
	[_].[Gender]
FROM
	[Person] [_]
WHERE
	[_].[PersonID] = 1

BeforeExecute
-- SqlServer.2008

SELECT
	[_].[FirstName],
	[_].[PersonID],
	[_].[LastName],
	[_].[MiddleName],
	[_].[Gender]
FROM
	[Person] [_]
WHERE
	[_].[PersonID] = 1

BeforeExecute
-- SqlServer.2008

SELECT
	[_].[FirstName],
	[_].[PersonID],
	[_].[LastName],
	[_].[MiddleName],
	[_].[Gender]
FROM
	[Person] [_]
WHERE
	[_].[PersonID] = 1

BeforeExecute
-- SqlServer.2008

SELECT
	[_].[FirstName],
	[_].[PersonID],
	[_].[LastName],
	[_].[MiddleName],
	[_].[Gender]
FROM
	[Person] [_]
WHERE
	[_].[PersonID] = 1

BeforeExecute
-- SqlServer.2008

SELECT
	[_].[FirstName],
	[_].[PersonID],
	[_].[LastName],
	[_].[MiddleName],
	[_].[Gender]
FROM
	[Person] [_]
WHERE
	[_].[PersonID] = 1

BeforeExecute
-- SqlServer.2008

SELECT
	[_].[FirstName],
	[_].[PersonID],
	[_].[LastName],
	[_].[MiddleName],
	[_].[Gender]
FROM
	[Person] [_]
WHERE
	[_].[PersonID] = 1

BeforeExecute
-- SqlServer.2008

SELECT
	[_].[FirstName],
	[_].[PersonID],
	[_].[LastName],
	[_].[MiddleName],
	[_].[Gender]
FROM
	[Person] [_]
WHERE
	[_].[PersonID] = 1

BeforeExecute
-- SqlServer.2008

SELECT
	[_].[FirstName],
	[_].[PersonID],
	[_].[LastName],
	[_].[MiddleName],
	[_].[Gender]
FROM
	[Person] [_]
WHERE
	[_].[PersonID] = 1

BeforeExecute
-- SqlServer.2008

SELECT
	[_].[FirstName],
	[_].[PersonID],
	[_].[LastName],
	[_].[MiddleName],
	[_].[Gender]
FROM
	[Person] [_]
WHERE
	[_].[PersonID] = 1

BeforeExecute
-- SqlServer.2008

SELECT
	[_].[FirstName],
	[_].[PersonID],
	[_].[LastName],
	[_].[MiddleName],
	[_].[Gender]
FROM
	[Person] [_]
WHERE
	[_].[PersonID] = 1

BeforeExecute
-- SqlServer.2008

SELECT
	[_].[FirstName],
	[_].[PersonID],
	[_].[LastName],
	[_].[MiddleName],
	[_].[Gender]
FROM
	[Person] [_]
WHERE
	[_].[PersonID] = 1

BeforeExecute
-- SqlServer.2008

SELECT
	[_].[FirstName],
	[_].[PersonID],
	[_].[LastName],
	[_].[MiddleName],
	[_].[Gender]
FROM
	[Person] [_]
WHERE
	[_].[PersonID] = 1

BeforeExecute
-- SqlServer.2008

SELECT
	[_].[FirstName],
	[_].[PersonID],
	[_].[LastName],
	[_].[MiddleName],
	[_].[Gender]
FROM
	[Person] [_]
WHERE
	[_].[PersonID] = 1

BeforeExecute
-- SqlServer.2008

SELECT
	[_].[FirstName],
	[_].[PersonID],
	[_].[LastName],
	[_].[MiddleName],
	[_].[Gender]
FROM
	[Person] [_]
WHERE
	[_].[PersonID] = 1

BeforeExecute
-- SqlServer.2008

SELECT
	[_].[FirstName],
	[_].[PersonID],
	[_].[LastName],
	[_].[MiddleName],
	[_].[Gender]
FROM
	[Person] [_]
WHERE
	[_].[PersonID] = 1

BeforeExecute
-- SqlServer.2008

SELECT
	[_].[FirstName],
	[_].[PersonID],
	[_].[LastName],
	[_].[MiddleName],
	[_].[Gender]
FROM
	[Person] [_]
WHERE
	[_].[PersonID] = 1

BeforeExecute
-- SqlServer.2008

SELECT
	[_].[FirstName],
	[_].[PersonID],
	[_].[LastName],
	[_].[MiddleName],
	[_].[Gender]
FROM
	[Person] [_]
WHERE
	[_].[PersonID] = 1

BeforeExecute
-- SqlServer.2008

SELECT
	[_].[FirstName],
	[_].[PersonID],
	[_].[LastName],
	[_].[MiddleName],
	[_].[Gender]
FROM
	[Person] [_]
WHERE
	[_].[PersonID] = 1

BeforeExecute
-- SqlServer.2008

SELECT
	[_].[FirstName],
	[_].[PersonID],
	[_].[LastName],
	[_].[MiddleName],
	[_].[Gender]
FROM
	[Person] [_]
WHERE
	[_].[PersonID] = 1

BeforeExecute
-- SqlServer.2008

SELECT
	[_].[FirstName],
	[_].[PersonID],
	[_].[LastName],
	[_].[MiddleName],
	[_].[Gender]
FROM
	[Person] [_]
WHERE
	[_].[PersonID] = 1

BeforeExecute
-- SqlServer.2008

SELECT
	[_].[FirstName],
	[_].[PersonID],
	[_].[LastName],
	[_].[MiddleName],
	[_].[Gender]
FROM
	[Person] [_]
WHERE
	[_].[PersonID] = 1

BeforeExecute
-- SqlServer.2008

SELECT
	[_].[FirstName],
	[_].[PersonID],
	[_].[LastName],
	[_].[MiddleName],
	[_].[Gender]
FROM
	[Person] [_]
WHERE
	[_].[PersonID] = 1

BeforeExecute
-- SqlServer.2008

SELECT
	[_].[FirstName],
	[_].[PersonID],
	[_].[LastName],
	[_].[MiddleName],
	[_].[Gender]
FROM
	[Person] [_]
WHERE
	[_].[PersonID] = 1

