BeforeExecute
-- PostgreSQL PostgreSQL.9.5 PostgreSQL

CREATE TABLE "CreateTableTypes"
(
	"BooleanNullable" Boolean     NULL,
	"Id"              Int     NOT NULL
)

BeforeExecute
-- PostgreSQL PostgreSQL.9.5 PostgreSQL
DECLARE @BooleanNullable Boolean
SET     @BooleanNullable = NULL
DECLARE @Id Integer -- Int32
SET     @Id = 1

INSERT INTO "CreateTableTypes"
(
	"BooleanNullable",
	"Id"
)
VALUES
(
	:BooleanNullable,
	:Id
)

BeforeExecute
-- PostgreSQL PostgreSQL.9.5 PostgreSQL
DECLARE @BooleanNullable Boolean
SET     @BooleanNullable = True
DECLARE @Id Integer -- Int32
SET     @Id = 2

INSERT INTO "CreateTableTypes"
(
	"BooleanNullable",
	"Id"
)
VALUES
(
	:BooleanNullable,
	:Id
)

BeforeExecute
-- PostgreSQL PostgreSQL.9.5 PostgreSQL

SELECT
	t1."BooleanNullable",
	t1."Id"
FROM
	"CreateTableTypes" t1
ORDER BY
	t1."Id"

BeforeExecute
-- PostgreSQL PostgreSQL.9.5 PostgreSQL

DROP TABLE "CreateTableTypes"

