BeforeExecute
-- PostgreSQL PostgreSQL.9.5 PostgreSQL

CREATE TABLE "BlobClass20"
(
	"BlobValue" bytea     NULL,
	"Id"        Int   NOT NULL,

	CONSTRAINT "PK_BlobClass20" PRIMARY KEY ("Id")
)

BeforeExecute
-- PostgreSQL PostgreSQL.9.5 PostgreSQL

INSERT INTO "BlobClass20"
(
	"BlobValue",
	"Id"
)
VALUES
(
	E'\\x010203',
	1
)

BeforeExecute
-- PostgreSQL PostgreSQL.9.5 PostgreSQL

SELECT
	t1."BlobValue",
	t1."Id"
FROM
	"BlobClass20" t1
WHERE
	t1."Id" = 1
LIMIT 1

BeforeExecute
-- PostgreSQL PostgreSQL.9.5 PostgreSQL

SELECT
	t1."BlobValue",
	t1."Id"
FROM
	"BlobClass20" t1
WHERE
	t1."Id" = 1
LIMIT 1

BeforeExecute
-- PostgreSQL PostgreSQL.9.5 PostgreSQL

DROP TABLE "BlobClass20"

