BeforeExecute
-- PostgreSQL PostgreSQL.9.5 PostgreSQL

CREATE TABLE "Fact"
(
	"Id" Int NOT NULL,

	CONSTRAINT "PK_Fact" PRIMARY KEY ("Id")
)

BeforeExecute
-- PostgreSQL PostgreSQL.9.5 PostgreSQL

INSERT INTO "Fact"
(
	"Id"
)
VALUES
(3),
(4),
(5)

BeforeExecute
-- PostgreSQL PostgreSQL.9.5 PostgreSQL

CREATE TABLE "Tag"
(
	"FactId" Int  NOT NULL,
	"Id"     Int  NOT NULL,
	"Name"   text NOT NULL,

	CONSTRAINT "PK_Tag" PRIMARY KEY ("Id")
)

BeforeExecute
-- PostgreSQL PostgreSQL.9.5 PostgreSQL

INSERT INTO "Tag"
(
	"FactId",
	"Id",
	"Name"
)
VALUES
(3,1,'Tag3'),
(3,2,'Tag3'),
(4,3,'Tag4'),
(6,4,'Tag6')

BeforeExecute
-- PostgreSQL PostgreSQL.9.5 PostgreSQL

SELECT
	fact_1."Id",
	"leftTag"."FactId",
	"leftTag"."Id",
	"leftTag"."Name"
FROM
	"Tag" "leftTag"
		FULL JOIN "Fact" fact_1 ON "leftTag"."FactId" = fact_1."Id"
WHERE
	(fact_1."Id" > 3 OR "leftTag"."FactId" > 3)

BeforeExecute
-- PostgreSQL PostgreSQL.9.5 PostgreSQL

DROP TABLE "Tag"

BeforeExecute
-- PostgreSQL PostgreSQL.9.5 PostgreSQL

DROP TABLE "Fact"

