BeforeExecute
-- SqlCe

CREATE TABLE [CreateTableTypes]
(
	[Boolean] Bit NOT NULL,
	[Id]      Int NOT NULL
)

BeforeExecute
-- SqlCe
DECLARE @Boolean_1 Bit -- Boolean
SET     @Boolean_1 = 0
DECLARE @Id Int -- Int32
SET     @Id = 1

INSERT INTO [CreateTableTypes]
(
	[Boolean],
	[Id]
)
VALUES
(
	@Boolean_1,
	@Id
)

BeforeExecute
-- SqlCe
DECLARE @Boolean_1 Bit -- Boolean
SET     @Boolean_1 = 1
DECLARE @Id Int -- Int32
SET     @Id = 2

INSERT INTO [CreateTableTypes]
(
	[Boolean],
	[Id]
)
VALUES
(
	@Boolean_1,
	@Id
)

BeforeExecute
-- SqlCe

SELECT
	[t1].[Boolean],
	[t1].[Id]
FROM
	[CreateTableTypes] [t1]
ORDER BY
	[t1].[Id]

BeforeExecute
-- SqlCe

DROP TABLE [CreateTableTypes]

