BeforeExecute
-- PostgreSQL PostgreSQL.9.5 PostgreSQL

CREATE TABLE "CreateTableTypes"
(
	"DateTime" TimeStamp NOT NULL,
	"Id"       Int       NOT NULL
)

BeforeExecute
-- PostgreSQL PostgreSQL.9.5 PostgreSQL
DECLARE @DateTime Timestamp -- DateTime
SET     @DateTime = '2000-01-01'::date
DECLARE @Id Integer -- Int32
SET     @Id = 1

INSERT INTO "CreateTableTypes"
(
	"DateTime",
	"Id"
)
VALUES
(
	:DateTime,
	:Id
)

BeforeExecute
-- PostgreSQL PostgreSQL.9.5 PostgreSQL
DECLARE @DateTime Timestamp -- DateTime
SET     @DateTime = '2018-11-24 01:02:03'::timestamp
DECLARE @Id Integer -- Int32
SET     @Id = 2

INSERT INTO "CreateTableTypes"
(
	"DateTime",
	"Id"
)
VALUES
(
	:DateTime,
	:Id
)

BeforeExecute
-- PostgreSQL PostgreSQL.9.5 PostgreSQL

SELECT
	t1."DateTime",
	t1."Id"
FROM
	"CreateTableTypes" t1
ORDER BY
	t1."Id"

BeforeExecute
-- PostgreSQL PostgreSQL.9.5 PostgreSQL

DROP TABLE "CreateTableTypes"

