BeforeExecute
-- MySql MySql.Official MySql

CREATE TABLE `ValueConversion`
(
	`BoolValue`               VARCHAR(1)   NOT NULL,
	`Enum`                    VARCHAR(50)  NOT NULL,
	`EnumNullable`            VARCHAR(50)      NULL,
	`EnumWithNull`            VARCHAR(50)      NULL,
	`EnumWithNullDeclarative` VARCHAR(50)      NULL,
	`Id`                      INT          NOT NULL,
	`Value1`                  VARCHAR(200)     NULL,
	`Value2`                  VARCHAR(200)     NULL,

	CONSTRAINT `PK_ValueConversion` PRIMARY KEY CLUSTERED (`Id`)
)

BeforeExecute
-- MySql MySql.Official MySql

INSERT INTO `ValueConversion`
(
	`BoolValue`,
	`Enum`,
	`EnumNullable`,
	`EnumWithNull`,
	`EnumWithNullDeclarative`,
	`Id`,
	`Value1`,
	`Value2`
)
VALUES
('Y','Value1','Value1','Value1','Value1',1,'{"some":"str1"}','[{"Value":"Value1"}]'),
('N','Value2','Value2','Value2','Value2',2,'{"some":"str2"}','[{"Value":"Value2"}]'),
('N','Value3','Value3','Value3','Value3',3,'{"some":"str3"}','[{"Value":"Value3"}]'),
('N','Value1',NULL,NULL,NULL,4,'{"some":"str4"}','[{"Value":"Value4"}]'),
('Y','Value2','Value1','Value1','Value1',5,'{"some":"str5"}','[{"Value":"Value5"}]'),
('N','Value3','Value2','Value2','Value2',6,'{"some":"str6"}','[{"Value":"Value6"}]'),
('N','Value1','Value3','Value3','Value3',7,'{"some":"str7"}','[{"Value":"Value7"}]'),
('N','Value2',NULL,NULL,NULL,8,'{"some":"str8"}','[{"Value":"Value8"}]'),
('Y','Value3','Value1','Value1','Value1',9,'{"some":"str9"}','[{"Value":"Value9"}]'),
('N','Value1','Value2','Value2','Value2',10,NULL,NULL)

BeforeExecute
-- MySql MySql.Official MySql

SELECT
	`t`.`Id`,
	`t`.`Value1`,
	`t`.`Value2`
FROM
	`ValueConversion` `t`
WHERE
	`t`.`Value2` IS NULL

BeforeExecute
-- MySql MySql.Official MySql

DROP TABLE `ValueConversion`

