BeforeExecute
-- SqlCe

CREATE TABLE [Issue1373Tests]
(
	[Field1] NVarChar(255)     NULL,
	[Id]     Int           NOT NULL,

	CONSTRAINT [PK_Issue1373Tests] PRIMARY KEY ([Id])
)

BeforeExecute
-- SqlCe
DECLARE @Field1 NVarChar -- String
SET     @Field1 = NULL
DECLARE @Id Int -- Int32
SET     @Id = 1

INSERT INTO [Issue1373Tests]
(
	[Field1],
	[Id]
)
VALUES
(
	@Field1,
	@Id
)

BeforeExecute
-- SqlCe
DECLARE @Field1 NVarChar -- String
SET     @Field1 = NULL
DECLARE @Id Int -- Int32
SET     @Id = 2

INSERT INTO [Issue1373Tests]
(
	[Field1],
	[Id]
)
VALUES
(
	@Field1,
	@Id
)

BeforeExecute
-- SqlCe
DECLARE @Field1 NVarChar(4) -- String
SET     @Field1 = 'test'
DECLARE @Id Int -- Int32
SET     @Id = 3

INSERT INTO [Issue1373Tests]
(
	[Field1],
	[Id]
)
VALUES
(
	@Field1,
	@Id
)

BeforeExecute
-- SqlCe

SELECT
	[t1].[Field1],
	[t1].[Id]
FROM
	[Issue1373Tests] [t1]
ORDER BY
	[t1].[Id]

BeforeExecute
-- SqlCe

DROP TABLE [Issue1373Tests]

