BeforeExecute
-- MySql55 MySql.Official MySql
DECLARE @DateTimeValue_1 DateTime
SET     @DateTimeValue_1 = '2009-09-27'

SELECT
	`_`.`BigIntValue`,
	`_`.`BoolValue`,
	`_`.`DateTimeValue`,
	`_`.`DateTimeValue2`,
	`_`.`GuidValue`,
	`_`.`ID`,
	`_`.`IntValue`,
	`_`.`MoneyValue`,
	`_`.`SmallIntValue`,
	`_`.`StringValue`
FROM
	`LinqDataTypes` `_`
WHERE
	`_`.`DateTimeValue` = @DateTimeValue_1

