BeforeExecute
-- Firebird

SELECT
	"t1"."ParentID",
	"t1"."ChildID"
FROM
	"GrandChild" "t1"
GROUP BY
	"t1"."ParentID",
	"t1"."ChildID"

BeforeExecute
-- Firebird
DECLARE @ParentID_1 Integer -- Int32
SET     @ParentID_1 = 1
DECLARE @ChildID_1 Integer -- Int32
SET     @ChildID_1 = 11

SELECT
	"keyParam"."ChildID",
	"keyParam"."GrandChildID",
	"keyParam"."ParentID"
FROM
	"GrandChild" "keyParam"
WHERE
	("keyParam"."ParentID" = @ParentID_1 AND "keyParam"."ChildID" = @ChildID_1)

