BeforeExecute
-- Firebird

SELECT
	"p"."PersonID",
	"gjd_ri"."Diagnosis",
	"gjd_ri"."PersonID"
FROM
	"Person" "p"
		INNER JOIN "Patient" "gjd_ri" ON "gjd_ri"."PersonID" = "p"."PersonID"
WHERE
	Lower("p"."FirstName") LIKE '%test%'

BeforeExecute
-- Firebird

SELECT
	"p"."FirstName",
	"p"."PersonID"
FROM
	"Person" "p"
WHERE
	Lower("p"."FirstName") LIKE '%test%'

