BeforeExecute
-- Firebird

CREATE TABLE "Animals8"
(
	"AnimalType"    VarChar(40) CHARACTER SET UNICODE_FSS  NOT NULL,
	"AnimalType2"   VarChar(40) CHARACTER SET UNICODE_FSS  NOT NULL,
	"Id"            Int                                    NOT NULL,
	"Name"          VarChar(255) CHARACTER SET UNICODE_FSS,
	"Discriminator" VarChar(40) CHARACTER SET UNICODE_FSS  NOT NULL,
	"EyeId"         Int,
	"Second"        VarChar(40) CHARACTER SET UNICODE_FSS,
	"First"         VarChar(40) CHARACTER SET UNICODE_FSS,

	CONSTRAINT "PK_Animals8" PRIMARY KEY ("Id")
)

BeforeExecute
-- Firebird

CREATE TABLE "Eyes8"
(
	"Id" Int                                   NOT NULL,
	"Xy" VarChar(40) CHARACTER SET UNICODE_FSS,

	CONSTRAINT "PK_Eyes8" PRIMARY KEY ("Id")
)

BeforeExecute
-- Firebird

CREATE TABLE "TestAnimalTable"
(
	"Id"           Int NOT NULL,
	"TestAnimalId" Int
)

BeforeExecute
-- Firebird
DECLARE @Id Integer -- Int32
SET     @Id = 1
DECLARE @Xy VarChar(5) -- String
SET     @Xy = 'Hallo'

INSERT INTO "Eyes8"
(
	"Id",
	"Xy"
)
VALUES
(
	@Id,
	@Xy
)

BeforeExecute
-- Firebird
DECLARE @Discriminator VarChar(3) -- String
SET     @Discriminator = 'Dog'
DECLARE @Name VarChar(8) -- String
SET     @Name = 'FirstDog'
DECLARE @Id Integer -- Int32
SET     @Id = 1
DECLARE @AnimalType2 VarChar(3) -- String
SET     @AnimalType2 = 'Big'
DECLARE @AnimalType VarChar(3) -- String
SET     @AnimalType = 'Big'
DECLARE @EyeId Integer -- Int32
SET     @EyeId = 1
DECLARE @DogName_Second VarChar(1) -- String
SET     @DogName_Second = 'b'
DECLARE @DogName_First VarChar(1) -- String
SET     @DogName_First = 'a'

INSERT INTO "Animals8"
(
	"Discriminator",
	"Name",
	"Id",
	"AnimalType2",
	"AnimalType",
	"EyeId",
	"Second",
	"First"
)
VALUES
(
	@Discriminator,
	@Name,
	@Id,
	@AnimalType2,
	@AnimalType,
	@EyeId,
	@DogName_Second,
	@DogName_First
)

BeforeExecute
-- Firebird
DECLARE @Discriminator VarChar(10) -- String
SET     @Discriminator = 'WildAnimal'
DECLARE @Name VarChar(10) -- String
SET     @Name = 'WildAnimal'
DECLARE @Id Integer -- Int32
SET     @Id = 2
DECLARE @AnimalType VarChar(3) -- String
SET     @AnimalType = 'Big'
DECLARE @AnimalType2 VarChar(3) -- String
SET     @AnimalType2 = 'Big'

INSERT INTO "Animals8"
(
	"Discriminator",
	"Name",
	"Id",
	"AnimalType",
	"AnimalType2"
)
VALUES
(
	@Discriminator,
	@Name,
	@Id,
	@AnimalType,
	@AnimalType2
)

BeforeExecute
-- Firebird
DECLARE @Id Integer -- Int32
SET     @Id = 1
DECLARE @TestAnimalId Integer -- Int32
SET     @TestAnimalId = NULL

INSERT INTO "TestAnimalTable"
(
	"Id",
	"TestAnimalId"
)
VALUES
(
	@Id,
	@TestAnimalId
)

BeforeExecute
-- Firebird
DECLARE @Id Integer -- Int32
SET     @Id = 2
DECLARE @TestAnimalId Integer -- Int32
SET     @TestAnimalId = 1

INSERT INTO "TestAnimalTable"
(
	"Id",
	"TestAnimalId"
)
VALUES
(
	@Id,
	@TestAnimalId
)

BeforeExecute
-- Firebird
DECLARE @Id Integer -- Int32
SET     @Id = 123
DECLARE @Xy VarChar(7) -- String
SET     @Xy = 'test321'

INSERT INTO "Eyes8"
(
	"Id",
	"Xy"
)
VALUES
(
	@Id,
	@Xy
)

BeforeExecute
-- Firebird
DECLARE @take Integer -- Int32
SET     @take = 1

SELECT FIRST @take
	"t1"."Id",
	"t1"."Xy"
FROM
	"Eyes8" "t1"
WHERE
	"t1"."Id" = 123

BeforeExecute
-- Firebird
DECLARE @Id Integer -- Int32
SET     @Id = 123
DECLARE @Xy VarChar(7) -- String
SET     @Xy = 'test321'

MERGE INTO "Eyes8" "t1"
USING (SELECT Cast(@Id as Int) AS "Id" FROM rdb$database) "s" ON
(
	"t1"."Id" = "s"."Id"
)
WHEN MATCHED THEN
	UPDATE 
	SET
		"t1"."Xy" = @Xy
WHEN NOT MATCHED THEN
	INSERT
	(
		"Id",
		"Xy"
	)
	VALUES
	(
		Cast(@Id as Int),
		@Xy
	)

BeforeExecute
-- Firebird
DECLARE @take Integer -- Int32
SET     @take = 1

SELECT FIRST @take
	"t1"."Id",
	"t1"."Xy"
FROM
	"Eyes8" "t1"
WHERE
	"t1"."Id" = 123

BeforeExecute
-- Firebird
DECLARE @Xy VarChar(7) -- String
SET     @Xy = 'test321'
DECLARE @Id Integer -- Int32
SET     @Id = 123

UPDATE
	"Eyes8"
SET
	"Eyes8"."Xy" = @Xy
WHERE
	"Eyes8"."Id" = @Id

BeforeExecute
-- Firebird
DECLARE @take Integer -- Int32
SET     @take = 1

SELECT FIRST @take
	"t1"."Id",
	"t1"."Xy"
FROM
	"Eyes8" "t1"
WHERE
	"t1"."Id" = 123

BeforeExecute
-- Firebird
DECLARE @Id Integer -- Int32
SET     @Id = 123

DELETE FROM
	"Eyes8" "t1"
WHERE
	"t1"."Id" = @Id

BeforeExecute
-- Firebird

EXECUTE BLOCK AS BEGIN
	IF (EXISTS(SELECT 1 FROM rdb$relations WHERE rdb$relation_name = 'Animals8')) THEN
		EXECUTE STATEMENT 'DROP TABLE "Animals8"';
END

BeforeExecute
-- Firebird

EXECUTE BLOCK AS BEGIN
	IF (EXISTS(SELECT 1 FROM rdb$relations WHERE rdb$relation_name = 'Eyes8')) THEN
		EXECUTE STATEMENT 'DROP TABLE "Eyes8"';
END

BeforeExecute
-- Firebird

EXECUTE BLOCK AS BEGIN
	IF (EXISTS(SELECT 1 FROM rdb$relations WHERE rdb$relation_name = 'TestAnimalTable')) THEN
		EXECUTE STATEMENT 'DROP TABLE "TestAnimalTable"';
END

