BeforeExecute
-- Firebird

CREATE TABLE "Animals10"
(
	"AnimalType"    VarChar(40) CHARACTER SET UNICODE_FSS  NOT NULL,
	"AnimalType2"   VarChar(40) CHARACTER SET UNICODE_FSS  NOT NULL,
	"Id"            Int                                    NOT NULL,
	"Name"          VarChar(255) CHARACTER SET UNICODE_FSS,
	"Discriminator" VarChar(40) CHARACTER SET UNICODE_FSS  NOT NULL,
	"EyeId"         Int,
	"Second"        VarChar(40) CHARACTER SET UNICODE_FSS,
	"First"         VarChar(40) CHARACTER SET UNICODE_FSS,

	CONSTRAINT "PK_Animals10" PRIMARY KEY ("Id")
)

BeforeExecute
-- Firebird

CREATE TABLE "Eyes10"
(
	"Id" Int                                   NOT NULL,
	"Xy" VarChar(40) CHARACTER SET UNICODE_FSS,

	CONSTRAINT "PK_Eyes10" PRIMARY KEY ("Id")
)

BeforeExecute
-- Firebird

CREATE TABLE "TestAnimalTable"
(
	"Id"           Int NOT NULL,
	"TestAnimalId" Int
)

BeforeExecute
-- Firebird
DECLARE @Id Integer -- Int32
SET     @Id = 1
DECLARE @Xy VarChar(5) -- String
SET     @Xy = 'Hallo'

INSERT INTO "Eyes10"
(
	"Id",
	"Xy"
)
VALUES
(
	@Id,
	@Xy
)

BeforeExecute
-- Firebird
DECLARE @Discriminator VarChar(3) -- String
SET     @Discriminator = 'Dog'
DECLARE @Name VarChar(8) -- String
SET     @Name = 'FirstDog'
DECLARE @Id Integer -- Int32
SET     @Id = 1
DECLARE @AnimalType2 VarChar(3) -- String
SET     @AnimalType2 = 'Big'
DECLARE @AnimalType VarChar(3) -- String
SET     @AnimalType = 'Big'
DECLARE @EyeId Integer -- Int32
SET     @EyeId = 1
DECLARE @DogName_Second VarChar(1) -- String
SET     @DogName_Second = 'b'
DECLARE @DogName_First VarChar(1) -- String
SET     @DogName_First = 'a'

INSERT INTO "Animals10"
(
	"Discriminator",
	"Name",
	"Id",
	"AnimalType2",
	"AnimalType",
	"EyeId",
	"Second",
	"First"
)
VALUES
(
	@Discriminator,
	@Name,
	@Id,
	@AnimalType2,
	@AnimalType,
	@EyeId,
	@DogName_Second,
	@DogName_First
)

BeforeExecute
-- Firebird
DECLARE @AnimalType VarChar(3) -- String
SET     @AnimalType = 'Big'
DECLARE @AnimalType2 VarChar(3) -- String
SET     @AnimalType2 = 'Big'
DECLARE @Id Integer -- Int32
SET     @Id = 2
DECLARE @Name VarChar(10) -- String
SET     @Name = 'WildAnimal'
DECLARE @Discriminator VarChar(10) -- String
SET     @Discriminator = 'WildAnimal'

INSERT INTO "Animals10"
(
	"AnimalType",
	"AnimalType2",
	"Id",
	"Name",
	"Discriminator"
)
VALUES
(
	@AnimalType,
	@AnimalType2,
	@Id,
	@Name,
	@Discriminator
)

BeforeExecute
-- Firebird
DECLARE @Id Integer -- Int32
SET     @Id = 1
DECLARE @TestAnimalId Integer -- Int32
SET     @TestAnimalId = NULL

INSERT INTO "TestAnimalTable"
(
	"Id",
	"TestAnimalId"
)
VALUES
(
	@Id,
	@TestAnimalId
)

BeforeExecute
-- Firebird
DECLARE @Id Integer -- Int32
SET     @Id = 2
DECLARE @TestAnimalId Integer -- Int32
SET     @TestAnimalId = 1

INSERT INTO "TestAnimalTable"
(
	"Id",
	"TestAnimalId"
)
VALUES
(
	@Id,
	@TestAnimalId
)

BeforeExecute
-- Firebird

SELECT
	"t1"."AnimalType",
	"t1"."AnimalType2",
	"t1"."Id",
	"t1"."Name",
	"t1"."Discriminator",
	"t1"."EyeId",
	"t1"."Second",
	"t1"."First",
	"o"."Id",
	"o"."Xy"
FROM
	"Animals10" "t1"
		LEFT JOIN "Eyes10" "o" ON "t1"."EyeId" = "o"."Id" AND "t1"."Discriminator" = 'Dog'

BeforeExecute
-- Firebird

EXECUTE BLOCK AS BEGIN
	IF (EXISTS(SELECT 1 FROM rdb$relations WHERE rdb$relation_name = 'Animals10')) THEN
		EXECUTE STATEMENT 'DROP TABLE "Animals10"';
END

BeforeExecute
-- Firebird

EXECUTE BLOCK AS BEGIN
	IF (EXISTS(SELECT 1 FROM rdb$relations WHERE rdb$relation_name = 'Eyes10')) THEN
		EXECUTE STATEMENT 'DROP TABLE "Eyes10"';
END

BeforeExecute
-- Firebird

EXECUTE BLOCK AS BEGIN
	IF (EXISTS(SELECT 1 FROM rdb$relations WHERE rdb$relation_name = 'TestAnimalTable')) THEN
		EXECUTE STATEMENT 'DROP TABLE "TestAnimalTable"';
END

