BeforeExecute
-- MariaDB MySql.Official MySql

DROP TABLE IF EXISTS `xxPatient22`

BeforeExecute
-- MariaDB MySql.Official MySql

CREATE TABLE `xxPatient22`
(
	`Diagnosis` VARCHAR(255)     NULL,
	`PersonID`  INT          NOT NULL,

	CONSTRAINT `PK_xxPatient22` PRIMARY KEY CLUSTERED (`PersonID`)
)

BeforeExecute
-- MariaDB MySql.Official MySql
DECLARE @Diagnosis VarChar(4) -- String
SET     @Diagnosis = 'ABC1'
DECLARE @PersonID Int32
SET     @PersonID = 1

INSERT INTO `xxPatient22`
(
	`Diagnosis`,
	`PersonID`
)
VALUES
(
	@Diagnosis,
	@PersonID
)
ON DUPLICATE KEY UPDATE
	`Diagnosis` = @Diagnosis

BeforeExecute
-- MariaDB MySql.Official MySql
DECLARE @Diagnosis VarChar(4) -- String
SET     @Diagnosis = 'ABC2'
DECLARE @PersonID Int32
SET     @PersonID = 2

INSERT INTO `xxPatient22`
(
	`Diagnosis`,
	`PersonID`
)
VALUES
(
	@Diagnosis,
	@PersonID
)
ON DUPLICATE KEY UPDATE
	`Diagnosis` = @Diagnosis

BeforeExecute
-- MariaDB MySql.Official MySql

SELECT
	Count(*)
FROM
	`xxPatient22` `t1`

BeforeExecute
-- MariaDB MySql.Official MySql
DECLARE @Diagnosis VarChar(4) -- String
SET     @Diagnosis = 'ABC1'
DECLARE @PersonID Int32
SET     @PersonID = 1

INSERT INTO `xxPatient22`
(
	`Diagnosis`,
	`PersonID`
)
VALUES
(
	@Diagnosis,
	@PersonID
)
ON DUPLICATE KEY UPDATE
	`Diagnosis` = @Diagnosis

BeforeExecute
-- MariaDB MySql.Official MySql
DECLARE @Diagnosis VarChar(4) -- String
SET     @Diagnosis = 'ABC2'
DECLARE @PersonID Int32
SET     @PersonID = 2

INSERT INTO `xxPatient22`
(
	`Diagnosis`,
	`PersonID`
)
VALUES
(
	@Diagnosis,
	@PersonID
)
ON DUPLICATE KEY UPDATE
	`Diagnosis` = @Diagnosis

BeforeExecute
-- MariaDB MySql.Official MySql

SELECT
	Count(*)
FROM
	`xxPatient22` `t1`

BeforeExecute
-- MariaDB MySql.Official MySql

DROP TABLE IF EXISTS `xxPatient22`

