BeforeExecute
-- SqlServer.2014 SqlServer.2012

CREATE TABLE [Animals]
(
	[Name]   NVarChar(100) NOT NULL,
	[Color]  NVarChar(100) NOT NULL,
	[Length] Int           NOT NULL,

	CONSTRAINT [PK_Animals] PRIMARY KEY CLUSTERED ([Name])
)

BeforeExecute
-- SqlServer.2014 SqlServer.2012

CREATE TABLE [AnimalsUpdate]
(
	[Name]      NVarChar(100) NOT NULL,
	[Length]    Int           NOT NULL,
	[Iteration] Int           NOT NULL
)

BeforeExecute
-- SqlServer.2014 SqlServer.2012
DECLARE @Name NVarChar(100) -- String
SET     @Name = N'Elephant'
DECLARE @Length_1 Int -- Int32
SET     @Length_1 = 1709403504
DECLARE @Iteration Int -- Int32
SET     @Iteration = 0

INSERT INTO [AnimalsUpdate]
(
	[Name],
	[Length],
	[Iteration]
)
VALUES
(
	@Name,
	@Length_1,
	@Iteration
)

BeforeExecute
-- SqlServer.2014 SqlServer.2012
DECLARE @Name NVarChar(100) -- String
SET     @Name = N'Cat'
DECLARE @Length_1 Int -- Int32
SET     @Length_1 = 1275785110
DECLARE @Iteration Int -- Int32
SET     @Iteration = 0

INSERT INTO [AnimalsUpdate]
(
	[Name],
	[Length],
	[Iteration]
)
VALUES
(
	@Name,
	@Length_1,
	@Iteration
)

BeforeExecute
-- SqlServer.2014 SqlServer.2012
DECLARE @Name NVarChar(100) -- String
SET     @Name = N'Snake'
DECLARE @Length_1 Int -- Int32
SET     @Length_1 = 1164567128
DECLARE @Iteration Int -- Int32
SET     @Iteration = 20

INSERT INTO [AnimalsUpdate]
(
	[Name],
	[Length],
	[Iteration]
)
VALUES
(
	@Name,
	@Length_1,
	@Iteration
)

BeforeExecute
-- SqlServer.2014 SqlServer.2012
DECLARE @Name NVarChar(100) -- String
SET     @Name = N'Lizard'
DECLARE @Length_1 Int -- Int32
SET     @Length_1 = 1333241821
DECLARE @Iteration Int -- Int32
SET     @Iteration = 20

INSERT INTO [AnimalsUpdate]
(
	[Name],
	[Length],
	[Iteration]
)
VALUES
(
	@Name,
	@Length_1,
	@Iteration
)

BeforeExecute
-- SqlServer.2014 SqlServer.2012
DECLARE @iteration Int -- Int32
SET     @iteration = 0
DECLARE @Color NVarChar(100) -- String
SET     @Color = N'Grey'

MERGE INTO [Animals] [Target]
USING (
	SELECT
		[_].[Name],
		[_].[Length] as [Length_1]
	FROM
		[AnimalsUpdate] [_]
	WHERE
		[_].[Iteration] = @iteration
) [Source]
(
	[Name], 
	[Length_1]
)
ON ([Target].[Name] = [Source].[Name])

WHEN MATCHED THEN
UPDATE
SET
	[Target].[Color] = @Color,
	[Target].[Length] = [Source].[Length_1]

WHEN NOT MATCHED THEN
INSERT
(
	[Name],
	[Color],
	[Length]
)
VALUES
(
	[Source].[Name],
	@Color,
	[Source].[Length_1]
)
;

BeforeExecute
-- SqlServer.2014 SqlServer.2012
DECLARE @iteration Int -- Int32
SET     @iteration = 20
DECLARE @Color NVarChar(100) -- String
SET     @Color = N'Green'

MERGE INTO [Animals] [Target]
USING (
	SELECT
		[_].[Name],
		[_].[Length] as [Length_1]
	FROM
		[AnimalsUpdate] [_]
	WHERE
		[_].[Iteration] = @iteration
) [Source]
(
	[Name], 
	[Length_1]
)
ON ([Target].[Name] = [Source].[Name])

WHEN MATCHED THEN
UPDATE
SET
	[Target].[Color] = @Color,
	[Target].[Length] = [Source].[Length_1]

WHEN NOT MATCHED THEN
INSERT
(
	[Name],
	[Color],
	[Length]
)
VALUES
(
	[Source].[Name],
	@Color,
	[Source].[Length_1]
)
;

BeforeExecute
-- SqlServer.2014 SqlServer.2012

SELECT
	Count(*)
FROM
	[Animals] [animal]
WHERE
	[animal].[Color] = N'Green'

BeforeExecute
-- SqlServer.2014 SqlServer.2012
DECLARE @Name NVarChar(100) -- String
SET     @Name = N'Elephant'
DECLARE @Length_1 Int -- Int32
SET     @Length_1 = 179478843
DECLARE @Iteration Int -- Int32
SET     @Iteration = 1

INSERT INTO [AnimalsUpdate]
(
	[Name],
	[Length],
	[Iteration]
)
VALUES
(
	@Name,
	@Length_1,
	@Iteration
)

BeforeExecute
-- SqlServer.2014 SqlServer.2012
DECLARE @Name NVarChar(100) -- String
SET     @Name = N'Cat'
DECLARE @Length_1 Int -- Int32
SET     @Length_1 = 1205873176
DECLARE @Iteration Int -- Int32
SET     @Iteration = 1

INSERT INTO [AnimalsUpdate]
(
	[Name],
	[Length],
	[Iteration]
)
VALUES
(
	@Name,
	@Length_1,
	@Iteration
)

BeforeExecute
-- SqlServer.2014 SqlServer.2012
DECLARE @Name NVarChar(100) -- String
SET     @Name = N'Snake'
DECLARE @Length_1 Int -- Int32
SET     @Length_1 = 223589300
DECLARE @Iteration Int -- Int32
SET     @Iteration = 21

INSERT INTO [AnimalsUpdate]
(
	[Name],
	[Length],
	[Iteration]
)
VALUES
(
	@Name,
	@Length_1,
	@Iteration
)

BeforeExecute
-- SqlServer.2014 SqlServer.2012
DECLARE @Name NVarChar(100) -- String
SET     @Name = N'Lizard'
DECLARE @Length_1 Int -- Int32
SET     @Length_1 = 489565626
DECLARE @Iteration Int -- Int32
SET     @Iteration = 21

INSERT INTO [AnimalsUpdate]
(
	[Name],
	[Length],
	[Iteration]
)
VALUES
(
	@Name,
	@Length_1,
	@Iteration
)

BeforeExecute
-- SqlServer.2014 SqlServer.2012
DECLARE @iteration Int -- Int32
SET     @iteration = 1
DECLARE @Color NVarChar(100) -- String
SET     @Color = N'Grey'

MERGE INTO [Animals] [Target]
USING (
	SELECT
		[_].[Name],
		[_].[Length] as [Length_1]
	FROM
		[AnimalsUpdate] [_]
	WHERE
		[_].[Iteration] = @iteration
) [Source]
(
	[Name], 
	[Length_1]
)
ON ([Target].[Name] = [Source].[Name])

WHEN MATCHED THEN
UPDATE
SET
	[Target].[Color] = @Color,
	[Target].[Length] = [Source].[Length_1]

WHEN NOT MATCHED THEN
INSERT
(
	[Name],
	[Color],
	[Length]
)
VALUES
(
	[Source].[Name],
	@Color,
	[Source].[Length_1]
)
;

BeforeExecute
-- SqlServer.2014 SqlServer.2012
DECLARE @iteration Int -- Int32
SET     @iteration = 21
DECLARE @Color NVarChar(100) -- String
SET     @Color = N'Green'

MERGE INTO [Animals] [Target]
USING (
	SELECT
		[_].[Name],
		[_].[Length] as [Length_1]
	FROM
		[AnimalsUpdate] [_]
	WHERE
		[_].[Iteration] = @iteration
) [Source]
(
	[Name], 
	[Length_1]
)
ON ([Target].[Name] = [Source].[Name])

WHEN MATCHED THEN
UPDATE
SET
	[Target].[Color] = @Color,
	[Target].[Length] = [Source].[Length_1]

WHEN NOT MATCHED THEN
INSERT
(
	[Name],
	[Color],
	[Length]
)
VALUES
(
	[Source].[Name],
	@Color,
	[Source].[Length_1]
)
;

BeforeExecute
-- SqlServer.2014 SqlServer.2012

SELECT
	Count(*)
FROM
	[Animals] [animal]
WHERE
	[animal].[Color] = N'Green'

BeforeExecute
-- SqlServer.2014 SqlServer.2012
DECLARE @Name NVarChar(100) -- String
SET     @Name = N'Elephant'
DECLARE @Length_1 Int -- Int32
SET     @Length_1 = 631182277
DECLARE @Iteration Int -- Int32
SET     @Iteration = 2

INSERT INTO [AnimalsUpdate]
(
	[Name],
	[Length],
	[Iteration]
)
VALUES
(
	@Name,
	@Length_1,
	@Iteration
)

BeforeExecute
-- SqlServer.2014 SqlServer.2012
DECLARE @Name NVarChar(100) -- String
SET     @Name = N'Cat'
DECLARE @Length_1 Int -- Int32
SET     @Length_1 = 431669849
DECLARE @Iteration Int -- Int32
SET     @Iteration = 2

INSERT INTO [AnimalsUpdate]
(
	[Name],
	[Length],
	[Iteration]
)
VALUES
(
	@Name,
	@Length_1,
	@Iteration
)

BeforeExecute
-- SqlServer.2014 SqlServer.2012
DECLARE @Name NVarChar(100) -- String
SET     @Name = N'Snake'
DECLARE @Length_1 Int -- Int32
SET     @Length_1 = 1548940262
DECLARE @Iteration Int -- Int32
SET     @Iteration = 22

INSERT INTO [AnimalsUpdate]
(
	[Name],
	[Length],
	[Iteration]
)
VALUES
(
	@Name,
	@Length_1,
	@Iteration
)

BeforeExecute
-- SqlServer.2014 SqlServer.2012
DECLARE @Name NVarChar(100) -- String
SET     @Name = N'Lizard'
DECLARE @Length_1 Int -- Int32
SET     @Length_1 = 256427424
DECLARE @Iteration Int -- Int32
SET     @Iteration = 22

INSERT INTO [AnimalsUpdate]
(
	[Name],
	[Length],
	[Iteration]
)
VALUES
(
	@Name,
	@Length_1,
	@Iteration
)

BeforeExecute
-- SqlServer.2014 SqlServer.2012
DECLARE @iteration Int -- Int32
SET     @iteration = 2
DECLARE @Color NVarChar(100) -- String
SET     @Color = N'Grey'

MERGE INTO [Animals] [Target]
USING (
	SELECT
		[_].[Name],
		[_].[Length] as [Length_1]
	FROM
		[AnimalsUpdate] [_]
	WHERE
		[_].[Iteration] = @iteration
) [Source]
(
	[Name], 
	[Length_1]
)
ON ([Target].[Name] = [Source].[Name])

WHEN MATCHED THEN
UPDATE
SET
	[Target].[Color] = @Color,
	[Target].[Length] = [Source].[Length_1]

WHEN NOT MATCHED THEN
INSERT
(
	[Name],
	[Color],
	[Length]
)
VALUES
(
	[Source].[Name],
	@Color,
	[Source].[Length_1]
)
;

BeforeExecute
-- SqlServer.2014 SqlServer.2012
DECLARE @iteration Int -- Int32
SET     @iteration = 22
DECLARE @Color NVarChar(100) -- String
SET     @Color = N'Green'

MERGE INTO [Animals] [Target]
USING (
	SELECT
		[_].[Name],
		[_].[Length] as [Length_1]
	FROM
		[AnimalsUpdate] [_]
	WHERE
		[_].[Iteration] = @iteration
) [Source]
(
	[Name], 
	[Length_1]
)
ON ([Target].[Name] = [Source].[Name])

WHEN MATCHED THEN
UPDATE
SET
	[Target].[Color] = @Color,
	[Target].[Length] = [Source].[Length_1]

WHEN NOT MATCHED THEN
INSERT
(
	[Name],
	[Color],
	[Length]
)
VALUES
(
	[Source].[Name],
	@Color,
	[Source].[Length_1]
)
;

BeforeExecute
-- SqlServer.2014 SqlServer.2012

SELECT
	Count(*)
FROM
	[Animals] [animal]
WHERE
	[animal].[Color] = N'Green'

BeforeExecute
-- SqlServer.2014 SqlServer.2012
DECLARE @Name NVarChar(100) -- String
SET     @Name = N'Elephant'
DECLARE @Length_1 Int -- Int32
SET     @Length_1 = 300710018
DECLARE @Iteration Int -- Int32
SET     @Iteration = 3

INSERT INTO [AnimalsUpdate]
(
	[Name],
	[Length],
	[Iteration]
)
VALUES
(
	@Name,
	@Length_1,
	@Iteration
)

BeforeExecute
-- SqlServer.2014 SqlServer.2012
DECLARE @Name NVarChar(100) -- String
SET     @Name = N'Cat'
DECLARE @Length_1 Int -- Int32
SET     @Length_1 = 1394388756
DECLARE @Iteration Int -- Int32
SET     @Iteration = 3

INSERT INTO [AnimalsUpdate]
(
	[Name],
	[Length],
	[Iteration]
)
VALUES
(
	@Name,
	@Length_1,
	@Iteration
)

BeforeExecute
-- SqlServer.2014 SqlServer.2012
DECLARE @Name NVarChar(100) -- String
SET     @Name = N'Snake'
DECLARE @Length_1 Int -- Int32
SET     @Length_1 = 2127230597
DECLARE @Iteration Int -- Int32
SET     @Iteration = 23

INSERT INTO [AnimalsUpdate]
(
	[Name],
	[Length],
	[Iteration]
)
VALUES
(
	@Name,
	@Length_1,
	@Iteration
)

BeforeExecute
-- SqlServer.2014 SqlServer.2012
DECLARE @Name NVarChar(100) -- String
SET     @Name = N'Lizard'
DECLARE @Length_1 Int -- Int32
SET     @Length_1 = 1201557150
DECLARE @Iteration Int -- Int32
SET     @Iteration = 23

INSERT INTO [AnimalsUpdate]
(
	[Name],
	[Length],
	[Iteration]
)
VALUES
(
	@Name,
	@Length_1,
	@Iteration
)

BeforeExecute
-- SqlServer.2014 SqlServer.2012
DECLARE @iteration Int -- Int32
SET     @iteration = 3
DECLARE @Color NVarChar(100) -- String
SET     @Color = N'Grey'

MERGE INTO [Animals] [Target]
USING (
	SELECT
		[_].[Name],
		[_].[Length] as [Length_1]
	FROM
		[AnimalsUpdate] [_]
	WHERE
		[_].[Iteration] = @iteration
) [Source]
(
	[Name], 
	[Length_1]
)
ON ([Target].[Name] = [Source].[Name])

WHEN MATCHED THEN
UPDATE
SET
	[Target].[Color] = @Color,
	[Target].[Length] = [Source].[Length_1]

WHEN NOT MATCHED THEN
INSERT
(
	[Name],
	[Color],
	[Length]
)
VALUES
(
	[Source].[Name],
	@Color,
	[Source].[Length_1]
)
;

BeforeExecute
-- SqlServer.2014 SqlServer.2012
DECLARE @iteration Int -- Int32
SET     @iteration = 23
DECLARE @Color NVarChar(100) -- String
SET     @Color = N'Green'

MERGE INTO [Animals] [Target]
USING (
	SELECT
		[_].[Name],
		[_].[Length] as [Length_1]
	FROM
		[AnimalsUpdate] [_]
	WHERE
		[_].[Iteration] = @iteration
) [Source]
(
	[Name], 
	[Length_1]
)
ON ([Target].[Name] = [Source].[Name])

WHEN MATCHED THEN
UPDATE
SET
	[Target].[Color] = @Color,
	[Target].[Length] = [Source].[Length_1]

WHEN NOT MATCHED THEN
INSERT
(
	[Name],
	[Color],
	[Length]
)
VALUES
(
	[Source].[Name],
	@Color,
	[Source].[Length_1]
)
;

BeforeExecute
-- SqlServer.2014 SqlServer.2012

SELECT
	Count(*)
FROM
	[Animals] [animal]
WHERE
	[animal].[Color] = N'Green'

BeforeExecute
-- SqlServer.2014 SqlServer.2012
DECLARE @Name NVarChar(100) -- String
SET     @Name = N'Elephant'
DECLARE @Length_1 Int -- Int32
SET     @Length_1 = 322841047
DECLARE @Iteration Int -- Int32
SET     @Iteration = 4

INSERT INTO [AnimalsUpdate]
(
	[Name],
	[Length],
	[Iteration]
)
VALUES
(
	@Name,
	@Length_1,
	@Iteration
)

BeforeExecute
-- SqlServer.2014 SqlServer.2012
DECLARE @Name NVarChar(100) -- String
SET     @Name = N'Cat'
DECLARE @Length_1 Int -- Int32
SET     @Length_1 = 1867785867
DECLARE @Iteration Int -- Int32
SET     @Iteration = 4

INSERT INTO [AnimalsUpdate]
(
	[Name],
	[Length],
	[Iteration]
)
VALUES
(
	@Name,
	@Length_1,
	@Iteration
)

BeforeExecute
-- SqlServer.2014 SqlServer.2012
DECLARE @Name NVarChar(100) -- String
SET     @Name = N'Snake'
DECLARE @Length_1 Int -- Int32
SET     @Length_1 = 878425487
DECLARE @Iteration Int -- Int32
SET     @Iteration = 24

INSERT INTO [AnimalsUpdate]
(
	[Name],
	[Length],
	[Iteration]
)
VALUES
(
	@Name,
	@Length_1,
	@Iteration
)

BeforeExecute
-- SqlServer.2014 SqlServer.2012
DECLARE @Name NVarChar(100) -- String
SET     @Name = N'Lizard'
DECLARE @Length_1 Int -- Int32
SET     @Length_1 = 1165524692
DECLARE @Iteration Int -- Int32
SET     @Iteration = 24

INSERT INTO [AnimalsUpdate]
(
	[Name],
	[Length],
	[Iteration]
)
VALUES
(
	@Name,
	@Length_1,
	@Iteration
)

BeforeExecute
-- SqlServer.2014 SqlServer.2012
DECLARE @iteration Int -- Int32
SET     @iteration = 4
DECLARE @Color NVarChar(100) -- String
SET     @Color = N'Grey'

MERGE INTO [Animals] [Target]
USING (
	SELECT
		[_].[Name],
		[_].[Length] as [Length_1]
	FROM
		[AnimalsUpdate] [_]
	WHERE
		[_].[Iteration] = @iteration
) [Source]
(
	[Name], 
	[Length_1]
)
ON ([Target].[Name] = [Source].[Name])

WHEN MATCHED THEN
UPDATE
SET
	[Target].[Color] = @Color,
	[Target].[Length] = [Source].[Length_1]

WHEN NOT MATCHED THEN
INSERT
(
	[Name],
	[Color],
	[Length]
)
VALUES
(
	[Source].[Name],
	@Color,
	[Source].[Length_1]
)
;

BeforeExecute
-- SqlServer.2014 SqlServer.2012
DECLARE @iteration Int -- Int32
SET     @iteration = 24
DECLARE @Color NVarChar(100) -- String
SET     @Color = N'Green'

MERGE INTO [Animals] [Target]
USING (
	SELECT
		[_].[Name],
		[_].[Length] as [Length_1]
	FROM
		[AnimalsUpdate] [_]
	WHERE
		[_].[Iteration] = @iteration
) [Source]
(
	[Name], 
	[Length_1]
)
ON ([Target].[Name] = [Source].[Name])

WHEN MATCHED THEN
UPDATE
SET
	[Target].[Color] = @Color,
	[Target].[Length] = [Source].[Length_1]

WHEN NOT MATCHED THEN
INSERT
(
	[Name],
	[Color],
	[Length]
)
VALUES
(
	[Source].[Name],
	@Color,
	[Source].[Length_1]
)
;

BeforeExecute
-- SqlServer.2014 SqlServer.2012

SELECT
	Count(*)
FROM
	[Animals] [animal]
WHERE
	[animal].[Color] = N'Green'

BeforeExecute
-- SqlServer.2014 SqlServer.2012
DECLARE @Name NVarChar(100) -- String
SET     @Name = N'Elephant'
DECLARE @Length_1 Int -- Int32
SET     @Length_1 = 2017241610
DECLARE @Iteration Int -- Int32
SET     @Iteration = 5

INSERT INTO [AnimalsUpdate]
(
	[Name],
	[Length],
	[Iteration]
)
VALUES
(
	@Name,
	@Length_1,
	@Iteration
)

BeforeExecute
-- SqlServer.2014 SqlServer.2012
DECLARE @Name NVarChar(100) -- String
SET     @Name = N'Cat'
DECLARE @Length_1 Int -- Int32
SET     @Length_1 = 736837464
DECLARE @Iteration Int -- Int32
SET     @Iteration = 5

INSERT INTO [AnimalsUpdate]
(
	[Name],
	[Length],
	[Iteration]
)
VALUES
(
	@Name,
	@Length_1,
	@Iteration
)

BeforeExecute
-- SqlServer.2014 SqlServer.2012
DECLARE @Name NVarChar(100) -- String
SET     @Name = N'Snake'
DECLARE @Length_1 Int -- Int32
SET     @Length_1 = 60860886
DECLARE @Iteration Int -- Int32
SET     @Iteration = 25

INSERT INTO [AnimalsUpdate]
(
	[Name],
	[Length],
	[Iteration]
)
VALUES
(
	@Name,
	@Length_1,
	@Iteration
)

BeforeExecute
-- SqlServer.2014 SqlServer.2012
DECLARE @Name NVarChar(100) -- String
SET     @Name = N'Lizard'
DECLARE @Length_1 Int -- Int32
SET     @Length_1 = 1350384156
DECLARE @Iteration Int -- Int32
SET     @Iteration = 25

INSERT INTO [AnimalsUpdate]
(
	[Name],
	[Length],
	[Iteration]
)
VALUES
(
	@Name,
	@Length_1,
	@Iteration
)

BeforeExecute
-- SqlServer.2014 SqlServer.2012
DECLARE @iteration Int -- Int32
SET     @iteration = 5
DECLARE @Color NVarChar(100) -- String
SET     @Color = N'Grey'

MERGE INTO [Animals] [Target]
USING (
	SELECT
		[_].[Name],
		[_].[Length] as [Length_1]
	FROM
		[AnimalsUpdate] [_]
	WHERE
		[_].[Iteration] = @iteration
) [Source]
(
	[Name], 
	[Length_1]
)
ON ([Target].[Name] = [Source].[Name])

WHEN MATCHED THEN
UPDATE
SET
	[Target].[Color] = @Color,
	[Target].[Length] = [Source].[Length_1]

WHEN NOT MATCHED THEN
INSERT
(
	[Name],
	[Color],
	[Length]
)
VALUES
(
	[Source].[Name],
	@Color,
	[Source].[Length_1]
)
;

BeforeExecute
-- SqlServer.2014 SqlServer.2012
DECLARE @iteration Int -- Int32
SET     @iteration = 25
DECLARE @Color NVarChar(100) -- String
SET     @Color = N'Green'

MERGE INTO [Animals] [Target]
USING (
	SELECT
		[_].[Name],
		[_].[Length] as [Length_1]
	FROM
		[AnimalsUpdate] [_]
	WHERE
		[_].[Iteration] = @iteration
) [Source]
(
	[Name], 
	[Length_1]
)
ON ([Target].[Name] = [Source].[Name])

WHEN MATCHED THEN
UPDATE
SET
	[Target].[Color] = @Color,
	[Target].[Length] = [Source].[Length_1]

WHEN NOT MATCHED THEN
INSERT
(
	[Name],
	[Color],
	[Length]
)
VALUES
(
	[Source].[Name],
	@Color,
	[Source].[Length_1]
)
;

BeforeExecute
-- SqlServer.2014 SqlServer.2012

SELECT
	Count(*)
FROM
	[Animals] [animal]
WHERE
	[animal].[Color] = N'Green'

BeforeExecute
-- SqlServer.2014 SqlServer.2012
DECLARE @Name NVarChar(100) -- String
SET     @Name = N'Elephant'
DECLARE @Length_1 Int -- Int32
SET     @Length_1 = 117906964
DECLARE @Iteration Int -- Int32
SET     @Iteration = 6

INSERT INTO [AnimalsUpdate]
(
	[Name],
	[Length],
	[Iteration]
)
VALUES
(
	@Name,
	@Length_1,
	@Iteration
)

BeforeExecute
-- SqlServer.2014 SqlServer.2012
DECLARE @Name NVarChar(100) -- String
SET     @Name = N'Cat'
DECLARE @Length_1 Int -- Int32
SET     @Length_1 = 85565570
DECLARE @Iteration Int -- Int32
SET     @Iteration = 6

INSERT INTO [AnimalsUpdate]
(
	[Name],
	[Length],
	[Iteration]
)
VALUES
(
	@Name,
	@Length_1,
	@Iteration
)

BeforeExecute
-- SqlServer.2014 SqlServer.2012
DECLARE @Name NVarChar(100) -- String
SET     @Name = N'Snake'
DECLARE @Length_1 Int -- Int32
SET     @Length_1 = 1520893472
DECLARE @Iteration Int -- Int32
SET     @Iteration = 26

INSERT INTO [AnimalsUpdate]
(
	[Name],
	[Length],
	[Iteration]
)
VALUES
(
	@Name,
	@Length_1,
	@Iteration
)

BeforeExecute
-- SqlServer.2014 SqlServer.2012
DECLARE @Name NVarChar(100) -- String
SET     @Name = N'Lizard'
DECLARE @Length_1 Int -- Int32
SET     @Length_1 = 185836802
DECLARE @Iteration Int -- Int32
SET     @Iteration = 26

INSERT INTO [AnimalsUpdate]
(
	[Name],
	[Length],
	[Iteration]
)
VALUES
(
	@Name,
	@Length_1,
	@Iteration
)

BeforeExecute
-- SqlServer.2014 SqlServer.2012
DECLARE @iteration Int -- Int32
SET     @iteration = 6
DECLARE @Color NVarChar(100) -- String
SET     @Color = N'Grey'

MERGE INTO [Animals] [Target]
USING (
	SELECT
		[_].[Name],
		[_].[Length] as [Length_1]
	FROM
		[AnimalsUpdate] [_]
	WHERE
		[_].[Iteration] = @iteration
) [Source]
(
	[Name], 
	[Length_1]
)
ON ([Target].[Name] = [Source].[Name])

WHEN MATCHED THEN
UPDATE
SET
	[Target].[Color] = @Color,
	[Target].[Length] = [Source].[Length_1]

WHEN NOT MATCHED THEN
INSERT
(
	[Name],
	[Color],
	[Length]
)
VALUES
(
	[Source].[Name],
	@Color,
	[Source].[Length_1]
)
;

BeforeExecute
-- SqlServer.2014 SqlServer.2012
DECLARE @iteration Int -- Int32
SET     @iteration = 26
DECLARE @Color NVarChar(100) -- String
SET     @Color = N'Green'

MERGE INTO [Animals] [Target]
USING (
	SELECT
		[_].[Name],
		[_].[Length] as [Length_1]
	FROM
		[AnimalsUpdate] [_]
	WHERE
		[_].[Iteration] = @iteration
) [Source]
(
	[Name], 
	[Length_1]
)
ON ([Target].[Name] = [Source].[Name])

WHEN MATCHED THEN
UPDATE
SET
	[Target].[Color] = @Color,
	[Target].[Length] = [Source].[Length_1]

WHEN NOT MATCHED THEN
INSERT
(
	[Name],
	[Color],
	[Length]
)
VALUES
(
	[Source].[Name],
	@Color,
	[Source].[Length_1]
)
;

BeforeExecute
-- SqlServer.2014 SqlServer.2012

SELECT
	Count(*)
FROM
	[Animals] [animal]
WHERE
	[animal].[Color] = N'Green'

BeforeExecute
-- SqlServer.2014 SqlServer.2012
DECLARE @Name NVarChar(100) -- String
SET     @Name = N'Elephant'
DECLARE @Length_1 Int -- Int32
SET     @Length_1 = 412768849
DECLARE @Iteration Int -- Int32
SET     @Iteration = 7

INSERT INTO [AnimalsUpdate]
(
	[Name],
	[Length],
	[Iteration]
)
VALUES
(
	@Name,
	@Length_1,
	@Iteration
)

BeforeExecute
-- SqlServer.2014 SqlServer.2012
DECLARE @Name NVarChar(100) -- String
SET     @Name = N'Cat'
DECLARE @Length_1 Int -- Int32
SET     @Length_1 = 1156628916
DECLARE @Iteration Int -- Int32
SET     @Iteration = 7

INSERT INTO [AnimalsUpdate]
(
	[Name],
	[Length],
	[Iteration]
)
VALUES
(
	@Name,
	@Length_1,
	@Iteration
)

BeforeExecute
-- SqlServer.2014 SqlServer.2012
DECLARE @Name NVarChar(100) -- String
SET     @Name = N'Snake'
DECLARE @Length_1 Int -- Int32
SET     @Length_1 = 1156278806
DECLARE @Iteration Int -- Int32
SET     @Iteration = 27

INSERT INTO [AnimalsUpdate]
(
	[Name],
	[Length],
	[Iteration]
)
VALUES
(
	@Name,
	@Length_1,
	@Iteration
)

BeforeExecute
-- SqlServer.2014 SqlServer.2012
DECLARE @Name NVarChar(100) -- String
SET     @Name = N'Lizard'
DECLARE @Length_1 Int -- Int32
SET     @Length_1 = 1981688431
DECLARE @Iteration Int -- Int32
SET     @Iteration = 27

INSERT INTO [AnimalsUpdate]
(
	[Name],
	[Length],
	[Iteration]
)
VALUES
(
	@Name,
	@Length_1,
	@Iteration
)

BeforeExecute
-- SqlServer.2014 SqlServer.2012
DECLARE @iteration Int -- Int32
SET     @iteration = 7
DECLARE @Color NVarChar(100) -- String
SET     @Color = N'Grey'

MERGE INTO [Animals] [Target]
USING (
	SELECT
		[_].[Name],
		[_].[Length] as [Length_1]
	FROM
		[AnimalsUpdate] [_]
	WHERE
		[_].[Iteration] = @iteration
) [Source]
(
	[Name], 
	[Length_1]
)
ON ([Target].[Name] = [Source].[Name])

WHEN MATCHED THEN
UPDATE
SET
	[Target].[Color] = @Color,
	[Target].[Length] = [Source].[Length_1]

WHEN NOT MATCHED THEN
INSERT
(
	[Name],
	[Color],
	[Length]
)
VALUES
(
	[Source].[Name],
	@Color,
	[Source].[Length_1]
)
;

BeforeExecute
-- SqlServer.2014 SqlServer.2012
DECLARE @iteration Int -- Int32
SET     @iteration = 27
DECLARE @Color NVarChar(100) -- String
SET     @Color = N'Green'

MERGE INTO [Animals] [Target]
USING (
	SELECT
		[_].[Name],
		[_].[Length] as [Length_1]
	FROM
		[AnimalsUpdate] [_]
	WHERE
		[_].[Iteration] = @iteration
) [Source]
(
	[Name], 
	[Length_1]
)
ON ([Target].[Name] = [Source].[Name])

WHEN MATCHED THEN
UPDATE
SET
	[Target].[Color] = @Color,
	[Target].[Length] = [Source].[Length_1]

WHEN NOT MATCHED THEN
INSERT
(
	[Name],
	[Color],
	[Length]
)
VALUES
(
	[Source].[Name],
	@Color,
	[Source].[Length_1]
)
;

BeforeExecute
-- SqlServer.2014 SqlServer.2012

SELECT
	Count(*)
FROM
	[Animals] [animal]
WHERE
	[animal].[Color] = N'Green'

BeforeExecute
-- SqlServer.2014 SqlServer.2012
DECLARE @Name NVarChar(100) -- String
SET     @Name = N'Elephant'
DECLARE @Length_1 Int -- Int32
SET     @Length_1 = 373757401
DECLARE @Iteration Int -- Int32
SET     @Iteration = 8

INSERT INTO [AnimalsUpdate]
(
	[Name],
	[Length],
	[Iteration]
)
VALUES
(
	@Name,
	@Length_1,
	@Iteration
)

BeforeExecute
-- SqlServer.2014 SqlServer.2012
DECLARE @Name NVarChar(100) -- String
SET     @Name = N'Cat'
DECLARE @Length_1 Int -- Int32
SET     @Length_1 = 318260860
DECLARE @Iteration Int -- Int32
SET     @Iteration = 8

INSERT INTO [AnimalsUpdate]
(
	[Name],
	[Length],
	[Iteration]
)
VALUES
(
	@Name,
	@Length_1,
	@Iteration
)

BeforeExecute
-- SqlServer.2014 SqlServer.2012
DECLARE @Name NVarChar(100) -- String
SET     @Name = N'Snake'
DECLARE @Length_1 Int -- Int32
SET     @Length_1 = 582130599
DECLARE @Iteration Int -- Int32
SET     @Iteration = 28

INSERT INTO [AnimalsUpdate]
(
	[Name],
	[Length],
	[Iteration]
)
VALUES
(
	@Name,
	@Length_1,
	@Iteration
)

BeforeExecute
-- SqlServer.2014 SqlServer.2012
DECLARE @Name NVarChar(100) -- String
SET     @Name = N'Lizard'
DECLARE @Length_1 Int -- Int32
SET     @Length_1 = 1029419683
DECLARE @Iteration Int -- Int32
SET     @Iteration = 28

INSERT INTO [AnimalsUpdate]
(
	[Name],
	[Length],
	[Iteration]
)
VALUES
(
	@Name,
	@Length_1,
	@Iteration
)

BeforeExecute
-- SqlServer.2014 SqlServer.2012
DECLARE @iteration Int -- Int32
SET     @iteration = 8
DECLARE @Color NVarChar(100) -- String
SET     @Color = N'Grey'

MERGE INTO [Animals] [Target]
USING (
	SELECT
		[_].[Name],
		[_].[Length] as [Length_1]
	FROM
		[AnimalsUpdate] [_]
	WHERE
		[_].[Iteration] = @iteration
) [Source]
(
	[Name], 
	[Length_1]
)
ON ([Target].[Name] = [Source].[Name])

WHEN MATCHED THEN
UPDATE
SET
	[Target].[Color] = @Color,
	[Target].[Length] = [Source].[Length_1]

WHEN NOT MATCHED THEN
INSERT
(
	[Name],
	[Color],
	[Length]
)
VALUES
(
	[Source].[Name],
	@Color,
	[Source].[Length_1]
)
;

BeforeExecute
-- SqlServer.2014 SqlServer.2012
DECLARE @iteration Int -- Int32
SET     @iteration = 28
DECLARE @Color NVarChar(100) -- String
SET     @Color = N'Green'

MERGE INTO [Animals] [Target]
USING (
	SELECT
		[_].[Name],
		[_].[Length] as [Length_1]
	FROM
		[AnimalsUpdate] [_]
	WHERE
		[_].[Iteration] = @iteration
) [Source]
(
	[Name], 
	[Length_1]
)
ON ([Target].[Name] = [Source].[Name])

WHEN MATCHED THEN
UPDATE
SET
	[Target].[Color] = @Color,
	[Target].[Length] = [Source].[Length_1]

WHEN NOT MATCHED THEN
INSERT
(
	[Name],
	[Color],
	[Length]
)
VALUES
(
	[Source].[Name],
	@Color,
	[Source].[Length_1]
)
;

BeforeExecute
-- SqlServer.2014 SqlServer.2012

SELECT
	Count(*)
FROM
	[Animals] [animal]
WHERE
	[animal].[Color] = N'Green'

BeforeExecute
-- SqlServer.2014 SqlServer.2012
DECLARE @Name NVarChar(100) -- String
SET     @Name = N'Elephant'
DECLARE @Length_1 Int -- Int32
SET     @Length_1 = 392984362
DECLARE @Iteration Int -- Int32
SET     @Iteration = 9

INSERT INTO [AnimalsUpdate]
(
	[Name],
	[Length],
	[Iteration]
)
VALUES
(
	@Name,
	@Length_1,
	@Iteration
)

BeforeExecute
-- SqlServer.2014 SqlServer.2012
DECLARE @Name NVarChar(100) -- String
SET     @Name = N'Cat'
DECLARE @Length_1 Int -- Int32
SET     @Length_1 = 73719218
DECLARE @Iteration Int -- Int32
SET     @Iteration = 9

INSERT INTO [AnimalsUpdate]
(
	[Name],
	[Length],
	[Iteration]
)
VALUES
(
	@Name,
	@Length_1,
	@Iteration
)

BeforeExecute
-- SqlServer.2014 SqlServer.2012
DECLARE @Name NVarChar(100) -- String
SET     @Name = N'Snake'
DECLARE @Length_1 Int -- Int32
SET     @Length_1 = 2142870387
DECLARE @Iteration Int -- Int32
SET     @Iteration = 29

INSERT INTO [AnimalsUpdate]
(
	[Name],
	[Length],
	[Iteration]
)
VALUES
(
	@Name,
	@Length_1,
	@Iteration
)

BeforeExecute
-- SqlServer.2014 SqlServer.2012
DECLARE @Name NVarChar(100) -- String
SET     @Name = N'Lizard'
DECLARE @Length_1 Int -- Int32
SET     @Length_1 = 296744485
DECLARE @Iteration Int -- Int32
SET     @Iteration = 29

INSERT INTO [AnimalsUpdate]
(
	[Name],
	[Length],
	[Iteration]
)
VALUES
(
	@Name,
	@Length_1,
	@Iteration
)

BeforeExecute
-- SqlServer.2014 SqlServer.2012
DECLARE @iteration Int -- Int32
SET     @iteration = 9
DECLARE @Color NVarChar(100) -- String
SET     @Color = N'Grey'

MERGE INTO [Animals] [Target]
USING (
	SELECT
		[_].[Name],
		[_].[Length] as [Length_1]
	FROM
		[AnimalsUpdate] [_]
	WHERE
		[_].[Iteration] = @iteration
) [Source]
(
	[Name], 
	[Length_1]
)
ON ([Target].[Name] = [Source].[Name])

WHEN MATCHED THEN
UPDATE
SET
	[Target].[Color] = @Color,
	[Target].[Length] = [Source].[Length_1]

WHEN NOT MATCHED THEN
INSERT
(
	[Name],
	[Color],
	[Length]
)
VALUES
(
	[Source].[Name],
	@Color,
	[Source].[Length_1]
)
;

BeforeExecute
-- SqlServer.2014 SqlServer.2012
DECLARE @iteration Int -- Int32
SET     @iteration = 29
DECLARE @Color NVarChar(100) -- String
SET     @Color = N'Green'

MERGE INTO [Animals] [Target]
USING (
	SELECT
		[_].[Name],
		[_].[Length] as [Length_1]
	FROM
		[AnimalsUpdate] [_]
	WHERE
		[_].[Iteration] = @iteration
) [Source]
(
	[Name], 
	[Length_1]
)
ON ([Target].[Name] = [Source].[Name])

WHEN MATCHED THEN
UPDATE
SET
	[Target].[Color] = @Color,
	[Target].[Length] = [Source].[Length_1]

WHEN NOT MATCHED THEN
INSERT
(
	[Name],
	[Color],
	[Length]
)
VALUES
(
	[Source].[Name],
	@Color,
	[Source].[Length_1]
)
;

BeforeExecute
-- SqlServer.2014 SqlServer.2012

SELECT
	Count(*)
FROM
	[Animals] [animal]
WHERE
	[animal].[Color] = N'Green'

BeforeExecute
-- SqlServer.2014 SqlServer.2012
DECLARE @Name NVarChar(100) -- String
SET     @Name = N'Elephant'
DECLARE @Length_1 Int -- Int32
SET     @Length_1 = 155246000
DECLARE @Iteration Int -- Int32
SET     @Iteration = 10

INSERT INTO [AnimalsUpdate]
(
	[Name],
	[Length],
	[Iteration]
)
VALUES
(
	@Name,
	@Length_1,
	@Iteration
)

BeforeExecute
-- SqlServer.2014 SqlServer.2012
DECLARE @Name NVarChar(100) -- String
SET     @Name = N'Cat'
DECLARE @Length_1 Int -- Int32
SET     @Length_1 = 56928403
DECLARE @Iteration Int -- Int32
SET     @Iteration = 10

INSERT INTO [AnimalsUpdate]
(
	[Name],
	[Length],
	[Iteration]
)
VALUES
(
	@Name,
	@Length_1,
	@Iteration
)

BeforeExecute
-- SqlServer.2014 SqlServer.2012
DECLARE @Name NVarChar(100) -- String
SET     @Name = N'Snake'
DECLARE @Length_1 Int -- Int32
SET     @Length_1 = 2045433901
DECLARE @Iteration Int -- Int32
SET     @Iteration = 30

INSERT INTO [AnimalsUpdate]
(
	[Name],
	[Length],
	[Iteration]
)
VALUES
(
	@Name,
	@Length_1,
	@Iteration
)

BeforeExecute
-- SqlServer.2014 SqlServer.2012
DECLARE @Name NVarChar(100) -- String
SET     @Name = N'Lizard'
DECLARE @Length_1 Int -- Int32
SET     @Length_1 = 149490355
DECLARE @Iteration Int -- Int32
SET     @Iteration = 30

INSERT INTO [AnimalsUpdate]
(
	[Name],
	[Length],
	[Iteration]
)
VALUES
(
	@Name,
	@Length_1,
	@Iteration
)

BeforeExecute
-- SqlServer.2014 SqlServer.2012
DECLARE @iteration Int -- Int32
SET     @iteration = 10
DECLARE @Color NVarChar(100) -- String
SET     @Color = N'Grey'

MERGE INTO [Animals] [Target]
USING (
	SELECT
		[_].[Name],
		[_].[Length] as [Length_1]
	FROM
		[AnimalsUpdate] [_]
	WHERE
		[_].[Iteration] = @iteration
) [Source]
(
	[Name], 
	[Length_1]
)
ON ([Target].[Name] = [Source].[Name])

WHEN MATCHED THEN
UPDATE
SET
	[Target].[Color] = @Color,
	[Target].[Length] = [Source].[Length_1]

WHEN NOT MATCHED THEN
INSERT
(
	[Name],
	[Color],
	[Length]
)
VALUES
(
	[Source].[Name],
	@Color,
	[Source].[Length_1]
)
;

BeforeExecute
-- SqlServer.2014 SqlServer.2012
DECLARE @iteration Int -- Int32
SET     @iteration = 30
DECLARE @Color NVarChar(100) -- String
SET     @Color = N'Green'

MERGE INTO [Animals] [Target]
USING (
	SELECT
		[_].[Name],
		[_].[Length] as [Length_1]
	FROM
		[AnimalsUpdate] [_]
	WHERE
		[_].[Iteration] = @iteration
) [Source]
(
	[Name], 
	[Length_1]
)
ON ([Target].[Name] = [Source].[Name])

WHEN MATCHED THEN
UPDATE
SET
	[Target].[Color] = @Color,
	[Target].[Length] = [Source].[Length_1]

WHEN NOT MATCHED THEN
INSERT
(
	[Name],
	[Color],
	[Length]
)
VALUES
(
	[Source].[Name],
	@Color,
	[Source].[Length_1]
)
;

BeforeExecute
-- SqlServer.2014 SqlServer.2012

SELECT
	Count(*)
FROM
	[Animals] [animal]
WHERE
	[animal].[Color] = N'Green'

BeforeExecute
-- SqlServer.2014 SqlServer.2012
DECLARE @Name NVarChar(100) -- String
SET     @Name = N'Elephant'
DECLARE @Length_1 Int -- Int32
SET     @Length_1 = 625727451
DECLARE @Iteration Int -- Int32
SET     @Iteration = 11

INSERT INTO [AnimalsUpdate]
(
	[Name],
	[Length],
	[Iteration]
)
VALUES
(
	@Name,
	@Length_1,
	@Iteration
)

BeforeExecute
-- SqlServer.2014 SqlServer.2012
DECLARE @Name NVarChar(100) -- String
SET     @Name = N'Cat'
DECLARE @Length_1 Int -- Int32
SET     @Length_1 = 1258037713
DECLARE @Iteration Int -- Int32
SET     @Iteration = 11

INSERT INTO [AnimalsUpdate]
(
	[Name],
	[Length],
	[Iteration]
)
VALUES
(
	@Name,
	@Length_1,
	@Iteration
)

BeforeExecute
-- SqlServer.2014 SqlServer.2012
DECLARE @Name NVarChar(100) -- String
SET     @Name = N'Snake'
DECLARE @Length_1 Int -- Int32
SET     @Length_1 = 627477027
DECLARE @Iteration Int -- Int32
SET     @Iteration = 31

INSERT INTO [AnimalsUpdate]
(
	[Name],
	[Length],
	[Iteration]
)
VALUES
(
	@Name,
	@Length_1,
	@Iteration
)

BeforeExecute
-- SqlServer.2014 SqlServer.2012
DECLARE @Name NVarChar(100) -- String
SET     @Name = N'Lizard'
DECLARE @Length_1 Int -- Int32
SET     @Length_1 = 528735422
DECLARE @Iteration Int -- Int32
SET     @Iteration = 31

INSERT INTO [AnimalsUpdate]
(
	[Name],
	[Length],
	[Iteration]
)
VALUES
(
	@Name,
	@Length_1,
	@Iteration
)

BeforeExecute
-- SqlServer.2014 SqlServer.2012
DECLARE @iteration Int -- Int32
SET     @iteration = 11
DECLARE @Color NVarChar(100) -- String
SET     @Color = N'Grey'

MERGE INTO [Animals] [Target]
USING (
	SELECT
		[_].[Name],
		[_].[Length] as [Length_1]
	FROM
		[AnimalsUpdate] [_]
	WHERE
		[_].[Iteration] = @iteration
) [Source]
(
	[Name], 
	[Length_1]
)
ON ([Target].[Name] = [Source].[Name])

WHEN MATCHED THEN
UPDATE
SET
	[Target].[Color] = @Color,
	[Target].[Length] = [Source].[Length_1]

WHEN NOT MATCHED THEN
INSERT
(
	[Name],
	[Color],
	[Length]
)
VALUES
(
	[Source].[Name],
	@Color,
	[Source].[Length_1]
)
;

BeforeExecute
-- SqlServer.2014 SqlServer.2012
DECLARE @iteration Int -- Int32
SET     @iteration = 31
DECLARE @Color NVarChar(100) -- String
SET     @Color = N'Green'

MERGE INTO [Animals] [Target]
USING (
	SELECT
		[_].[Name],
		[_].[Length] as [Length_1]
	FROM
		[AnimalsUpdate] [_]
	WHERE
		[_].[Iteration] = @iteration
) [Source]
(
	[Name], 
	[Length_1]
)
ON ([Target].[Name] = [Source].[Name])

WHEN MATCHED THEN
UPDATE
SET
	[Target].[Color] = @Color,
	[Target].[Length] = [Source].[Length_1]

WHEN NOT MATCHED THEN
INSERT
(
	[Name],
	[Color],
	[Length]
)
VALUES
(
	[Source].[Name],
	@Color,
	[Source].[Length_1]
)
;

BeforeExecute
-- SqlServer.2014 SqlServer.2012

SELECT
	Count(*)
FROM
	[Animals] [animal]
WHERE
	[animal].[Color] = N'Green'

BeforeExecute
-- SqlServer.2014 SqlServer.2012
DECLARE @Name NVarChar(100) -- String
SET     @Name = N'Elephant'
DECLARE @Length_1 Int -- Int32
SET     @Length_1 = 1573184702
DECLARE @Iteration Int -- Int32
SET     @Iteration = 12

INSERT INTO [AnimalsUpdate]
(
	[Name],
	[Length],
	[Iteration]
)
VALUES
(
	@Name,
	@Length_1,
	@Iteration
)

BeforeExecute
-- SqlServer.2014 SqlServer.2012
DECLARE @Name NVarChar(100) -- String
SET     @Name = N'Cat'
DECLARE @Length_1 Int -- Int32
SET     @Length_1 = 1077309848
DECLARE @Iteration Int -- Int32
SET     @Iteration = 12

INSERT INTO [AnimalsUpdate]
(
	[Name],
	[Length],
	[Iteration]
)
VALUES
(
	@Name,
	@Length_1,
	@Iteration
)

BeforeExecute
-- SqlServer.2014 SqlServer.2012
DECLARE @Name NVarChar(100) -- String
SET     @Name = N'Snake'
DECLARE @Length_1 Int -- Int32
SET     @Length_1 = 1572982012
DECLARE @Iteration Int -- Int32
SET     @Iteration = 32

INSERT INTO [AnimalsUpdate]
(
	[Name],
	[Length],
	[Iteration]
)
VALUES
(
	@Name,
	@Length_1,
	@Iteration
)

BeforeExecute
-- SqlServer.2014 SqlServer.2012
DECLARE @Name NVarChar(100) -- String
SET     @Name = N'Lizard'
DECLARE @Length_1 Int -- Int32
SET     @Length_1 = 1773365869
DECLARE @Iteration Int -- Int32
SET     @Iteration = 32

INSERT INTO [AnimalsUpdate]
(
	[Name],
	[Length],
	[Iteration]
)
VALUES
(
	@Name,
	@Length_1,
	@Iteration
)

BeforeExecute
-- SqlServer.2014 SqlServer.2012
DECLARE @iteration Int -- Int32
SET     @iteration = 12
DECLARE @Color NVarChar(100) -- String
SET     @Color = N'Grey'

MERGE INTO [Animals] [Target]
USING (
	SELECT
		[_].[Name],
		[_].[Length] as [Length_1]
	FROM
		[AnimalsUpdate] [_]
	WHERE
		[_].[Iteration] = @iteration
) [Source]
(
	[Name], 
	[Length_1]
)
ON ([Target].[Name] = [Source].[Name])

WHEN MATCHED THEN
UPDATE
SET
	[Target].[Color] = @Color,
	[Target].[Length] = [Source].[Length_1]

WHEN NOT MATCHED THEN
INSERT
(
	[Name],
	[Color],
	[Length]
)
VALUES
(
	[Source].[Name],
	@Color,
	[Source].[Length_1]
)
;

BeforeExecute
-- SqlServer.2014 SqlServer.2012
DECLARE @iteration Int -- Int32
SET     @iteration = 32
DECLARE @Color NVarChar(100) -- String
SET     @Color = N'Green'

MERGE INTO [Animals] [Target]
USING (
	SELECT
		[_].[Name],
		[_].[Length] as [Length_1]
	FROM
		[AnimalsUpdate] [_]
	WHERE
		[_].[Iteration] = @iteration
) [Source]
(
	[Name], 
	[Length_1]
)
ON ([Target].[Name] = [Source].[Name])

WHEN MATCHED THEN
UPDATE
SET
	[Target].[Color] = @Color,
	[Target].[Length] = [Source].[Length_1]

WHEN NOT MATCHED THEN
INSERT
(
	[Name],
	[Color],
	[Length]
)
VALUES
(
	[Source].[Name],
	@Color,
	[Source].[Length_1]
)
;

BeforeExecute
-- SqlServer.2014 SqlServer.2012

SELECT
	Count(*)
FROM
	[Animals] [animal]
WHERE
	[animal].[Color] = N'Green'

BeforeExecute
-- SqlServer.2014 SqlServer.2012
DECLARE @Name NVarChar(100) -- String
SET     @Name = N'Elephant'
DECLARE @Length_1 Int -- Int32
SET     @Length_1 = 1881801587
DECLARE @Iteration Int -- Int32
SET     @Iteration = 13

INSERT INTO [AnimalsUpdate]
(
	[Name],
	[Length],
	[Iteration]
)
VALUES
(
	@Name,
	@Length_1,
	@Iteration
)

BeforeExecute
-- SqlServer.2014 SqlServer.2012
DECLARE @Name NVarChar(100) -- String
SET     @Name = N'Cat'
DECLARE @Length_1 Int -- Int32
SET     @Length_1 = 759472345
DECLARE @Iteration Int -- Int32
SET     @Iteration = 13

INSERT INTO [AnimalsUpdate]
(
	[Name],
	[Length],
	[Iteration]
)
VALUES
(
	@Name,
	@Length_1,
	@Iteration
)

BeforeExecute
-- SqlServer.2014 SqlServer.2012
DECLARE @Name NVarChar(100) -- String
SET     @Name = N'Snake'
DECLARE @Length_1 Int -- Int32
SET     @Length_1 = 1823874061
DECLARE @Iteration Int -- Int32
SET     @Iteration = 33

INSERT INTO [AnimalsUpdate]
(
	[Name],
	[Length],
	[Iteration]
)
VALUES
(
	@Name,
	@Length_1,
	@Iteration
)

BeforeExecute
-- SqlServer.2014 SqlServer.2012
DECLARE @Name NVarChar(100) -- String
SET     @Name = N'Lizard'
DECLARE @Length_1 Int -- Int32
SET     @Length_1 = 972566040
DECLARE @Iteration Int -- Int32
SET     @Iteration = 33

INSERT INTO [AnimalsUpdate]
(
	[Name],
	[Length],
	[Iteration]
)
VALUES
(
	@Name,
	@Length_1,
	@Iteration
)

BeforeExecute
-- SqlServer.2014 SqlServer.2012
DECLARE @iteration Int -- Int32
SET     @iteration = 13
DECLARE @Color NVarChar(100) -- String
SET     @Color = N'Grey'

MERGE INTO [Animals] [Target]
USING (
	SELECT
		[_].[Name],
		[_].[Length] as [Length_1]
	FROM
		[AnimalsUpdate] [_]
	WHERE
		[_].[Iteration] = @iteration
) [Source]
(
	[Name], 
	[Length_1]
)
ON ([Target].[Name] = [Source].[Name])

WHEN MATCHED THEN
UPDATE
SET
	[Target].[Color] = @Color,
	[Target].[Length] = [Source].[Length_1]

WHEN NOT MATCHED THEN
INSERT
(
	[Name],
	[Color],
	[Length]
)
VALUES
(
	[Source].[Name],
	@Color,
	[Source].[Length_1]
)
;

BeforeExecute
-- SqlServer.2014 SqlServer.2012
DECLARE @iteration Int -- Int32
SET     @iteration = 33
DECLARE @Color NVarChar(100) -- String
SET     @Color = N'Green'

MERGE INTO [Animals] [Target]
USING (
	SELECT
		[_].[Name],
		[_].[Length] as [Length_1]
	FROM
		[AnimalsUpdate] [_]
	WHERE
		[_].[Iteration] = @iteration
) [Source]
(
	[Name], 
	[Length_1]
)
ON ([Target].[Name] = [Source].[Name])

WHEN MATCHED THEN
UPDATE
SET
	[Target].[Color] = @Color,
	[Target].[Length] = [Source].[Length_1]

WHEN NOT MATCHED THEN
INSERT
(
	[Name],
	[Color],
	[Length]
)
VALUES
(
	[Source].[Name],
	@Color,
	[Source].[Length_1]
)
;

BeforeExecute
-- SqlServer.2014 SqlServer.2012

SELECT
	Count(*)
FROM
	[Animals] [animal]
WHERE
	[animal].[Color] = N'Green'

BeforeExecute
-- SqlServer.2014 SqlServer.2012
DECLARE @Name NVarChar(100) -- String
SET     @Name = N'Elephant'
DECLARE @Length_1 Int -- Int32
SET     @Length_1 = 1214924224
DECLARE @Iteration Int -- Int32
SET     @Iteration = 14

INSERT INTO [AnimalsUpdate]
(
	[Name],
	[Length],
	[Iteration]
)
VALUES
(
	@Name,
	@Length_1,
	@Iteration
)

BeforeExecute
-- SqlServer.2014 SqlServer.2012
DECLARE @Name NVarChar(100) -- String
SET     @Name = N'Cat'
DECLARE @Length_1 Int -- Int32
SET     @Length_1 = 1961666619
DECLARE @Iteration Int -- Int32
SET     @Iteration = 14

INSERT INTO [AnimalsUpdate]
(
	[Name],
	[Length],
	[Iteration]
)
VALUES
(
	@Name,
	@Length_1,
	@Iteration
)

BeforeExecute
-- SqlServer.2014 SqlServer.2012
DECLARE @Name NVarChar(100) -- String
SET     @Name = N'Snake'
DECLARE @Length_1 Int -- Int32
SET     @Length_1 = 1215334857
DECLARE @Iteration Int -- Int32
SET     @Iteration = 34

INSERT INTO [AnimalsUpdate]
(
	[Name],
	[Length],
	[Iteration]
)
VALUES
(
	@Name,
	@Length_1,
	@Iteration
)

BeforeExecute
-- SqlServer.2014 SqlServer.2012
DECLARE @Name NVarChar(100) -- String
SET     @Name = N'Lizard'
DECLARE @Length_1 Int -- Int32
SET     @Length_1 = 93913273
DECLARE @Iteration Int -- Int32
SET     @Iteration = 34

INSERT INTO [AnimalsUpdate]
(
	[Name],
	[Length],
	[Iteration]
)
VALUES
(
	@Name,
	@Length_1,
	@Iteration
)

BeforeExecute
-- SqlServer.2014 SqlServer.2012
DECLARE @iteration Int -- Int32
SET     @iteration = 14
DECLARE @Color NVarChar(100) -- String
SET     @Color = N'Grey'

MERGE INTO [Animals] [Target]
USING (
	SELECT
		[_].[Name],
		[_].[Length] as [Length_1]
	FROM
		[AnimalsUpdate] [_]
	WHERE
		[_].[Iteration] = @iteration
) [Source]
(
	[Name], 
	[Length_1]
)
ON ([Target].[Name] = [Source].[Name])

WHEN MATCHED THEN
UPDATE
SET
	[Target].[Color] = @Color,
	[Target].[Length] = [Source].[Length_1]

WHEN NOT MATCHED THEN
INSERT
(
	[Name],
	[Color],
	[Length]
)
VALUES
(
	[Source].[Name],
	@Color,
	[Source].[Length_1]
)
;

BeforeExecute
-- SqlServer.2014 SqlServer.2012
DECLARE @iteration Int -- Int32
SET     @iteration = 34
DECLARE @Color NVarChar(100) -- String
SET     @Color = N'Green'

MERGE INTO [Animals] [Target]
USING (
	SELECT
		[_].[Name],
		[_].[Length] as [Length_1]
	FROM
		[AnimalsUpdate] [_]
	WHERE
		[_].[Iteration] = @iteration
) [Source]
(
	[Name], 
	[Length_1]
)
ON ([Target].[Name] = [Source].[Name])

WHEN MATCHED THEN
UPDATE
SET
	[Target].[Color] = @Color,
	[Target].[Length] = [Source].[Length_1]

WHEN NOT MATCHED THEN
INSERT
(
	[Name],
	[Color],
	[Length]
)
VALUES
(
	[Source].[Name],
	@Color,
	[Source].[Length_1]
)
;

BeforeExecute
-- SqlServer.2014 SqlServer.2012

SELECT
	Count(*)
FROM
	[Animals] [animal]
WHERE
	[animal].[Color] = N'Green'

BeforeExecute
-- SqlServer.2014 SqlServer.2012
DECLARE @Name NVarChar(100) -- String
SET     @Name = N'Elephant'
DECLARE @Length_1 Int -- Int32
SET     @Length_1 = 1832463351
DECLARE @Iteration Int -- Int32
SET     @Iteration = 15

INSERT INTO [AnimalsUpdate]
(
	[Name],
	[Length],
	[Iteration]
)
VALUES
(
	@Name,
	@Length_1,
	@Iteration
)

BeforeExecute
-- SqlServer.2014 SqlServer.2012
DECLARE @Name NVarChar(100) -- String
SET     @Name = N'Cat'
DECLARE @Length_1 Int -- Int32
SET     @Length_1 = 37752498
DECLARE @Iteration Int -- Int32
SET     @Iteration = 15

INSERT INTO [AnimalsUpdate]
(
	[Name],
	[Length],
	[Iteration]
)
VALUES
(
	@Name,
	@Length_1,
	@Iteration
)

BeforeExecute
-- SqlServer.2014 SqlServer.2012
DECLARE @Name NVarChar(100) -- String
SET     @Name = N'Snake'
DECLARE @Length_1 Int -- Int32
SET     @Length_1 = 76796777
DECLARE @Iteration Int -- Int32
SET     @Iteration = 35

INSERT INTO [AnimalsUpdate]
(
	[Name],
	[Length],
	[Iteration]
)
VALUES
(
	@Name,
	@Length_1,
	@Iteration
)

BeforeExecute
-- SqlServer.2014 SqlServer.2012
DECLARE @Name NVarChar(100) -- String
SET     @Name = N'Lizard'
DECLARE @Length_1 Int -- Int32
SET     @Length_1 = 1622037008
DECLARE @Iteration Int -- Int32
SET     @Iteration = 35

INSERT INTO [AnimalsUpdate]
(
	[Name],
	[Length],
	[Iteration]
)
VALUES
(
	@Name,
	@Length_1,
	@Iteration
)

BeforeExecute
-- SqlServer.2014 SqlServer.2012
DECLARE @iteration Int -- Int32
SET     @iteration = 15
DECLARE @Color NVarChar(100) -- String
SET     @Color = N'Grey'

MERGE INTO [Animals] [Target]
USING (
	SELECT
		[_].[Name],
		[_].[Length] as [Length_1]
	FROM
		[AnimalsUpdate] [_]
	WHERE
		[_].[Iteration] = @iteration
) [Source]
(
	[Name], 
	[Length_1]
)
ON ([Target].[Name] = [Source].[Name])

WHEN MATCHED THEN
UPDATE
SET
	[Target].[Color] = @Color,
	[Target].[Length] = [Source].[Length_1]

WHEN NOT MATCHED THEN
INSERT
(
	[Name],
	[Color],
	[Length]
)
VALUES
(
	[Source].[Name],
	@Color,
	[Source].[Length_1]
)
;

BeforeExecute
-- SqlServer.2014 SqlServer.2012
DECLARE @iteration Int -- Int32
SET     @iteration = 35
DECLARE @Color NVarChar(100) -- String
SET     @Color = N'Green'

MERGE INTO [Animals] [Target]
USING (
	SELECT
		[_].[Name],
		[_].[Length] as [Length_1]
	FROM
		[AnimalsUpdate] [_]
	WHERE
		[_].[Iteration] = @iteration
) [Source]
(
	[Name], 
	[Length_1]
)
ON ([Target].[Name] = [Source].[Name])

WHEN MATCHED THEN
UPDATE
SET
	[Target].[Color] = @Color,
	[Target].[Length] = [Source].[Length_1]

WHEN NOT MATCHED THEN
INSERT
(
	[Name],
	[Color],
	[Length]
)
VALUES
(
	[Source].[Name],
	@Color,
	[Source].[Length_1]
)
;

BeforeExecute
-- SqlServer.2014 SqlServer.2012

SELECT
	Count(*)
FROM
	[Animals] [animal]
WHERE
	[animal].[Color] = N'Green'

BeforeExecute
-- SqlServer.2014 SqlServer.2012
DECLARE @Name NVarChar(100) -- String
SET     @Name = N'Elephant'
DECLARE @Length_1 Int -- Int32
SET     @Length_1 = 1422874690
DECLARE @Iteration Int -- Int32
SET     @Iteration = 16

INSERT INTO [AnimalsUpdate]
(
	[Name],
	[Length],
	[Iteration]
)
VALUES
(
	@Name,
	@Length_1,
	@Iteration
)

BeforeExecute
-- SqlServer.2014 SqlServer.2012
DECLARE @Name NVarChar(100) -- String
SET     @Name = N'Cat'
DECLARE @Length_1 Int -- Int32
SET     @Length_1 = 1714735478
DECLARE @Iteration Int -- Int32
SET     @Iteration = 16

INSERT INTO [AnimalsUpdate]
(
	[Name],
	[Length],
	[Iteration]
)
VALUES
(
	@Name,
	@Length_1,
	@Iteration
)

BeforeExecute
-- SqlServer.2014 SqlServer.2012
DECLARE @Name NVarChar(100) -- String
SET     @Name = N'Snake'
DECLARE @Length_1 Int -- Int32
SET     @Length_1 = 2030153670
DECLARE @Iteration Int -- Int32
SET     @Iteration = 36

INSERT INTO [AnimalsUpdate]
(
	[Name],
	[Length],
	[Iteration]
)
VALUES
(
	@Name,
	@Length_1,
	@Iteration
)

BeforeExecute
-- SqlServer.2014 SqlServer.2012
DECLARE @Name NVarChar(100) -- String
SET     @Name = N'Lizard'
DECLARE @Length_1 Int -- Int32
SET     @Length_1 = 2129932805
DECLARE @Iteration Int -- Int32
SET     @Iteration = 36

INSERT INTO [AnimalsUpdate]
(
	[Name],
	[Length],
	[Iteration]
)
VALUES
(
	@Name,
	@Length_1,
	@Iteration
)

BeforeExecute
-- SqlServer.2014 SqlServer.2012
DECLARE @iteration Int -- Int32
SET     @iteration = 16
DECLARE @Color NVarChar(100) -- String
SET     @Color = N'Grey'

MERGE INTO [Animals] [Target]
USING (
	SELECT
		[_].[Name],
		[_].[Length] as [Length_1]
	FROM
		[AnimalsUpdate] [_]
	WHERE
		[_].[Iteration] = @iteration
) [Source]
(
	[Name], 
	[Length_1]
)
ON ([Target].[Name] = [Source].[Name])

WHEN MATCHED THEN
UPDATE
SET
	[Target].[Color] = @Color,
	[Target].[Length] = [Source].[Length_1]

WHEN NOT MATCHED THEN
INSERT
(
	[Name],
	[Color],
	[Length]
)
VALUES
(
	[Source].[Name],
	@Color,
	[Source].[Length_1]
)
;

BeforeExecute
-- SqlServer.2014 SqlServer.2012
DECLARE @iteration Int -- Int32
SET     @iteration = 36
DECLARE @Color NVarChar(100) -- String
SET     @Color = N'Green'

MERGE INTO [Animals] [Target]
USING (
	SELECT
		[_].[Name],
		[_].[Length] as [Length_1]
	FROM
		[AnimalsUpdate] [_]
	WHERE
		[_].[Iteration] = @iteration
) [Source]
(
	[Name], 
	[Length_1]
)
ON ([Target].[Name] = [Source].[Name])

WHEN MATCHED THEN
UPDATE
SET
	[Target].[Color] = @Color,
	[Target].[Length] = [Source].[Length_1]

WHEN NOT MATCHED THEN
INSERT
(
	[Name],
	[Color],
	[Length]
)
VALUES
(
	[Source].[Name],
	@Color,
	[Source].[Length_1]
)
;

BeforeExecute
-- SqlServer.2014 SqlServer.2012

SELECT
	Count(*)
FROM
	[Animals] [animal]
WHERE
	[animal].[Color] = N'Green'

BeforeExecute
-- SqlServer.2014 SqlServer.2012
DECLARE @Name NVarChar(100) -- String
SET     @Name = N'Elephant'
DECLARE @Length_1 Int -- Int32
SET     @Length_1 = 812258157
DECLARE @Iteration Int -- Int32
SET     @Iteration = 17

INSERT INTO [AnimalsUpdate]
(
	[Name],
	[Length],
	[Iteration]
)
VALUES
(
	@Name,
	@Length_1,
	@Iteration
)

BeforeExecute
-- SqlServer.2014 SqlServer.2012
DECLARE @Name NVarChar(100) -- String
SET     @Name = N'Cat'
DECLARE @Length_1 Int -- Int32
SET     @Length_1 = 1097810914
DECLARE @Iteration Int -- Int32
SET     @Iteration = 17

INSERT INTO [AnimalsUpdate]
(
	[Name],
	[Length],
	[Iteration]
)
VALUES
(
	@Name,
	@Length_1,
	@Iteration
)

BeforeExecute
-- SqlServer.2014 SqlServer.2012
DECLARE @Name NVarChar(100) -- String
SET     @Name = N'Snake'
DECLARE @Length_1 Int -- Int32
SET     @Length_1 = 808572788
DECLARE @Iteration Int -- Int32
SET     @Iteration = 37

INSERT INTO [AnimalsUpdate]
(
	[Name],
	[Length],
	[Iteration]
)
VALUES
(
	@Name,
	@Length_1,
	@Iteration
)

BeforeExecute
-- SqlServer.2014 SqlServer.2012
DECLARE @Name NVarChar(100) -- String
SET     @Name = N'Lizard'
DECLARE @Length_1 Int -- Int32
SET     @Length_1 = 249121829
DECLARE @Iteration Int -- Int32
SET     @Iteration = 37

INSERT INTO [AnimalsUpdate]
(
	[Name],
	[Length],
	[Iteration]
)
VALUES
(
	@Name,
	@Length_1,
	@Iteration
)

BeforeExecute
-- SqlServer.2014 SqlServer.2012
DECLARE @iteration Int -- Int32
SET     @iteration = 17
DECLARE @Color NVarChar(100) -- String
SET     @Color = N'Grey'

MERGE INTO [Animals] [Target]
USING (
	SELECT
		[_].[Name],
		[_].[Length] as [Length_1]
	FROM
		[AnimalsUpdate] [_]
	WHERE
		[_].[Iteration] = @iteration
) [Source]
(
	[Name], 
	[Length_1]
)
ON ([Target].[Name] = [Source].[Name])

WHEN MATCHED THEN
UPDATE
SET
	[Target].[Color] = @Color,
	[Target].[Length] = [Source].[Length_1]

WHEN NOT MATCHED THEN
INSERT
(
	[Name],
	[Color],
	[Length]
)
VALUES
(
	[Source].[Name],
	@Color,
	[Source].[Length_1]
)
;

BeforeExecute
-- SqlServer.2014 SqlServer.2012
DECLARE @iteration Int -- Int32
SET     @iteration = 37
DECLARE @Color NVarChar(100) -- String
SET     @Color = N'Green'

MERGE INTO [Animals] [Target]
USING (
	SELECT
		[_].[Name],
		[_].[Length] as [Length_1]
	FROM
		[AnimalsUpdate] [_]
	WHERE
		[_].[Iteration] = @iteration
) [Source]
(
	[Name], 
	[Length_1]
)
ON ([Target].[Name] = [Source].[Name])

WHEN MATCHED THEN
UPDATE
SET
	[Target].[Color] = @Color,
	[Target].[Length] = [Source].[Length_1]

WHEN NOT MATCHED THEN
INSERT
(
	[Name],
	[Color],
	[Length]
)
VALUES
(
	[Source].[Name],
	@Color,
	[Source].[Length_1]
)
;

BeforeExecute
-- SqlServer.2014 SqlServer.2012

SELECT
	Count(*)
FROM
	[Animals] [animal]
WHERE
	[animal].[Color] = N'Green'

BeforeExecute
-- SqlServer.2014 SqlServer.2012
DECLARE @Name NVarChar(100) -- String
SET     @Name = N'Elephant'
DECLARE @Length_1 Int -- Int32
SET     @Length_1 = 1872399127
DECLARE @Iteration Int -- Int32
SET     @Iteration = 18

INSERT INTO [AnimalsUpdate]
(
	[Name],
	[Length],
	[Iteration]
)
VALUES
(
	@Name,
	@Length_1,
	@Iteration
)

BeforeExecute
-- SqlServer.2014 SqlServer.2012
DECLARE @Name NVarChar(100) -- String
SET     @Name = N'Cat'
DECLARE @Length_1 Int -- Int32
SET     @Length_1 = 581681002
DECLARE @Iteration Int -- Int32
SET     @Iteration = 18

INSERT INTO [AnimalsUpdate]
(
	[Name],
	[Length],
	[Iteration]
)
VALUES
(
	@Name,
	@Length_1,
	@Iteration
)

BeforeExecute
-- SqlServer.2014 SqlServer.2012
DECLARE @Name NVarChar(100) -- String
SET     @Name = N'Snake'
DECLARE @Length_1 Int -- Int32
SET     @Length_1 = 1010278692
DECLARE @Iteration Int -- Int32
SET     @Iteration = 38

INSERT INTO [AnimalsUpdate]
(
	[Name],
	[Length],
	[Iteration]
)
VALUES
(
	@Name,
	@Length_1,
	@Iteration
)

BeforeExecute
-- SqlServer.2014 SqlServer.2012
DECLARE @Name NVarChar(100) -- String
SET     @Name = N'Lizard'
DECLARE @Length_1 Int -- Int32
SET     @Length_1 = 1960313207
DECLARE @Iteration Int -- Int32
SET     @Iteration = 38

INSERT INTO [AnimalsUpdate]
(
	[Name],
	[Length],
	[Iteration]
)
VALUES
(
	@Name,
	@Length_1,
	@Iteration
)

BeforeExecute
-- SqlServer.2014 SqlServer.2012
DECLARE @iteration Int -- Int32
SET     @iteration = 18
DECLARE @Color NVarChar(100) -- String
SET     @Color = N'Grey'

MERGE INTO [Animals] [Target]
USING (
	SELECT
		[_].[Name],
		[_].[Length] as [Length_1]
	FROM
		[AnimalsUpdate] [_]
	WHERE
		[_].[Iteration] = @iteration
) [Source]
(
	[Name], 
	[Length_1]
)
ON ([Target].[Name] = [Source].[Name])

WHEN MATCHED THEN
UPDATE
SET
	[Target].[Color] = @Color,
	[Target].[Length] = [Source].[Length_1]

WHEN NOT MATCHED THEN
INSERT
(
	[Name],
	[Color],
	[Length]
)
VALUES
(
	[Source].[Name],
	@Color,
	[Source].[Length_1]
)
;

BeforeExecute
-- SqlServer.2014 SqlServer.2012
DECLARE @iteration Int -- Int32
SET     @iteration = 38
DECLARE @Color NVarChar(100) -- String
SET     @Color = N'Green'

MERGE INTO [Animals] [Target]
USING (
	SELECT
		[_].[Name],
		[_].[Length] as [Length_1]
	FROM
		[AnimalsUpdate] [_]
	WHERE
		[_].[Iteration] = @iteration
) [Source]
(
	[Name], 
	[Length_1]
)
ON ([Target].[Name] = [Source].[Name])

WHEN MATCHED THEN
UPDATE
SET
	[Target].[Color] = @Color,
	[Target].[Length] = [Source].[Length_1]

WHEN NOT MATCHED THEN
INSERT
(
	[Name],
	[Color],
	[Length]
)
VALUES
(
	[Source].[Name],
	@Color,
	[Source].[Length_1]
)
;

BeforeExecute
-- SqlServer.2014 SqlServer.2012

SELECT
	Count(*)
FROM
	[Animals] [animal]
WHERE
	[animal].[Color] = N'Green'

BeforeExecute
-- SqlServer.2014 SqlServer.2012
DECLARE @Name NVarChar(100) -- String
SET     @Name = N'Elephant'
DECLARE @Length_1 Int -- Int32
SET     @Length_1 = 838887210
DECLARE @Iteration Int -- Int32
SET     @Iteration = 19

INSERT INTO [AnimalsUpdate]
(
	[Name],
	[Length],
	[Iteration]
)
VALUES
(
	@Name,
	@Length_1,
	@Iteration
)

BeforeExecute
-- SqlServer.2014 SqlServer.2012
DECLARE @Name NVarChar(100) -- String
SET     @Name = N'Cat'
DECLARE @Length_1 Int -- Int32
SET     @Length_1 = 2058854178
DECLARE @Iteration Int -- Int32
SET     @Iteration = 19

INSERT INTO [AnimalsUpdate]
(
	[Name],
	[Length],
	[Iteration]
)
VALUES
(
	@Name,
	@Length_1,
	@Iteration
)

BeforeExecute
-- SqlServer.2014 SqlServer.2012
DECLARE @Name NVarChar(100) -- String
SET     @Name = N'Snake'
DECLARE @Length_1 Int -- Int32
SET     @Length_1 = 724656705
DECLARE @Iteration Int -- Int32
SET     @Iteration = 39

INSERT INTO [AnimalsUpdate]
(
	[Name],
	[Length],
	[Iteration]
)
VALUES
(
	@Name,
	@Length_1,
	@Iteration
)

BeforeExecute
-- SqlServer.2014 SqlServer.2012
DECLARE @Name NVarChar(100) -- String
SET     @Name = N'Lizard'
DECLARE @Length_1 Int -- Int32
SET     @Length_1 = 1007352898
DECLARE @Iteration Int -- Int32
SET     @Iteration = 39

INSERT INTO [AnimalsUpdate]
(
	[Name],
	[Length],
	[Iteration]
)
VALUES
(
	@Name,
	@Length_1,
	@Iteration
)

BeforeExecute
-- SqlServer.2014 SqlServer.2012
DECLARE @iteration Int -- Int32
SET     @iteration = 19
DECLARE @Color NVarChar(100) -- String
SET     @Color = N'Grey'

MERGE INTO [Animals] [Target]
USING (
	SELECT
		[_].[Name],
		[_].[Length] as [Length_1]
	FROM
		[AnimalsUpdate] [_]
	WHERE
		[_].[Iteration] = @iteration
) [Source]
(
	[Name], 
	[Length_1]
)
ON ([Target].[Name] = [Source].[Name])

WHEN MATCHED THEN
UPDATE
SET
	[Target].[Color] = @Color,
	[Target].[Length] = [Source].[Length_1]

WHEN NOT MATCHED THEN
INSERT
(
	[Name],
	[Color],
	[Length]
)
VALUES
(
	[Source].[Name],
	@Color,
	[Source].[Length_1]
)
;

BeforeExecute
-- SqlServer.2014 SqlServer.2012
DECLARE @iteration Int -- Int32
SET     @iteration = 39
DECLARE @Color NVarChar(100) -- String
SET     @Color = N'Green'

MERGE INTO [Animals] [Target]
USING (
	SELECT
		[_].[Name],
		[_].[Length] as [Length_1]
	FROM
		[AnimalsUpdate] [_]
	WHERE
		[_].[Iteration] = @iteration
) [Source]
(
	[Name], 
	[Length_1]
)
ON ([Target].[Name] = [Source].[Name])

WHEN MATCHED THEN
UPDATE
SET
	[Target].[Color] = @Color,
	[Target].[Length] = [Source].[Length_1]

WHEN NOT MATCHED THEN
INSERT
(
	[Name],
	[Color],
	[Length]
)
VALUES
(
	[Source].[Name],
	@Color,
	[Source].[Length_1]
)
;

BeforeExecute
-- SqlServer.2014 SqlServer.2012

SELECT
	Count(*)
FROM
	[Animals] [animal]
WHERE
	[animal].[Color] = N'Green'

BeforeExecute
-- SqlServer.2014 SqlServer.2012

DROP TABLE [AnimalsUpdate]

BeforeExecute
-- SqlServer.2014 SqlServer.2012

DROP TABLE [Animals]

