BeforeExecute
-- MySqlConnector MySql

CREATE TABLE `OrderByDistinctData`
(
	`DuplicateData` VARCHAR(255)     NULL,
	`Id`            INT          NOT NULL,
	`OrderData1`    INT          NOT NULL,
	`OrderData2`    INT          NOT NULL,

	CONSTRAINT `PK_OrderByDistinctData` PRIMARY KEY CLUSTERED (`Id`)
)

BeforeExecute
-- MySqlConnector MySql

INSERT INTO `OrderByDistinctData`
(
	`DuplicateData`,
	`Id`,
	`OrderData1`,
	`OrderData2`
)
VALUES
('One',1,1,1),
('One',2,1,10),
('One',3,2,2),
('One',4,3,3),
('One',5,4,4),
('One',6,5,5),
('Two',10,1,1),
('Two',20,1,10),
('Two',30,2,2),
('Two',40,3,3),
('Two',50,4,4),
('Two',60,5,5),
('Three',100,1,1),
('Three',200,1,10),
('Three',300,2,2),
('Three',400,3,3),
('Three',500,4,4),
('Three',600,5,5)

BeforeExecute
-- MySqlConnector MySql

SELECT DISTINCT
	`x_3`.`Id`,
	`x_3`.`Id`
FROM
	(
		SELECT
			`t1`.`DuplicateData`,
			`t1`.`Id`,
			`t1`.`OrderData1`,
			`t1`.`OrderData2`
		FROM
			(
				SELECT
					`x`.`DuplicateData`,
					`x`.`Id`,
					`x`.`OrderData1`,
					`x`.`OrderData2`
				FROM
					`OrderByDistinctData` `x`
				WHERE
					`x`.`Id` BETWEEN 1 AND 9
				UNION ALL
				SELECT
					`x_1`.`DuplicateData`,
					`x_1`.`Id`,
					`x_1`.`OrderData1`,
					`x_1`.`OrderData2`
				FROM
					`OrderByDistinctData` `x_1`
				WHERE
					`x_1`.`Id` BETWEEN 10 AND 90
			) `t1`
		UNION
		SELECT
			`x_2`.`DuplicateData`,
			`x_2`.`Id`,
			`x_2`.`OrderData1`,
			`x_2`.`OrderData2`
		FROM
			`OrderByDistinctData` `x_2`
		WHERE
			`x_2`.`Id` BETWEEN 100 AND 900
	) `x_3`
ORDER BY
	`x_3`.`DuplicateData`

BeforeExecute
-- MySqlConnector MySql

DROP TABLE `OrderByDistinctData`

