BeforeExecute
-- DB2 DB2.LUW DB2LUW
DECLARE @DateTimeValue_1 Timestamp(20) -- DateTime
SET     @DateTimeValue_1 = '2009-09-27-00.00.00.000000'

SELECT
	"_"."BinaryValue",
	"_"."BoolValue",
	"_"."DateTimeValue",
	"_"."GuidValue",
	"_".ID,
	"_"."MoneyValue",
	"_"."SmallIntValue",
	"_"."StringValue"
FROM
	"LinqDataTypes" "_"
WHERE
	"_"."DateTimeValue" = @DateTimeValue_1

