BeforeExecute
-- SqlServer.2012

CREATE TABLE [Issue1977Table]
(
	[firstField]  UniqueIdentifier NOT NULL,
	[secondField] UniqueIdentifier NOT NULL
)

BeforeExecute
-- SqlServer.2012

INSERT INTO [Issue1977Table]
(
	[firstField],
	[secondField]
)
VALUES
('b8ea5a31-21db-46c8-95ef-b52c60eeb82c','106b450c-0aef-453f-be12-21cfebca1747')

BeforeExecute
-- SqlServer.2012

SELECT
	CASE WHEN (N'Issue1977Table/' + Convert(VarChar(36), [f].[firstField]) + N'/' + Convert(VarChar(36), [f].[secondField]) IS NOT NULL AND N'Issue1977Table/' + Convert(VarChar(36), [f].[firstField]) + N'/' + Convert(VarChar(36), [f].[secondField]) = SUBSTRING(((ISNULL((N'/' + N'Issue1977Table'), '') + ISNULL((N'/' + Convert(NVarChar(36), [f].[firstField])), '')) + ISNULL((N'/' + Convert(NVarChar(36), [f].[secondField])), '')), LEN(CONVERT(NVARCHAR(MAX), N'/') + N'!'), 8000)) THEN 1 ELSE 0 END
FROM
	[Issue1977Table] [f]

BeforeExecute
-- SqlServer.2012

DROP TABLE [Issue1977Table]

