BeforeExecute
-- SqlServer.2017

CREATE TABLE [Transactions]
(
	[TransactionId]   Int            NOT NULL,
	[TransactionDate] DateTimeOffset NOT NULL,

	CONSTRAINT [PK_Transactions] PRIMARY KEY CLUSTERED ([TransactionId])
)

BeforeExecute
-- SqlServer.2017
DECLARE @TransactionId Int -- Int32
SET     @TransactionId = 1
DECLARE @TransactionDate DateTimeOffset
SET     @TransactionDate = '2020-09-21 11:09:33.2648104 +00:00'

INSERT INTO [Transactions]
(
	[TransactionId],
	[TransactionDate]
)
VALUES
(
	@TransactionId,
	@TransactionDate
)

BeforeExecute
-- SqlServer.2017
DECLARE @TransactionId Int -- Int32
SET     @TransactionId = 2
DECLARE @TransactionDate DateTimeOffset
SET     @TransactionDate = '2020-09-21 11:09:33.2648104 +00:00'

INSERT INTO [Transactions]
(
	[TransactionId],
	[TransactionDate]
)
VALUES
(
	@TransactionId,
	@TransactionDate
)

BeforeExecute
-- SqlServer.2017
DECLARE @TransactionId Int -- Int32
SET     @TransactionId = 3
DECLARE @TransactionDate DateTimeOffset
SET     @TransactionDate = '2021-09-21 11:09:33.2648104 +00:00'

INSERT INTO [Transactions]
(
	[TransactionId],
	[TransactionDate]
)
VALUES
(
	@TransactionId,
	@TransactionDate
)

BeforeExecute
-- SqlServer.2017
DECLARE @TransactionId Int -- Int32
SET     @TransactionId = 4
DECLARE @TransactionDate DateTimeOffset
SET     @TransactionDate = '2019-09-21 11:09:33.2648104 +00:00'

INSERT INTO [Transactions]
(
	[TransactionId],
	[TransactionDate]
)
VALUES
(
	@TransactionId,
	@TransactionDate
)

BeforeExecute
-- SqlServer.2017
DECLARE @TransactionId Int -- Int32
SET     @TransactionId = 5
DECLARE @TransactionDate DateTimeOffset
SET     @TransactionDate = '2020-10-21 11:09:33.2648104 +00:00'

INSERT INTO [Transactions]
(
	[TransactionId],
	[TransactionDate]
)
VALUES
(
	@TransactionId,
	@TransactionDate
)

BeforeExecute
-- SqlServer.2017
DECLARE @TransactionId Int -- Int32
SET     @TransactionId = 6
DECLARE @TransactionDate DateTimeOffset
SET     @TransactionDate = '2020-08-21 11:09:33.2648104 +00:00'

INSERT INTO [Transactions]
(
	[TransactionId],
	[TransactionDate]
)
VALUES
(
	@TransactionId,
	@TransactionDate
)

BeforeExecute
-- SqlServer.2017
DECLARE @TransactionId Int -- Int32
SET     @TransactionId = 7
DECLARE @TransactionDate DateTimeOffset
SET     @TransactionDate = '2020-09-22 11:09:33.2648104 +00:00'

INSERT INTO [Transactions]
(
	[TransactionId],
	[TransactionDate]
)
VALUES
(
	@TransactionId,
	@TransactionDate
)

BeforeExecute
-- SqlServer.2017
DECLARE @TransactionId Int -- Int32
SET     @TransactionId = 8
DECLARE @TransactionDate DateTimeOffset
SET     @TransactionDate = '2020-09-20 11:09:33.2648104 +00:00'

INSERT INTO [Transactions]
(
	[TransactionId],
	[TransactionDate]
)
VALUES
(
	@TransactionId,
	@TransactionDate
)

BeforeExecute
-- SqlServer.2017
DECLARE @TransactionId Int -- Int32
SET     @TransactionId = 9
DECLARE @TransactionDate DateTimeOffset
SET     @TransactionDate = '2020-09-21 12:09:33.2648104 +00:00'

INSERT INTO [Transactions]
(
	[TransactionId],
	[TransactionDate]
)
VALUES
(
	@TransactionId,
	@TransactionDate
)

BeforeExecute
-- SqlServer.2017
DECLARE @TransactionId Int -- Int32
SET     @TransactionId = 10
DECLARE @TransactionDate DateTimeOffset
SET     @TransactionDate = '2020-09-21 10:09:33.2648104 +00:00'

INSERT INTO [Transactions]
(
	[TransactionId],
	[TransactionDate]
)
VALUES
(
	@TransactionId,
	@TransactionDate
)

BeforeExecute
-- SqlServer.2017
DECLARE @TransactionId Int -- Int32
SET     @TransactionId = 11
DECLARE @TransactionDate DateTimeOffset
SET     @TransactionDate = '2020-09-21 11:10:33.2648104 +00:00'

INSERT INTO [Transactions]
(
	[TransactionId],
	[TransactionDate]
)
VALUES
(
	@TransactionId,
	@TransactionDate
)

BeforeExecute
-- SqlServer.2017
DECLARE @TransactionId Int -- Int32
SET     @TransactionId = 12
DECLARE @TransactionDate DateTimeOffset
SET     @TransactionDate = '2020-09-21 11:08:33.2648104 +00:00'

INSERT INTO [Transactions]
(
	[TransactionId],
	[TransactionDate]
)
VALUES
(
	@TransactionId,
	@TransactionDate
)

BeforeExecute
-- SqlServer.2017
DECLARE @TransactionId Int -- Int32
SET     @TransactionId = 13
DECLARE @TransactionDate DateTimeOffset
SET     @TransactionDate = '2020-09-21 11:09:34.2648104 +00:00'

INSERT INTO [Transactions]
(
	[TransactionId],
	[TransactionDate]
)
VALUES
(
	@TransactionId,
	@TransactionDate
)

BeforeExecute
-- SqlServer.2017
DECLARE @TransactionId Int -- Int32
SET     @TransactionId = 14
DECLARE @TransactionDate DateTimeOffset
SET     @TransactionDate = '2020-09-21 11:09:32.2648104 +00:00'

INSERT INTO [Transactions]
(
	[TransactionId],
	[TransactionDate]
)
VALUES
(
	@TransactionId,
	@TransactionDate
)

BeforeExecute
-- SqlServer.2017
DECLARE @TransactionId Int -- Int32
SET     @TransactionId = 15
DECLARE @TransactionDate DateTimeOffset
SET     @TransactionDate = '2020-09-21 11:09:33.2658104 +00:00'

INSERT INTO [Transactions]
(
	[TransactionId],
	[TransactionDate]
)
VALUES
(
	@TransactionId,
	@TransactionDate
)

BeforeExecute
-- SqlServer.2017
DECLARE @TransactionId Int -- Int32
SET     @TransactionId = 16
DECLARE @TransactionDate DateTimeOffset
SET     @TransactionDate = '2020-09-21 11:09:33.2638104 +00:00'

INSERT INTO [Transactions]
(
	[TransactionId],
	[TransactionDate]
)
VALUES
(
	@TransactionId,
	@TransactionDate
)

BeforeExecute
-- SqlServer.2017
DECLARE @TransactionId Int -- Int32
SET     @TransactionId = 17
DECLARE @TransactionDate DateTimeOffset
SET     @TransactionDate = '2020-09-21 11:09:33.2648105 +00:00'

INSERT INTO [Transactions]
(
	[TransactionId],
	[TransactionDate]
)
VALUES
(
	@TransactionId,
	@TransactionDate
)

BeforeExecute
-- SqlServer.2017
DECLARE @TransactionId Int -- Int32
SET     @TransactionId = 18
DECLARE @TransactionDate DateTimeOffset
SET     @TransactionDate = '2020-09-21 11:09:33.2648103 +00:00'

INSERT INTO [Transactions]
(
	[TransactionId],
	[TransactionDate]
)
VALUES
(
	@TransactionId,
	@TransactionDate
)

BeforeExecute
-- SqlServer.2017
DECLARE @TransactionId Int -- Int32
SET     @TransactionId = 19
DECLARE @TransactionDate DateTimeOffset
SET     @TransactionDate = '2020-09-21 16:54:33.2648104 +05:45'

INSERT INTO [Transactions]
(
	[TransactionId],
	[TransactionDate]
)
VALUES
(
	@TransactionId,
	@TransactionDate
)

BeforeExecute
-- SqlServer.2017
DECLARE @TransactionId Int -- Int32
SET     @TransactionId = 20
DECLARE @TransactionDate DateTimeOffset
SET     @TransactionDate = '2000-01-01 01:01:01.0000000 +00:00'

INSERT INTO [Transactions]
(
	[TransactionId],
	[TransactionDate]
)
VALUES
(
	@TransactionId,
	@TransactionDate
)

BeforeExecute
-- SqlServer.2017
DECLARE @TransactionId Int -- Int32
SET     @TransactionId = 21
DECLARE @TransactionDate DateTimeOffset
SET     @TransactionDate = '2000-01-01 01:01:01.0000000 +10:00'

INSERT INTO [Transactions]
(
	[TransactionId],
	[TransactionDate]
)
VALUES
(
	@TransactionId,
	@TransactionDate
)

BeforeExecute
-- SqlServer.2017
DECLARE @TransactionId Int -- Int32
SET     @TransactionId = 22
DECLARE @TransactionDate DateTimeOffset
SET     @TransactionDate = '2000-01-01 01:01:01.0000000 -10:00'

INSERT INTO [Transactions]
(
	[TransactionId],
	[TransactionDate]
)
VALUES
(
	@TransactionId,
	@TransactionDate
)

BeforeExecute
-- SqlServer.2017
DECLARE @TransactionId Int -- Int32
SET     @TransactionId = 23
DECLARE @TransactionDate DateTimeOffset
SET     @TransactionDate = '2000-01-01 01:01:01.0000000 +00:10'

INSERT INTO [Transactions]
(
	[TransactionId],
	[TransactionDate]
)
VALUES
(
	@TransactionId,
	@TransactionDate
)

BeforeExecute
-- SqlServer.2017
DECLARE @TransactionId Int -- Int32
SET     @TransactionId = 24
DECLARE @TransactionDate DateTimeOffset
SET     @TransactionDate = '2000-01-01 01:01:01.0000000 -00:10'

INSERT INTO [Transactions]
(
	[TransactionId],
	[TransactionDate]
)
VALUES
(
	@TransactionId,
	@TransactionDate
)

BeforeExecute
-- SqlServer.2017
DECLARE @TransactionId Int -- Int32
SET     @TransactionId = 25
DECLARE @TransactionDate DateTimeOffset
SET     @TransactionDate = '2000-01-01 01:16:01.0000000 +00:15'

INSERT INTO [Transactions]
(
	[TransactionId],
	[TransactionDate]
)
VALUES
(
	@TransactionId,
	@TransactionDate
)

BeforeExecute
-- SqlServer.2017
DECLARE @TransactionId Int -- Int32
SET     @TransactionId = 26
DECLARE @TransactionDate DateTimeOffset
SET     @TransactionDate = '2000-01-01 01:16:01.0000000 -00:15'

INSERT INTO [Transactions]
(
	[TransactionId],
	[TransactionDate]
)
VALUES
(
	@TransactionId,
	@TransactionDate
)

BeforeExecute
-- SqlServer.2017
DECLARE @p1 Int -- Int32
SET     @p1 = 226

SELECT
	DateAdd(millisecond, @p1, [t].[TransactionDate])
FROM
	[Transactions] [t]

BeforeExecute
-- SqlServer.2017

DROP TABLE [Transactions]

